Component: ARM Compiler 5.06 update 7 (build 960) Tool: armlink [4d3601]

==============================================================================

Section Cross References

    rtc.o(i.RTC_IRQHandler) refers to rt_cmsis.o(i.osSignalSet) for osSignalSet
    rtc.o(i.RTC_IRQHandler) refers to rtc.o(.data) for id_alarma
    rtc.o(i.alarma) refers to rt_cmsis.o(i.osSignalWait) for osSignalWait
    rtc.o(i.alarma) refers to gpio_lpc17xx.o(i.GPIO_PinWrite) for GPIO_PinWrite
    rtc.o(i.alarma) refers to rt_cmsis.o(i.osDelay) for osDelay
    rtc.o(i.alarma) refers to rt_cmsis.o(i.osSignalClear) for osSignalClear
    rtc.o(i.alarma) refers to rtc.o(.data) for ii
    rtc.o(i.init_RTC) refers to rt_cmsis.o(i.osThreadCreate) for osThreadCreate
    rtc.o(i.init_RTC) refers to gpio_lpc17xx.o(i.GPIO_SetDir) for GPIO_SetDir
    rtc.o(i.init_RTC) refers to rtc.o(.constdata) for os_thread_def_pantalla
    rtc.o(i.init_RTC) refers to rtc.o(.data) for id_alarma
    rtc.o(i.pantalla) refers to rtc.o(i.get_time) for get_time
    rtc.o(i.pantalla) refers to lcd.o(i.pintarHoraPrimeraLinea) for pintarHoraPrimeraLinea
    rtc.o(i.pantalla) refers to rtc.o(i.get_date) for get_date
    rtc.o(i.pantalla) refers to lcd.o(i.pintarFechaLinea) for pintarFechaLinea
    rtc.o(i.pantalla) refers to rt_cmsis.o(i.osDelay) for osDelay
    rtc.o(i.pantalla) refers to rtc.o(.data) for sec_ver
    rtc.o(.constdata) refers to rtc.o(i.pantalla) for pantalla
    rtc.o(.constdata) refers to rtc.o(i.alarma) for alarma
    main.o(i.main) refers to rt_cmsis.o(i.osKernelInitialize) for osKernelInitialize
    main.o(i.main) refers to rtc.o(i.init_RTC) for init_RTC
    main.o(i.main) refers to lcd.o(i.init) for init
    main.o(i.main) refers to rtc.o(i.habilitar_deshabilitar_RTC) for habilitar_deshabilitar_RTC
    main.o(i.main) refers to rtc.o(i.interrupciones_RTC_deshabilitar) for interrupciones_RTC_deshabilitar
    main.o(i.main) refers to rtc.o(i.generar_alarma_RTC) for generar_alarma_RTC
    main.o(i.main) refers to rtc.o(i.set_alarma) for set_alarma
    main.o(i.main) refers to rt_cmsis.o(i.osKernelStart) for osKernelStart
    lcd.o(i.EscribeDecimal) refers to _printf_percent.o(.ARM.Collect$$_printf_percent$$00000000) for _printf_percent
    lcd.o(i.EscribeDecimal) refers to _printf_f.o(.ARM.Collect$$_printf_percent$$00000003) for _printf_f
    lcd.o(i.EscribeDecimal) refers to printf1.o(x$fpl$printf1) for _printf_fp_dec
    lcd.o(i.EscribeDecimal) refers to f2d.o(x$fpl$f2d) for __aeabi_f2d
    lcd.o(i.EscribeDecimal) refers to noretval__2sprintf.o(.text) for __2sprintf
    lcd.o(i.EscribeDecimal) refers to lcd.o(i.EscribeFrase2) for EscribeFrase2
    lcd.o(i.EscribeEntero) refers to _printf_percent.o(.ARM.Collect$$_printf_percent$$00000000) for _printf_percent
    lcd.o(i.EscribeEntero) refers to _printf_d.o(.ARM.Collect$$_printf_percent$$00000009) for _printf_d
    lcd.o(i.EscribeEntero) refers to _printf_dec.o(.text) for _printf_int_dec
    lcd.o(i.EscribeEntero) refers to noretval__2sprintf.o(.text) for __2sprintf
    lcd.o(i.EscribeEntero) refers to lcd.o(i.EscribeFrase) for EscribeFrase
    lcd.o(i.EscribeFrase) refers to lcd.o(i.EscribeLetra) for EscribeLetra
    lcd.o(i.EscribeFrase) refers to strlen.o(.text) for strlen
    lcd.o(i.EscribeFrase) refers to lcd.o(i.copy_to_lcd) for copy_to_lcd
    lcd.o(i.EscribeFrase) refers to lcd.o(.data) for posicion
    lcd.o(i.EscribeFrase) refers to lcd.o(.bss) for buffer
    lcd.o(i.EscribeFrase2) refers to lcd.o(i.EscribeLetra) for EscribeLetra
    lcd.o(i.EscribeFrase2) refers to strlen.o(.text) for strlen
    lcd.o(i.EscribeFrase2) refers to lcd.o(i.copy_to_lcd) for copy_to_lcd
    lcd.o(i.EscribeFrase2) refers to lcd.o(.data) for posicion
    lcd.o(i.EscribeFrase2) refers to lcd.o(.bss) for buffer
    lcd.o(i.EscribeLetra) refers to lcd.o(.constdata) for Arial12x12
    lcd.o(i.EscribeLetra) refers to lcd.o(.data) for posicion
    lcd.o(i.EscribeLetra) refers to lcd.o(.bss) for buffer
    lcd.o(i.LCD_reset) refers to lcd.o(i.wr_cmd) for wr_cmd
    lcd.o(i.copy_to_lcd) refers to lcd.o(i.wr_cmd) for wr_cmd
    lcd.o(i.copy_to_lcd) refers to lcd.o(i.wr_data) for wr_data
    lcd.o(i.copy_to_lcd) refers to lcd.o(.bss) for buffer
    lcd.o(i.init) refers to gpio_lpc17xx.o(i.GPIO_SetDir) for GPIO_SetDir
    lcd.o(i.init) refers to gpio_lpc17xx.o(i.GPIO_PinWrite) for GPIO_PinWrite
    lcd.o(i.init) refers to lcd.o(i.resetDisplay) for resetDisplay
    lcd.o(i.init) refers to lcd.o(i.LCD_reset) for LCD_reset
    lcd.o(i.init) refers to lcd.o(.data) for SPIdrv
    lcd.o(i.pintarFechaLinea) refers to _printf_percent.o(.ARM.Collect$$_printf_percent$$00000000) for _printf_percent
    lcd.o(i.pintarFechaLinea) refers to _printf_d.o(.ARM.Collect$$_printf_percent$$00000009) for _printf_d
    lcd.o(i.pintarFechaLinea) refers to _printf_dec.o(.text) for _printf_int_dec
    lcd.o(i.pintarFechaLinea) refers to lcd.o(i.refrescoPantalla) for refrescoPantalla
[...]
    SSP1_PowerControl                        0x00000e69   Thumb Code    14  ssp_lpc17xx.o(i.SSP1_PowerControl)
    i.SSP1_Receive                           0x00000e7c   Section        0  ssp_lpc17xx.o(i.SSP1_Receive)
    SSP1_Receive                             0x00000e7d   Thumb Code    18  ssp_lpc17xx.o(i.SSP1_Receive)
    i.SSP1_Send                              0x00000e94   Section        0  ssp_lpc17xx.o(i.SSP1_Send)
    SSP1_Send                                0x00000e95   Thumb Code    18  ssp_lpc17xx.o(i.SSP1_Send)
    i.SSP1_Transfer                          0x00000eac   Section        0  ssp_lpc17xx.o(i.SSP1_Transfer)
    SSP1_Transfer                            0x00000ead   Thumb Code    22  ssp_lpc17xx.o(i.SSP1_Transfer)
    i.SSP1_Uninitialize                      0x00000ec8   Section        0  ssp_lpc17xx.o(i.SSP1_Uninitialize)
    SSP1_Uninitialize                        0x00000ec9   Thumb Code    10  ssp_lpc17xx.o(i.SSP1_Uninitialize)
    i.SSP_GetCapabilities                    0x00000ed8   Section        0  ssp_lpc17xx.o(i.SSP_GetCapabilities)
    SSP_GetCapabilities                      0x00000ed9   Thumb Code     6  ssp_lpc17xx.o(i.SSP_GetCapabilities)
    i.SSP_GetVersion                         0x00000ee4   Section        0  ssp_lpc17xx.o(i.SSP_GetVersion)
    SSP_GetVersion                           0x00000ee5   Thumb Code    10  ssp_lpc17xx.o(i.SSP_GetVersion)
    i.SSPx_Control                           0x00000ef4   Section        0  ssp_lpc17xx.o(i.SSPx_Control)
    SSPx_Control                             0x00000ef5   Thumb Code  1310  ssp_lpc17xx.o(i.SSPx_Control)
    i.SSPx_GPDMA_Rx_SignalEvent              0x00001412   Section        0  ssp_lpc17xx.o(i.SSPx_GPDMA_Rx_SignalEvent)
    i.SSPx_GPDMA_Tx_SignalEvent              0x00001448   Section        0  ssp_lpc17xx.o(i.SSPx_GPDMA_Tx_SignalEvent)
    i.SSPx_GetDataCount                      0x00001464   Section        0  ssp_lpc17xx.o(i.SSPx_GetDataCount)
    SSPx_GetDataCount                        0x00001465   Thumb Code    44  ssp_lpc17xx.o(i.SSPx_GetDataCount)
    i.SSPx_GetStatus                         0x00001490   Section        0  ssp_lpc17xx.o(i.SSPx_GetStatus)
    SSPx_GetStatus                           0x00001491   Thumb Code    44  ssp_lpc17xx.o(i.SSPx_GetStatus)
    i.SSPx_IRQHandler                        0x000014bc   Section        0  ssp_lpc17xx.o(i.SSPx_IRQHandler)
    SSPx_IRQHandler                          0x000014bd   Thumb Code   260  ssp_lpc17xx.o(i.SSPx_IRQHandler)
    i.SSPx_Initialize                        0x000015c0   Section        0  ssp_lpc17xx.o(i.SSPx_Initialize)
    SSPx_Initialize                          0x000015c1   Thumb Code   168  ssp_lpc17xx.o(i.SSPx_Initialize)
    i.SSPx_PowerControl                      0x00001668   Section        0  ssp_lpc17xx.o(i.SSPx_PowerControl)
    SSPx_PowerControl                        0x00001669   Thumb Code   416  ssp_lpc17xx.o(i.SSPx_PowerControl)
    i.SSPx_Receive                           0x0000180c   Section        0  ssp_lpc17xx.o(i.SSPx_Receive)
    SSPx_Receive                             0x0000180d   Thumb Code   344  ssp_lpc17xx.o(i.SSPx_Receive)
    i.SSPx_Send                              0x00001968   Section        0  ssp_lpc17xx.o(i.SSPx_Send)
    SSPx_Send                                0x00001969   Thumb Code   336  ssp_lpc17xx.o(i.SSPx_Send)
    i.SSPx_Transfer                          0x00001abc   Section        0  ssp_lpc17xx.o(i.SSPx_Transfer)
    SSPx_Transfer                            0x00001abd   Thumb Code   338  ssp_lpc17xx.o(i.SSPx_Transfer)
    i.SSPx_Uninitialize                      0x00001c0e   Section        0  ssp_lpc17xx.o(i.SSPx_Uninitialize)
    SSPx_Uninitialize                        0x00001c0f   Thumb Code   112  ssp_lpc17xx.o(i.SSPx_Uninitialize)
    i.Set_Channel_active_flag                0x00001c80   Section        0  gpdma_lpc17xx.o(i.Set_Channel_active_flag)
    Set_Channel_active_flag                  0x00001c81   Thumb Code    50  gpdma_lpc17xx.o(i.Set_Channel_active_flag)
    i.SystemInit                             0x00001cb8   Section        0  system_lpc17xx.o(i.SystemInit)
    i.__NVIC_ClearPendingIRQ                 0x00001df8   Section        0  ssp_lpc17xx.o(i.__NVIC_ClearPendingIRQ)
    __NVIC_ClearPendingIRQ                   0x00001df9   Thumb Code    22  ssp_lpc17xx.o(i.__NVIC_ClearPendingIRQ)
    i.__NVIC_ClearPendingIRQ                 0x00001e14   Section        0  gpdma_lpc17xx.o(i.__NVIC_ClearPendingIRQ)
    __NVIC_ClearPendingIRQ                   0x00001e15   Thumb Code    22  gpdma_lpc17xx.o(i.__NVIC_ClearPendingIRQ)
    i._init_box                              0x00001e30   Section        0  rt_membox.o(i._init_box)
    i._mutex_acquire                         0x00001e78   Section        0  rtx_conf_cm.o(i._mutex_acquire)
    __tagsym$$used                           0x00001e79   Number         0  rtx_conf_cm.o(i._mutex_acquire)
    i._mutex_release                         0x00001e98   Section        0  rtx_conf_cm.o(i._mutex_release)
    __tagsym$$used                           0x00001e99   Number         0  rtx_conf_cm.o(i._mutex_release)
    i.alarma                                 0x00001eb4   Section        0  rtc.o(i.alarma)
    i.copy_to_lcd                            0x00001f24   Section        0  lcd.o(i.copy_to_lcd)
    i.dbg_init                               0x00001f58   Section        0  hal_cm.o(i.dbg_init)
    i.dbg_task_notify                        0x00001f88   Section        0  hal_cm.o(i.dbg_task_notify)
    i.dbg_task_switch                        0x00001fa8   Section        0  hal_cm.o(i.dbg_task_switch)
    i.generar_alarma_RTC                     0x00001fb8   Section        0  rtc.o(i.generar_alarma_RTC)
    i.get_date                               0x00001fd4   Section        0  rtc.o(i.get_date)
    i.get_time                               0x00001ff0   Section        0  rtc.o(i.get_time)
    i.habilitar_deshabilitar_RTC             0x00002010   Section        0  rtc.o(i.habilitar_deshabilitar_RTC)
    i.init                                   0x00002034   Section        0  lcd.o(i.init)
    i.init_RTC                               0x000020a8   Section        0  rtc.o(i.init_RTC)
    i.interrupciones_RTC_deshabilitar        0x0000213c   Section        0  rtc.o(i.interrupciones_RTC_deshabilitar)
    i.isrMessageGet                          0x0000215c   Section        0  rt_cmsis.o(i.isrMessageGet)
    i.isrMessagePut                          0x00002186   Section        0  rt_cmsis.o(i.isrMessagePut)
    i.isrSignalSet                           0x000021b2   Section        0  rt_cmsis.o(i.isrSignalSet)
    i.isr_evt_set                            0x000021d8   Section        0  rt_event.o(i.isr_evt_set)
    i.isr_mbx_receive                        0x00002200   Section        0  rt_mailbox.o(i.isr_mbx_receive)
    i.isr_mbx_send                           0x00002256   Section        0  rt_mailbox.o(i.isr_mbx_send)
    i.main                                   0x00002264   Section        0  main.o(i.main)
    i.osDelay                                0x00002290   Section        0  rt_cmsis.o(i.osDelay)
    i.osKernelInitialize                     0x000022a8   Section        0  rt_cmsis.o(i.osKernelInitialize)
    i.osKernelStart                          0x000022cc   Section        0  rt_cmsis.o(i.osKernelStart)
    i.osMessageGet                           0x00002338   Section        0  rt_cmsis.o(i.osMessageGet)
    i.osSignalClear                          0x00002350   Section        0  rt_cmsis.o(i.osSignalClear)
    i.osSignalSet                            0x00002368   Section        0  rt_cmsis.o(i.osSignalSet)
    i.osSignalWait                           0x00002380   Section        0  rt_cmsis.o(i.osSignalWait)
    i.osThreadCreate                         0x00002398   Section        0  rt_cmsis.o(i.osThreadCreate)
    i.osThreadExit                           0x000023c4   Section        0  rt_cmsis.o(i.osThreadExit)
    i.osTimerCall                            0x000023dc   Section        0  rt_cmsis.o(i.osTimerCall)
    i.osTimerThread                          0x000023e8   Section        0  rt_cmsis.o(i.osTimerThread)
    i.os_error                               0x00002414   Section        0  rtx_conf_cm.o(i.os_error)
    i.os_idle_demon                          0x00002436   Section        0  rtx_conf_cm.o(i.os_idle_demon)
    i.os_tick_init                           0x0000243c   Section        0  rt_system.o(i.os_tick_init)
    i.os_tick_irqack                         0x00002464   Section        0  rt_system.o(i.os_tick_irqack)
    i.pantalla                               0x00002468   Section        0  rtc.o(i.pantalla)
    i.pintarFechaLinea                       0x000024c0   Section        0  lcd.o(i.pintarFechaLinea)
    i.pintarHoraPrimeraLinea                 0x00002524   Section        0  lcd.o(i.pintarHoraPrimeraLinea)
    i.refrescoPantalla                       0x00002588   Section        0  lcd.o(i.refrescoPantalla)
    i.resetDisplay                           0x000025dc   Section        0  lcd.o(i.resetDisplay)
    i.retardoMicro                           0x000025fc   Section        0  lcd.o(i.retardoMicro)
    i.retardoMili                            0x0000261c   Section        0  lcd.o(i.retardoMili)
    i.rt_alloc_box                           0x00002640   Section        0  rt_membox.o(i.rt_alloc_box)
    i.rt_alloc_mem                           0x0000265a   Section        0  rt_memory.o(i.rt_alloc_mem)
    i.rt_block                               0x00002698   Section        0  rt_task.o(i.rt_block)
    i.rt_chk_robin                           0x000026d0   Section        0  rt_robin.o(i.rt_chk_robin)
    i.rt_dec_dly                             0x00002718   Section        0  rt_list.o(i.rt_dec_dly)
    i.rt_dispatch                            0x00002788   Section        0  rt_task.o(i.rt_dispatch)
    i.rt_dly_wait                            0x000027cc   Section        0  rt_time.o(i.rt_dly_wait)
    i.rt_evt_clr                             0x000027d4   Section        0  rt_event.o(i.rt_evt_clr)
    i.rt_evt_psh                             0x000027f0   Section        0  rt_event.o(i.rt_evt_psh)
    i.rt_evt_set                             0x00002840   Section        0  rt_event.o(i.rt_evt_set)
    i.rt_evt_wait                            0x0000289c   Section        0  rt_event.o(i.rt_evt_wait)
    i.rt_free_box                            0x000028d8   Section        0  rt_membox.o(i.rt_free_box)
    i.rt_free_mem                            0x00002904   Section        0  rt_memory.o(i.rt_free_mem)
    i.rt_get_first                           0x0000292c   Section        0  rt_list.o(i.rt_get_first)
    i.rt_id2obj                              0x00002954   Section        0  rt_cmsis.o(i.rt_id2obj)
    rt_id2obj                                0x00002955   Thumb Code     8  rt_cmsis.o(i.rt_id2obj)
    i.rt_init_context                        0x0000295c   Section        0  rt_task.o(i.rt_init_context)
    rt_init_context                          0x0000295d   Thumb Code    66  rt_task.o(i.rt_init_context)
    i.rt_init_mem                            0x000029a4   Section        0  rt_memory.o(i.rt_init_mem)
    i.rt_init_robin                          0x000029c0   Section        0  rt_robin.o(i.rt_init_robin)
    i.rt_init_stack                          0x000029d8   Section        0  hal_cm.o(i.rt_init_stack)
    i.rt_mbx_check                           0x00002a58   Section        0  rt_mailbox.o(i.rt_mbx_check)
    i.rt_mbx_init                            0x00002a60   Section        0  rt_mailbox.o(i.rt_mbx_init)
    i.rt_mbx_psh                             0x00002a7c   Section        0  rt_mailbox.o(i.rt_mbx_psh)
    i.rt_mbx_wait                            0x00002b6c   Section        0  rt_mailbox.o(i.rt_mbx_wait)
    i.rt_ms2tick                             0x00002c20   Section        0  rt_cmsis.o(i.rt_ms2tick)
    rt_ms2tick                               0x00002c21   Thumb Code    58  rt_cmsis.o(i.rt_ms2tick)
    i.rt_mut_release                         0x00002c64   Section        0  rt_mutex.o(i.rt_mut_release)
    i.rt_mut_wait                            0x00002d3c   Section        0  rt_mutex.o(i.rt_mut_wait)
    i.rt_pop_req                             0x00002db4   Section        0  rt_system.o(i.rt_pop_req)
    i.rt_psh_req                             0x00002e30   Section        0  rt_system.o(i.rt_psh_req)
    i.rt_psq_enq                             0x00002e50   Section        0  rt_list.o(i.rt_psq_enq)
    i.rt_put_dly                             0x00002eac   Section        0  rt_list.o(i.rt_put_dly)
    i.rt_put_prio                            0x00002ef4   Section        0  rt_list.o(i.rt_put_prio)
    i.rt_put_rdy_first                       0x00002f2c   Section        0  rt_list.o(i.rt_put_rdy_first)
    i.rt_resort_prio                         0x00002f40   Section        0  rt_list.o(i.rt_resort_prio)
    i.rt_ret_val                             0x00002f74   Section        0  hal_cm.o(i.rt_ret_val)
    i.rt_ret_val2                            0x00002f7a   Section        0  hal_cm.o(i.rt_ret_val2)
    i.rt_rmv_dly                             0x00002f82   Section        0  rt_list.o(i.rt_rmv_dly)
    i.rt_rmv_list                            0x00002fac   Section        0  rt_list.o(i.rt_rmv_list)
    i.rt_sem_psh                             0x00002fdc   Section        0  rt_semaphore.o(i.rt_sem_psh)
    i.rt_stk_check                           0x00003010   Section        0  rt_system.o(i.rt_stk_check)
    i.rt_switch_req                          0x00003034   Section        0  rt_task.o(i.rt_switch_req)
    i.rt_sys_init                            0x0000305c   Section        0  rt_task.o(i.rt_sys_init)
    i.rt_sys_start                           0x00003128   Section        0  rt_task.o(i.rt_sys_start)
    i.rt_systick                             0x000031a0   Section        0  rt_system.o(i.rt_systick)
    i.rt_tid2ptcb                            0x000031e0   Section        0  rt_cmsis.o(i.rt_tid2ptcb)
    rt_tid2ptcb                              0x000031e1   Thumb Code    18  rt_cmsis.o(i.rt_tid2ptcb)
    i.rt_timer_insert                        0x000031f4   Section        0  rt_cmsis.o(i.rt_timer_insert)
    rt_timer_insert                          0x000031f5   Thumb Code    48  rt_cmsis.o(i.rt_timer_insert)
    i.rt_tsk_create                          0x00003228   Section        0  rt_task.o(i.rt_tsk_create)
    i.rt_tsk_delete                          0x000032b0   Section        0  rt_task.o(i.rt_tsk_delete)
    i.rt_tsk_prio                            0x0000342c   Section        0  rt_task.o(i.rt_tsk_prio)
    i.rt_tsk_self                            0x000034a8   Section        0  rt_task.o(i.rt_tsk_self)
    i.set_alarma                             0x000034b8   Section        0  rtc.o(i.set_alarma)
    i.svcDelay                               0x00003508   Section        0  rt_cmsis.o(i.svcDelay)
    i.svcKernelInitialize                    0x0000351c   Section        0  rt_cmsis.o(i.svcKernelInitialize)
    i.svcKernelStart                         0x0000358c   Section        0  rt_cmsis.o(i.svcKernelStart)
    i.svcMessageCreate                       0x000035d4   Section        0  rt_cmsis.o(i.svcMessageCreate)
    i.svcMessageGet                          0x000035f8   Section        0  rt_cmsis.o(i.svcMessageGet)
    i.svcSignalClear                         0x00003632   Section        0  rt_cmsis.o(i.svcSignalClear)
    i.svcSignalSet                           0x00003656   Section        0  rt_cmsis.o(i.svcSignalSet)
    i.svcSignalWait                          0x0000367c   Section        0  rt_cmsis.o(i.svcSignalWait)
    i.svcThreadCreate                        0x000036d0   Section        0  rt_cmsis.o(i.svcThreadCreate)
    i.svcThreadGetId                         0x0000373c   Section        0  rt_cmsis.o(i.svcThreadGetId)
    i.svcThreadTerminate                     0x00003758   Section        0  rt_cmsis.o(i.svcThreadTerminate)
    i.svcTimerCall                           0x00003790   Section        0  rt_cmsis.o(i.svcTimerCall)
    i.sysTimerTick                           0x000037a8   Section        0  rt_cmsis.o(i.sysTimerTick)
    i.wr_cmd                                 0x00003804   Section        0  lcd.o(i.wr_cmd)
    i.wr_data                                0x00003838   Section        0  lcd.o(i.wr_data)
    .constdata                               0x0000386c   Section       32  rtc.o(.constdata)
    .constdata                               0x0000388c   Section     2400  lcd.o(.constdata)
    .constdata                               0x000041ec   Section      104  rtx_conf_cm.o(.constdata)
    __tagsym$$used                           0x00004208   Number         0  rtx_conf_cm.o(.constdata)
    __tagsym$$used                           0x0000420c   Number         0  rtx_conf_cm.o(.constdata)
    __tagsym$$used                           0x00004210   Number         0  rtx_conf_cm.o(.constdata)
    __tagsym$$used                           0x00004214   Number         0  rtx_conf_cm.o(.constdata)
    .constdata                               0x00004254   Section      124  ssp_lpc17xx.o(.constdata)
    DriverVersion                            0x00004254   Data           4  ssp_lpc17xx.o(.constdata)
    DriverCapabilities                       0x00004258   Data           4  ssp_lpc17xx.o(.constdata)
    SSP1_Resources                           0x0000425c   Data          72  ssp_lpc17xx.o(.constdata)
    .bss                                     0x10000000   Section    10868  emac_lpc17xx.o(.bss)
    Rx_Desc                                  0x10000000   Data          32  emac_lpc17xx.o(.bss)
    Rx_Stat                                  0x10000020   Data          32  emac_lpc17xx.o(.bss)
    Tx_Desc                                  0x10000040   Data          24  emac_lpc17xx.o(.bss)
    Tx_Stat                                  0x10000058   Data          12  emac_lpc17xx.o(.bss)
    rx_buf                                   0x10000064   Data        6144  emac_lpc17xx.o(.bss)
    tx_buf                                   0x10001864   Data        4608  emac_lpc17xx.o(.bss)
    emac_control                             0x10002a64   Data          16  emac_lpc17xx.o(.bss)
    .data                                    0x2007c000   Section       40  rtc.o(.data)
    .data                                    0x2007c028   Section       20  lcd.o(.data)
    .data                                    0x2007c03c   Section       20  rtx_conf_cm.o(.data)
    nr_mutex                                 0x2007c04c   Data           4  rtx_conf_cm.o(.data)
    .data                                    0x2007c050   Section       16  ssp_lpc17xx.o(.data)
    SSP1_pin_sck                             0x2007c050   Data           2  ssp_lpc17xx.o(.data)
    SSP1_pin_mosi                            0x2007c052   Data           2  ssp_lpc17xx.o(.data)
    SSP1_pin_ssel                            0x2007c054   Data           2  ssp_lpc17xx.o(.data)
    dummy_data                               0x2007c058   Data           4  ssp_lpc17xx.o(.data)
    dummy_data                               0x2007c05c   Data           4  ssp_lpc17xx.o(.data)
    .data                                    0x2007c060   Section        8  gpdma_lpc17xx.o(.data)
    Channel_active                           0x2007c060   Data           4  gpdma_lpc17xx.o(.data)
    Init_cnt                                 0x2007c064   Data           4  gpdma_lpc17xx.o(.data)
    .data                                    0x2007c068   Section        4  system_lpc17xx.o(.data)
    .data                                    0x2007c06c   Section        8  rt_cmsis.o(.data)
    .data                                    0x2007c074   Section        8  rt_task.o(.data)
    .data                                    0x2007c07c   Section        8  rt_system.o(.data)
    os_lock                                  0x2007c07c   Data           1  rt_system.o(.data)
    os_psh_flag                              0x2007c07d   Data           1  rt_system.o(.data)
    pend_flags                               0x2007c07e   Data           1  rt_system.o(.data)
    .data                                    0x2007c084   Section        4  rt_time.o(.data)
    .data                                    0x2007c088   Section        8  rt_robin.o(.data)
    .data                                    0x2007c090   Section        1  hal_cm.o(.data)
    .bss                                     0x2007c094   Section      178  lcd.o(.bss)
    .bss                                     0x2007c148   Section     4616  rtx_conf_cm.o(.bss)
    std_libspace                             0x2007d030   Data         672  rtx_conf_cm.o(.bss)
    std_libmutex                             0x2007d2d0   Data         128  rtx_conf_cm.o(.bss)
    .bss                                     0x2007d350   Section       40  ssp_lpc17xx.o(.bss)
    SSP1_Info                                0x2007d350   Data          12  ssp_lpc17xx.o(.bss)
    SSP1_Xfer                                0x2007d35c   Data          28  ssp_lpc17xx.o(.bss)
    .bss                                     0x2007d378   Section      160  gpdma_lpc17xx.o(.bss)
    Channel_info                             0x2007d378   Data         160  gpdma_lpc17xx.o(.bss)
    .bss                                     0x2007d418   Section       52  rt_task.o(.bss)
    .bss                                     0x2007d44c   Section       48  rt_list.o(.bss)
    .bss                                     0x2007d47c   Section       96  libspace.o(.bss)
    HEAP                                     0x2007d4e0   Section        0  startup_lpc17xx.o(HEAP)
    STACK                                    0x2007d4e0   Section      512  startup_lpc17xx.o(STACK)
    Heap_Mem                                 0x2007d4e0   Data           0  startup_lpc17xx.o(HEAP)
    Stack_Mem                                0x2007d4e0   Data         512  startup_lpc17xx.o(STACK)
    __initial_sp                             0x2007d6e0   Data           0  startup_lpc17xx.o(STACK)

    Global Symbols

    Symbol Name                              Value     Ov Type        Size  Object(Section)

    BuildAttributes$$THM_ISAv4$P$D$K$B$S$PE$A:L22UL41UL21$X:L11$S22US41US21$IEEE1$IW$~IW$USESV6$~STKCKD$USESV7$~SHL$OTIME$ROPI$IEEEJ$EBA8$UX$STANDARDLIB$REQ8$PRES8$EABIv2 0x00000000   Number         0  anon$$obj.o ABSOLUTE
    __ARM_use_no_argv                        0x00000000   Number         0  main.o ABSOLUTE
    __Vectors                                0x00000000   Data           4  startup_lpc17xx.o(RESET)
    __ARM_exceptions_init                     - Undefined Weak Reference
    __alloca_initialize                       - Undefined Weak Reference
    __arm_fini_                               - Undefined Weak Reference
    __arm_preinit_                            - Undefined Weak Reference
    __cpp_initialize__aeabi_                  - Undefined Weak Reference
    __cxa_finalize                            - Undefined Weak Reference
    __sigvec_lookup                           - Undefined Weak Reference
    _atexit_init                              - Undefined Weak Reference
    _call_atexit_fns                          - Undefined Weak Reference
    _clock_init                               - Undefined Weak Reference
    _fp_trap_init                             - Undefined Weak Reference
    _fp_trap_shutdown                         - Undefined Weak Reference
    _get_lc_collate                           - Undefined Weak Reference
    _get_lc_ctype                             - Undefined Weak Reference
    _get_lc_monetary                          - Undefined Weak Reference
    _get_lc_time                              - Undefined Weak Reference
    _getenv_init                              - Undefined Weak Reference
    _handle_redirection                       - Undefined Weak Reference
    _init_alloc                               - Undefined Weak Reference
    _init_user_alloc                          - Undefined Weak Reference
    _initio                                   - Undefined Weak Reference
    _printf_post_padding                      - Undefined Weak Reference
    _printf_pre_padding                       - Undefined Weak Reference
    _printf_truncate_signed                   - Undefined Weak Reference
    _printf_truncate_unsigned                 - Undefined Weak Reference
    _rand_init                                - Undefined Weak Reference
    _signal_finish                            - Undefined Weak Reference
    _signal_init                              - Undefined Weak Reference
    _terminate_alloc                          - Undefined Weak Reference
    _terminate_user_alloc                     - Undefined Weak Reference
    _terminateio                              - Undefined Weak Reference
    __main                                   0x000000cd   Thumb Code     8  __main.o(!!!main)
    __scatterload                            0x000000d5   Thumb Code     0  __scatter.o(!!!scatter)
    __scatterload_rt2                        0x000000d5   Thumb Code    44  __scatter.o(!!!scatter)
    __scatterload_rt2_thumb_only             0x000000d5   Thumb Code     0  __scatter.o(!!!scatter)
    __scatterload_null                       0x000000e3   Thumb Code     0  __scatter.o(!!!scatter)
    __scatterload_copy                       0x00000109   Thumb Code    26  __scatter_copy.o(!!handler_copy)
    __scatterload_zeroinit                   0x00000125   Thumb Code    28  __scatter_zi.o(!!handler_zi)
    _printf_d                                0x00000141   Thumb Code     0  _printf_d.o(.ARM.Collect$$_printf_percent$$00000009)
    _printf_percent                          0x00000141   Thumb Code     0  _printf_percent.o(.ARM.Collect$$_printf_percent$$00000000)
    _printf_percent_end                      0x00000147   Thumb Code     0  _printf_percent_end.o(.ARM.Collect$$_printf_percent$$00000017)
    __rt_lib_init                            0x0000014b   Thumb Code     0  libinit.o(.ARM.Collect$$libinit$$00000000)
    __rt_lib_init_alloca_1                   0x0000014d   Thumb Code     0  libinit2.o(.ARM.Collect$$libinit$$0000002E)
    __rt_lib_init_argv_1                     0x0000014d   Thumb Code     0  libinit2.o(.ARM.Collect$$libinit$$0000002C)
    __rt_lib_init_atexit_1                   0x0000014d   Thumb Code     0  libinit2.o(.ARM.Collect$$libinit$$0000001B)
    __rt_lib_init_clock_1                    0x0000014d   Thumb Code     0  libinit2.o(.ARM.Collect$$libinit$$00000021)
    __rt_lib_init_cpp_1                      0x0000014d   Thumb Code     0  libinit2.o(.ARM.Collect$$libinit$$00000032)
    __rt_lib_init_exceptions_1               0x0000014d   Thumb Code     0  libinit2.o(.ARM.Collect$$libinit$$00000030)
    __rt_lib_init_fp_1                       0x0000014d   Thumb Code     0  libinit2.o(.ARM.Collect$$libinit$$00000002)
    __rt_lib_init_fp_trap_1                  0x0000014d   Thumb Code     0  libinit2.o(.ARM.Collect$$libinit$$0000001F)
    __rt_lib_init_getenv_1                   0x0000014d   Thumb Code     0  libinit2.o(.ARM.Collect$$libinit$$00000023)
    __rt_lib_init_heap_1                     0x0000014d   Thumb Code     0  libinit2.o(.ARM.Collect$$libinit$$0000000A)
    __rt_lib_init_lc_collate_1               0x0000014d   Thumb Code     0  libinit2.o(.ARM.Collect$$libinit$$00000011)
    __rt_lib_init_lc_ctype_1                 0x0000014d   Thumb Code     0  libinit2.o(.ARM.Collect$$libinit$$00000013)
    __rt_lib_init_lc_monetary_1              0x0000014d   Thumb Code     0  libinit2.o(.ARM.Collect$$libinit$$00000015)
    __rt_lib_init_lc_numeric_1               0x0000014d   Thumb Code     0  libinit2.o(.ARM.Collect$$libinit$$00000017)
    __rt_lib_init_lc_time_1                  0x0000014d   Thumb Code     0  libinit2.o(.ARM.Collect$$libinit$$00000019)
    __rt_lib_init_preinit_1                  0x0000014d   Thumb Code     0  libinit2.o(.ARM.Collect$$libinit$$00000004)
    __rt_lib_init_rand_1                     0x0000014d   Thumb Code     0  libinit2.o(.ARM.Collect$$libinit$$0000000E)
    __rt_lib_init_return                     0x0000014d   Thumb Code     0  libinit2.o(.ARM.Collect$$libinit$$00000033)
    __rt_lib_init_signal_1                   0x0000014d   Thumb Code     0  libinit2.o(.ARM.Collect$$libinit$$0000001D)
    __rt_lib_init_stdio_1                    0x0000014d   Thumb Code     0  libinit2.o(.ARM.Collect$$libinit$$00000025)
    __rt_lib_init_user_alloc_1               0x0000014d   Thumb Code     0  libinit2.o(.ARM.Collect$$libinit$$0000000C)
    __rt_lib_shutdown                        0x0000014f   Thumb Code     0  libshutdown.o(.ARM.Collect$$libshutdown$$00000000)
    __rt_lib_shutdown_cpp_1                  0x00000151   Thumb Code     0  libshutdown2.o(.ARM.Collect$$libshutdown$$00000004)
    __rt_lib_shutdown_fini_1                 0x00000151   Thumb Code     0  libshutdown2.o(.ARM.Collect$$libshutdown$$00000002)
    __rt_lib_shutdown_fp_trap_1              0x00000151   Thumb Code     0  libshutdown2.o(.ARM.Collect$$libshutdown$$00000009)
    __rt_lib_shutdown_heap_1                 0x00000151   Thumb Code     0  libshutdown2.o(.ARM.Collect$$libshutdown$$00000011)
    __rt_lib_shutdown_return                 0x00000151   Thumb Code     0  libshutdown2.o(.ARM.Collect$$libshutdown$$00000012)
    __rt_lib_shutdown_signal_1               0x00000151   Thumb Code     0  libshutdown2.o(.ARM.Collect$$libshutdown$$0000000C)
    __rt_lib_shutdown_stdio_1                0x00000151   Thumb Code     0  libshutdown2.o(.ARM.Collect$$libshutdown$$00000006)
    __rt_lib_shutdown_user_alloc_1           0x00000151   Thumb Code     0  libshutdown2.o(.ARM.Collect$$libshutdown$$0000000E)
    __rt_entry                               0x00000153   Thumb Code     0  __rtentry.o(.ARM.Collect$$rtentry$$00000000)
    __rt_entry_presh_1                       0x00000153   Thumb Code     0  __rtentry2.o(.ARM.Collect$$rtentry$$00000002)
    __rt_entry_sh                            0x00000153   Thumb Code     0  __rtentry4.o(.ARM.Collect$$rtentry$$00000004)
    __rt_entry_li                            0x00000159   Thumb Code     0  __rtentry2.o(.ARM.Collect$$rtentry$$0000000A)
    __rt_entry_postsh_1                      0x00000159   Thumb Code     0  __rtentry2.o(.ARM.Collect$$rtentry$$00000009)
    __rt_entry_postli_1                      0x0000015d   Thumb Code     0  __rtentry2.o(.ARM.Collect$$rtentry$$0000000B)
    __rt_entry_main                          0x00000165   Thumb Code     0  __rtentry2.o(.ARM.Collect$$rtentry$$0000000D)
    __rt_exit                                0x0000016d   Thumb Code     0  rtexit.o(.ARM.Collect$$rtexit$$00000000)
    __rt_exit_ls                             0x0000016f   Thumb Code     0  rtexit2.o(.ARM.Collect$$rtexit$$00000003)
    __rt_exit_prels_1                        0x0000016f   Thumb Code     0  rtexit2.o(.ARM.Collect$$rtexit$$00000002)
    __rt_exit_exit                           0x00000173   Thumb Code     0  rtexit2.o(.ARM.Collect$$rtexit$$00000004)
    _platform_post_lib_init                  0x00000179   Thumb Code    24  rtx_conf_cm.o(.emb_text)
    rt_set_PSP                               0x00000195   Thumb Code     6  hal_cm3.o(.emb_text)
    rt_get_PSP                               0x0000019b   Thumb Code     6  hal_cm3.o(.emb_text)
    os_set_env                               0x000001a1   Thumb Code    24  hal_cm3.o(.emb_text)
    _alloc_box                               0x000001bd   Thumb Code    28  hal_cm3.o(.emb_text)
    _free_box                                0x000001dd   Thumb Code    28  hal_cm3.o(.emb_text)
    SVC_Handler                              0x000001fd   Thumb Code   108  hal_cm3.o(.emb_text)
    PendSV_Handler                           0x00000275   Thumb Code    56  hal_cm3.o(.emb_text)
    SysTick_Handler                          0x000002b1   Thumb Code     8  hal_cm3.o(.emb_text)
    OS_Tick_Handler                          0x000002b9   Thumb Code    12  hal_cm3.o(.emb_text)
    __user_libspace                          0x000002c5   Thumb Code     8  libspace.o(.text)
    __user_perproc_libspace                  0x000002c5   Thumb Code     0  libspace.o(.text)
    __2sprintf                               0x000002cd   Thumb Code    34  noretval__2sprintf.o(.text)
    __use_two_region_memory                  0x000002f5   Thumb Code     2  heapauxi.o(.text)
    __rt_heap_escrow$2region                 0x000002f7   Thumb Code     2  heapauxi.o(.text)
    __rt_heap_expand$2region                 0x000002f9   Thumb Code     2  heapauxi.o(.text)
    __I$use$semihosting                      0x000002fb   Thumb Code     0  use_no_semi.o(.text)
    __use_no_semihosting_swi                 0x000002fb   Thumb Code     2  use_no_semi.o(.text)
    Reset_Handler                            0x00000301   Thumb Code     8  startup_lpc17xx.o(.text)
    NMI_Handler                              0x00000309   Thumb Code     2  startup_lpc17xx.o(.text)
    HardFault_Handler                        0x0000030b   Thumb Code     2  startup_lpc17xx.o(.text)
    MemManage_Handler                        0x0000030d   Thumb Code     2  startup_lpc17xx.o(.text)
    BusFault_Handler                         0x0000030f   Thumb Code     2  startup_lpc17xx.o(.text)
    UsageFault_Handler                       0x00000311   Thumb Code     2  startup_lpc17xx.o(.text)
    DebugMon_Handler                         0x00000315   Thumb Code     2  startup_lpc17xx.o(.text)
    ADC_IRQHandler                           0x0000031b   Thumb Code     0  startup_lpc17xx.o(.text)
    BOD_IRQHandler                           0x0000031b   Thumb Code     0  startup_lpc17xx.o(.text)
    CANActivity_IRQHandler                   0x0000031b   Thumb Code     0  startup_lpc17xx.o(.text)
    CAN_IRQHandler                           0x0000031b   Thumb Code     0  startup_lpc17xx.o(.text)
    EINT0_IRQHandler                         0x0000031b   Thumb Code     0  startup_lpc17xx.o(.text)
    EINT1_IRQHandler                         0x0000031b   Thumb Code     0  startup_lpc17xx.o(.text)
    EINT2_IRQHandler                         0x0000031b   Thumb Code     0  startup_lpc17xx.o(.text)
    EINT3_IRQHandler                         0x0000031b   Thumb Code     0  startup_lpc17xx.o(.text)
    I2C0_IRQHandler                          0x0000031b   Thumb Code     0  startup_lpc17xx.o(.text)
    I2C1_IRQHandler                          0x0000031b   Thumb Code     0  startup_lpc17xx.o(.text)
    I2C2_IRQHandler                          0x0000031b   Thumb Code     0  startup_lpc17xx.o(.text)
    I2S_IRQHandler                           0x0000031b   Thumb Code     0  startup_lpc17xx.o(.text)
    MCPWM_IRQHandler                         0x0000031b   Thumb Code     0  startup_lpc17xx.o(.text)
    PLL0_IRQHandler                          0x0000031b   Thumb Code     0  startup_lpc17xx.o(.text)
    PLL1_IRQHandler                          0x0000031b   Thumb Code     0  startup_lpc17xx.o(.text)
    PWM1_IRQHandler                          0x0000031b   Thumb Code     0  startup_lpc17xx.o(.text)
    QEI_IRQHandler                           0x0000031b   Thumb Code     0  startup_lpc17xx.o(.text)
    RIT_IRQHandler                           0x0000031b   Thumb Code     0  startup_lpc17xx.o(.text)
    SPI_IRQHandler                           0x0000031b   Thumb Code     0  startup_lpc17xx.o(.text)
    SSP0_IRQHandler                          0x0000031b   Thumb Code     0  startup_lpc17xx.o(.text)
    TIMER0_IRQHandler                        0x0000031b   Thumb Code     0  startup_lpc17xx.o(.text)
    TIMER1_IRQHandler                        0x0000031b   Thumb Code     0  startup_lpc17xx.o(.text)
    TIMER2_IRQHandler                        0x0000031b   Thumb Code     0  startup_lpc17xx.o(.text)
    TIMER3_IRQHandler                        0x0000031b   Thumb Code     0  startup_lpc17xx.o(.text)
    UART0_IRQHandler                         0x0000031b   Thumb Code     0  startup_lpc17xx.o(.text)
    UART1_IRQHandler                         0x0000031b   Thumb Code     0  startup_lpc17xx.o(.text)
    UART2_IRQHandler                         0x0000031b   Thumb Code     0  startup_lpc17xx.o(.text)
    UART3_IRQHandler                         0x0000031b   Thumb Code     0  startup_lpc17xx.o(.text)
    USBActivity_IRQHandler                   0x0000031b   Thumb Code     0  startup_lpc17xx.o(.text)
    USB_IRQHandler                           0x0000031b   Thumb Code     0  startup_lpc17xx.o(.text)
    WDT_IRQHandler                           0x0000031b   Thumb Code     0  startup_lpc17xx.o(.text)
    __user_initial_stackheap                 0x0000031d   Thumb Code     0  startup_lpc17xx.o(.text)
    __printf                                 0x0000033d   Thumb Code   104  __printf.o(.text)
    _printf_int_dec                          0x000003a5   Thumb Code   104  _printf_dec.o(.text)
    exit                                     0x0000041d   Thumb Code    18  exit.o(.text)
    strlen                                   0x0000042f   Thumb Code    62  strlen.o(.text)
    __aeabi_memclr4                          0x0000046d   Thumb Code     0  rt_memclr_w.o(.text)
    __aeabi_memclr8                          0x0000046d   Thumb Code     0  rt_memclr_w.o(.text)
    __rt_memclr_w                            0x0000046d   Thumb Code    78  rt_memclr_w.o(.text)
    _memset_w                                0x00000471   Thumb Code     0  rt_memclr_w.o(.text)
    __RL_RTX_VER                             0x00000482   Number         0  rt_system.o ABSOLUTE
    _printf_int_common                       0x000004bb   Thumb Code   178  _printf_intcommon.o(.text)
    _printf_char_common                      0x00000577   Thumb Code    32  _printf_char_common.o(.text)
    _sputc                                   0x0000059d   Thumb Code    10  _sputc.o(.text)
    _sys_exit                                0x000005a9   Thumb Code     8  sys_exit.o(.text)
    __user_setup_stackheap                   0x000005b5   Thumb Code    74  sys_stackheap_outer.o(.text)
    __semihosting_library_function           0x000005ff   Thumb Code     0  indicate_semi.o(.text)
    SVC_Count                                0x00000600   Data           4  svc_table.o(SVC_TABLE)
    SVC_Table                                0x00000604   Data           0  svc_table.o(SVC_TABLE)
    DMA_IRQHandler                           0x00000625   Thumb Code   372  gpdma_lpc17xx.o(i.DMA_IRQHandler)
    ENET_IRQHandler                          0x000007a5   Thumb Code    62  emac_lpc17xx.o(i.ENET_IRQHandler)
    EscribeFrase                             0x000007ed   Thumb Code    94  lcd.o(i.EscribeFrase)
    EscribeFrase2                            0x00000855   Thumb Code    94  lcd.o(i.EscribeFrase2)
    EscribeLetra                             0x000008bd   Thumb Code    92  lcd.o(i.EscribeLetra)
    GPDMA_ChannelConfigure                   0x00000925   Thumb Code   232  gpdma_lpc17xx.o(i.GPDMA_ChannelConfigure)
    GPDMA_ChannelDisable                     0x00000a19   Thumb Code    44  gpdma_lpc17xx.o(i.GPDMA_ChannelDisable)
    GPDMA_ChannelGetCount                    0x00000a49   Thumb Code    38  gpdma_lpc17xx.o(i.GPDMA_ChannelGetCount)
    GPDMA_Initialize                         0x00000a79   Thumb Code   154  gpdma_lpc17xx.o(i.GPDMA_Initialize)
    GPDMA_PeripheralSelect                   0x00000b29   Thumb Code    62  gpdma_lpc17xx.o(i.GPDMA_PeripheralSelect)
    GPDMA_Uninitialize                       0x00000b6d   Thumb Code    92  gpdma_lpc17xx.o(i.GPDMA_Uninitialize)
    GPIO_PinWrite                            0x00000bd5   Thumb Code    36  gpio_lpc17xx.o(i.GPIO_PinWrite)
    GPIO_SetDir                              0x00000bfd   Thumb Code    52  gpio_lpc17xx.o(i.GPIO_SetDir)
    LCD_reset                                0x00000c79   Thumb Code    76  lcd.o(i.LCD_reset)
    PIN_Configure                            0x00000cc5   Thumb Code   246  pin_lpc17xx.o(i.PIN_Configure)
    RTC_IRQHandler                           0x00000dc1   Thumb Code    26  rtc.o(i.RTC_IRQHandler)
    SSP1_GPDMA_Rx_SignalEvent                0x00000dfd   Thumb Code    14  ssp_lpc17xx.o(i.SSP1_GPDMA_Rx_SignalEvent)
    SSP1_GPDMA_Tx_SignalEvent                0x00000e11   Thumb Code    14  ssp_lpc17xx.o(i.SSP1_GPDMA_Tx_SignalEvent)
    SSP1_IRQHandler                          0x00000e45   Thumb Code    10  ssp_lpc17xx.o(i.SSP1_IRQHandler)
    SSPx_GPDMA_Rx_SignalEvent                0x00001413   Thumb Code    54  ssp_lpc17xx.o(i.SSPx_GPDMA_Rx_SignalEvent)
    SSPx_GPDMA_Tx_SignalEvent                0x00001449   Thumb Code    28  ssp_lpc17xx.o(i.SSPx_GPDMA_Tx_SignalEvent)
    SystemInit                               0x00001cb9   Thumb Code   302  system_lpc17xx.o(i.SystemInit)
    _init_box                                0x00001e31   Thumb Code    70  rt_membox.o(i._init_box)
    _mutex_acquire                           0x00001e79   Thumb Code    22  rtx_conf_cm.o(i._mutex_acquire)
    _mutex_release                           0x00001e99   Thumb Code    18  rtx_conf_cm.o(i._mutex_release)
    alarma                                   0x00001eb5   Thumb Code   102  rtc.o(i.alarma)
    copy_to_lcd                              0x00001f25   Thumb Code    48  lcd.o(i.copy_to_lcd)
    dbg_init                                 0x00001f59   Thumb Code    34  hal_cm.o(i.dbg_init)
    dbg_task_notify                          0x00001f89   Thumb Code    32  hal_cm.o(i.dbg_task_notify)
    dbg_task_switch                          0x00001fa9   Thumb Code    16  hal_cm.o(i.dbg_task_switch)
    generar_alarma_RTC                       0x00001fb9   Thumb Code    22  rtc.o(i.generar_alarma_RTC)
    get_date                                 0x00001fd5   Thumb Code    24  rtc.o(i.get_date)
    get_time                                 0x00001ff1   Thumb Code    26  rtc.o(i.get_time)
    habilitar_deshabilitar_RTC               0x00002011   Thumb Code    30  rtc.o(i.habilitar_deshabilitar_RTC)
    init                                     0x00002035   Thumb Code   106  lcd.o(i.init)
    init_RTC                                 0x000020a9   Thumb Code   128  rtc.o(i.init_RTC)
    interrupciones_RTC_deshabilitar          0x0000213d   Thumb Code    26  rtc.o(i.interrupciones_RTC_deshabilitar)
    isrMessageGet                            0x0000215d   Thumb Code    42  rt_cmsis.o(i.isrMessageGet)
    isrMessagePut                            0x00002187   Thumb Code    44  rt_cmsis.o(i.isrMessagePut)
    isrSignalSet                             0x000021b3   Thumb Code    36  rt_cmsis.o(i.isrSignalSet)
    isr_evt_set                              0x000021d9   Thumb Code    34  rt_event.o(i.isr_evt_set)
    isr_mbx_receive                          0x00002201   Thumb Code    86  rt_mailbox.o(i.isr_mbx_receive)
    isr_mbx_send                             0x00002257   Thumb Code    14  rt_mailbox.o(i.isr_mbx_send)
    main                                     0x00002265   Thumb Code    44  main.o(i.main)
    osDelay                                  0x00002291   Thumb Code    18  rt_cmsis.o(i.osDelay)
    osKernelInitialize                       0x000022a9   Thumb Code    30  rt_cmsis.o(i.osKernelInitialize)
    osKernelStart                            0x000022cd   Thumb Code    98  rt_cmsis.o(i.osKernelStart)
    osMessageGet                             0x00002339   Thumb Code    18  rt_cmsis.o(i.osMessageGet)
    osSignalClear                            0x00002351   Thumb Code    20  rt_cmsis.o(i.osSignalClear)
    osSignalSet                              0x00002369   Thumb Code    18  rt_cmsis.o(i.osSignalSet)
    osSignalWait                             0x00002381   Thumb Code    18  rt_cmsis.o(i.osSignalWait)
    osThreadCreate                           0x00002399   Thumb Code    36  rt_cmsis.o(i.osThreadCreate)
    osThreadExit                             0x000023c5   Thumb Code    14  rt_cmsis.o(i.osThreadExit)
    osTimerCall                              0x000023dd   Thumb Code     8  rt_cmsis.o(i.osTimerCall)
    osTimerThread                            0x000023e9   Thumb Code    38  rt_cmsis.o(i.osTimerThread)
    os_error                                 0x00002415   Thumb Code    34  rtx_conf_cm.o(i.os_error)
    os_idle_demon                            0x00002437   Thumb Code     4  rtx_conf_cm.o(i.os_idle_demon)
    os_tick_init                             0x0000243d   Thumb Code    32  rt_system.o(i.os_tick_init)
    os_tick_irqack                           0x00002465   Thumb Code     2  rt_system.o(i.os_tick_irqack)
    pantalla                                 0x00002469   Thumb Code    62  rtc.o(i.pantalla)
    pintarFechaLinea                         0x000024c1   Thumb Code    72  lcd.o(i.pintarFechaLinea)
    pintarHoraPrimeraLinea                   0x00002525   Thumb Code    72  lcd.o(i.pintarHoraPrimeraLinea)
    refrescoPantalla                         0x00002589   Thumb Code    76  lcd.o(i.refrescoPantalla)
    resetDisplay                             0x000025dd   Thumb Code    32  lcd.o(i.resetDisplay)
    retardoMicro                             0x000025fd   Thumb Code    28  lcd.o(i.retardoMicro)
    retardoMili                              0x0000261d   Thumb Code    32  lcd.o(i.retardoMili)
    rt_alloc_box                             0x00002641   Thumb Code    26  rt_membox.o(i.rt_alloc_box)
    rt_alloc_mem                             0x0000265b   Thumb Code    62  rt_memory.o(i.rt_alloc_mem)
    rt_block                                 0x00002699   Thumb Code    48  rt_task.o(i.rt_block)
    rt_chk_robin                             0x000026d1   Thumb Code    60  rt_robin.o(i.rt_chk_robin)
    rt_dec_dly                               0x00002719   Thumb Code   102  rt_list.o(i.rt_dec_dly)
    rt_dispatch                              0x00002789   Thumb Code    60  rt_task.o(i.rt_dispatch)
    rt_dly_wait                              0x000027cd   Thumb Code     6  rt_time.o(i.rt_dly_wait)
    rt_evt_clr                               0x000027d5   Thumb Code    22  rt_event.o(i.rt_evt_clr)
    rt_evt_psh                               0x000027f1   Thumb Code    76  rt_event.o(i.rt_evt_psh)
    rt_evt_set                               0x00002841   Thumb Code    88  rt_event.o(i.rt_evt_set)
    rt_evt_wait                              0x0000289d   Thumb Code    56  rt_event.o(i.rt_evt_wait)
    rt_free_box                              0x000028d9   Thumb Code    44  rt_membox.o(i.rt_free_box)
    rt_free_mem                              0x00002905   Thumb Code    40  rt_memory.o(i.rt_free_mem)
    rt_get_first                             0x0000292d   Thumb Code    40  rt_list.o(i.rt_get_first)
    rt_init_mem                              0x000029a5   Thumb Code    26  rt_memory.o(i.rt_init_mem)
    rt_init_robin                            0x000029c1   Thumb Code    14  rt_robin.o(i.rt_init_robin)
    rt_init_stack                            0x000029d9   Thumb Code   118  hal_cm.o(i.rt_init_stack)
    rt_mbx_check                             0x00002a59   Thumb Code     8  rt_mailbox.o(i.rt_mbx_check)
    rt_mbx_init                              0x00002a61   Thumb Code    26  rt_mailbox.o(i.rt_mbx_init)
    rt_mbx_psh                               0x00002a7d   Thumb Code   236  rt_mailbox.o(i.rt_mbx_psh)
    rt_mbx_wait                              0x00002b6d   Thumb Code   174  rt_mailbox.o(i.rt_mbx_wait)
    rt_mut_release                           0x00002c65   Thumb Code   208  rt_mutex.o(i.rt_mut_release)
    rt_mut_wait                              0x00002d3d   Thumb Code   114  rt_mutex.o(i.rt_mut_wait)
    rt_pop_req                               0x00002db5   Thumb Code   112  rt_system.o(i.rt_pop_req)
    rt_psh_req                               0x00002e31   Thumb Code    22  rt_system.o(i.rt_psh_req)
    rt_psq_enq                               0x00002e51   Thumb Code    88  rt_list.o(i.rt_psq_enq)
    rt_put_dly                               0x00002ead   Thumb Code    68  rt_list.o(i.rt_put_dly)
    rt_put_prio                              0x00002ef5   Thumb Code    54  rt_list.o(i.rt_put_prio)
    rt_put_rdy_first                         0x00002f2d   Thumb Code    14  rt_list.o(i.rt_put_rdy_first)
    rt_resort_prio                           0x00002f41   Thumb Code    46  rt_list.o(i.rt_resort_prio)
    rt_ret_val                               0x00002f75   Thumb Code     6  hal_cm.o(i.rt_ret_val)
    rt_ret_val2                              0x00002f7b   Thumb Code     8  hal_cm.o(i.rt_ret_val2)
    rt_rmv_dly                               0x00002f83   Thumb Code    40  rt_list.o(i.rt_rmv_dly)
    rt_rmv_list                              0x00002fad   Thumb Code    44  rt_list.o(i.rt_rmv_list)
    rt_sem_psh                               0x00002fdd   Thumb Code    48  rt_semaphore.o(i.rt_sem_psh)
    rt_stk_check                             0x00003011   Thumb Code    28  rt_system.o(i.rt_stk_check)
    rt_switch_req                            0x00003035   Thumb Code    30  rt_task.o(i.rt_switch_req)
    rt_sys_init                              0x0000305d   Thumb Code   138  rt_task.o(i.rt_sys_init)
    rt_sys_start                             0x00003129   Thumb Code   110  rt_task.o(i.rt_sys_start)
    rt_systick                               0x000031a1   Thumb Code    50  rt_system.o(i.rt_systick)
    rt_tsk_create                            0x00003229   Thumb Code   118  rt_task.o(i.rt_tsk_create)
    rt_tsk_delete                            0x000032b1   Thumb Code   352  rt_task.o(i.rt_tsk_delete)
    rt_tsk_prio                              0x0000342d   Thumb Code   108  rt_task.o(i.rt_tsk_prio)
    rt_tsk_self                              0x000034a9   Thumb Code    12  rt_task.o(i.rt_tsk_self)
    set_alarma                               0x000034b9   Thumb Code    74  rtc.o(i.set_alarma)
    svcDelay                                 0x00003509   Thumb Code    18  rt_cmsis.o(i.svcDelay)
    svcKernelInitialize                      0x0000351d   Thumb Code    80  rt_cmsis.o(i.svcKernelInitialize)
    svcKernelStart                           0x0000358d   Thumb Code    62  rt_cmsis.o(i.svcKernelStart)
    svcMessageCreate                         0x000035d5   Thumb Code    36  rt_cmsis.o(i.svcMessageCreate)
    svcMessageGet                            0x000035f9   Thumb Code    58  rt_cmsis.o(i.svcMessageGet)
    svcSignalClear                           0x00003633   Thumb Code    36  rt_cmsis.o(i.svcSignalClear)
    svcSignalSet                             0x00003657   Thumb Code    36  rt_cmsis.o(i.svcSignalSet)
    svcSignalWait                            0x0000367d   Thumb Code    80  rt_cmsis.o(i.svcSignalWait)
    svcThreadCreate                          0x000036d1   Thumb Code    96  rt_cmsis.o(i.svcThreadCreate)
    svcThreadGetId                           0x0000373d   Thumb Code    22  rt_cmsis.o(i.svcThreadGetId)
    svcThreadTerminate                       0x00003759   Thumb Code    50  rt_cmsis.o(i.svcThreadTerminate)
    svcTimerCall                             0x00003791   Thumb Code    24  rt_cmsis.o(i.svcTimerCall)
    sysTimerTick                             0x000037a9   Thumb Code    84  rt_cmsis.o(i.sysTimerTick)
    wr_cmd                                   0x00003805   Thumb Code    48  lcd.o(i.wr_cmd)
    wr_data                                  0x00003839   Thumb Code    48  lcd.o(i.wr_data)
    os_thread_def_pantalla                   0x0000386c   Data          16  rtc.o(.constdata)
    os_thread_def_alarma                     0x0000387c   Data          16  rtc.o(.constdata)
    Arial12x12                               0x0000388c   Data        2400  lcd.o(.constdata)
    os_maxtaskrun                            0x000041ec   Data           2  rtx_conf_cm.o(.constdata)
    os_stackinfo                             0x000041f0   Data           4  rtx_conf_cm.o(.constdata)
    os_rrobin                                0x000041f4   Data           4  rtx_conf_cm.o(.constdata)
    os_tickfreq                              0x000041f8   Data           4  rtx_conf_cm.o(.constdata)
    os_tickus_i                              0x000041fc   Data           2  rtx_conf_cm.o(.constdata)
    os_tickus_f                              0x000041fe   Data           2  rtx_conf_cm.o(.constdata)
    os_trv                                   0x00004200   Data           4  rtx_conf_cm.o(.constdata)
    os_flags                                 0x00004204   Data           1  rtx_conf_cm.o(.constdata)
    CMSIS_RTOS_API_Version                   0x00004208   Data           4  rtx_conf_cm.o(.constdata)
    CMSIS_RTOS_RTX_Version                   0x0000420c   Data           4  rtx_conf_cm.o(.constdata)
    os_clockrate                             0x00004210   Data           4  rtx_conf_cm.o(.constdata)
    os_timernum                              0x00004214   Data           4  rtx_conf_cm.o(.constdata)
    mp_tcb_size                              0x00004218   Data           2  rtx_conf_cm.o(.constdata)
    mp_stk_size                              0x0000421c   Data           4  rtx_conf_cm.o(.constdata)
    os_stack_sz                              0x00004220   Data           4  rtx_conf_cm.o(.constdata)
    os_fifo_size                             0x00004224   Data           1  rtx_conf_cm.o(.constdata)
    os_thread_def_osTimerThread              0x00004228   Data          16  rtx_conf_cm.o(.constdata)
    os_messageQ_def_osTimerMessageQ          0x00004238   Data           8  rtx_conf_cm.o(.constdata)
    mp_tmr_size                              0x00004240   Data           2  rtx_conf_cm.o(.constdata)
    os_thread_def_main                       0x00004244   Data          16  rtx_conf_cm.o(.constdata)
    Driver_SPI1                              0x000042a4   Data          44  ssp_lpc17xx.o(.constdata)
    Region$$Table$$Base                      0x000042d0   Number         0  anon$$obj.o(Region$$Table)
    Region$$Table$$Limit                     0x00004300   Number         0  anon$$obj.o(Region$$Table)
    hora_ver                                 0x2007c000   Data           4  rtc.o(.data)
    min_ver                                  0x2007c004   Data           4  rtc.o(.data)
    sec_ver                                  0x2007c008   Data           4  rtc.o(.data)
    dia_ver                                  0x2007c00c   Data           4  rtc.o(.data)
    mes_ver                                  0x2007c010   Data           4  rtc.o(.data)
    ano_ver                                  0x2007c014   Data           4  rtc.o(.data)
    ii                                       0x2007c018   Data           4  rtc.o(.data)
    actualizar_segundo                       0x2007c01c   Data           1  rtc.o(.data)
    id_pantalla                              0x2007c020   Data           4  rtc.o(.data)
    id_alarma                                0x2007c024   Data           4  rtc.o(.data)
    SPIdrv                                   0x2007c028   Data           4  lcd.o(.data)
    posicion                                 0x2007c02c   Data           1  lcd.o(.data)
    r                                        0x2007c030   Data           4  lcd.o(.data)
    i                                        0x2007c034   Data           4  lcd.o(.data)
    j                                        0x2007c038   Data           4  lcd.o(.data)
    osThreadId_osTimerThread                 0x2007c03c   Data           4  rtx_conf_cm.o(.data)
    osMessageQId_osTimerMessageQ             0x2007c040   Data           4  rtx_conf_cm.o(.data)
    os_tmr                                   0x2007c044   Data           4  rtx_conf_cm.o(.data)
    m_tmr                                    0x2007c048   Data           4  rtx_conf_cm.o(.data)
    SystemCoreClock                          0x2007c068   Data           4  system_lpc17xx.o(.data)
    os_initialized                           0x2007c06c   Data           1  rt_cmsis.o(.data)
    os_running                               0x2007c06d   Data           1  rt_cmsis.o(.data)
    os_timer_head                            0x2007c070   Data           4  rt_cmsis.o(.data)
    os_tsk                                   0x2007c074   Data           8  rt_task.o(.data)
    os_tick_irqn                             0x2007c080   Data           4  rt_system.o(.data)
    os_time                                  0x2007c084   Data           4  rt_time.o(.data)
    os_robin                                 0x2007c088   Data           8  rt_robin.o(.data)
    dbg_msg                                  0x2007c090   Data           1  hal_cm.o(.data)
    buffer                                   0x2007c094   Data         128  lcd.o(.bss)
    frase                                    0x2007c114   Data          25  lcd.o(.bss)
    frase2                                   0x2007c12d   Data          25  lcd.o(.bss)
    mp_tcb                                   0x2007c148   Data         376  rtx_conf_cm.o(.bss)
    mp_stk                                   0x2007c2c0   Data        2416  rtx_conf_cm.o(.bss)
    os_stack_mem                             0x2007cc30   Data         832  rtx_conf_cm.o(.bss)
    os_fifo                                  0x2007cf70   Data         132  rtx_conf_cm.o(.bss)
    os_active_TCB                            0x2007cff4   Data          28  rtx_conf_cm.o(.bss)
    os_messageQ_q_osTimerMessageQ            0x2007d010   Data          32  rtx_conf_cm.o(.bss)
    os_idle_TCB                              0x2007d418   Data          52  rt_task.o(.bss)
    os_rdy                                   0x2007d44c   Data          24  rt_list.o(.bss)
    os_dly                                   0x2007d464   Data          24  rt_list.o(.bss)
    __libspace_start                         0x2007d47c   Data          96  libspace.o(.bss)
    __temporary_stack_top$libspace           0x2007d4dc   Data           0  libspace.o(.bss)



==============================================================================

Memory Map of the image

  Image Entry point : 0x000000cd

  Load Region LR_IROM1 (Base: 0x00000000, Size: 0x00004394, Max: 0x00080000, ABSOLUTE)

    Execution Region ER_IROM1 (Exec base: 0x00000000, Load base: 0x00000000, Size: 0x00004300, Max: 0x00080000, ABSOLUTE)

    Exec Addr    Load Addr    Size         Type   Attr      Idx    E Section Name        Object

    0x00000000   0x00000000   0x000000cc   Data   RO          970    RESET               startup_lpc17xx.o
    0x000000cc   0x000000cc   0x00000008   Code   RO         3115  * !!!main             c_w.l(__main.o)
    0x000000d4   0x000000d4   0x00000034   Code   RO         3344    !!!scatter          c_w.l(__scatter.o)
    0x00000108   0x00000108   0x0000001a   Code   RO         3346    !!handler_copy      c_w.l(__scatter_copy.o)
    0x00000122   0x00000122   0x00000002   PAD
    0x00000124   0x00000124   0x0000001c   Code   RO         3348    !!handler_zi        c_w.l(__scatter_zi.o)
    0x00000140   0x00000140   0x00000000   Code   RO         3100    .ARM.Collect$$_printf_percent$$00000000  c_w.l(_printf_percent.o)
    0x00000140   0x00000140   0x00000006   Code   RO         3098    .ARM.Collect$$_printf_percent$$00000009  c_w.l(_printf_d.o)
    0x00000146   0x00000146   0x00000004   Code   RO         3136    .ARM.Collect$$_printf_percent$$00000017  c_w.l(_printf_percent_end.o)
    0x0000014a   0x0000014a   0x00000002   Code   RO         3229    .ARM.Collect$$libinit$$00000000  c_w.l(libinit.o)
    0x0000014c   0x0000014c   0x00000000   Code   RO         3231    .ARM.Collect$$libinit$$00000002  c_w.l(libinit2.o)
    0x0000014c   0x0000014c   0x00000000   Code   RO         3233    .ARM.Collect$$libinit$$00000004  c_w.l(libinit2.o)
    0x0000014c   0x0000014c   0x00000000   Code   RO         3236    .ARM.Collect$$libinit$$0000000A  c_w.l(libinit2.o)
    0x0000014c   0x0000014c   0x00000000   Code   RO         3238    .ARM.Collect$$libinit$$0000000C  c_w.l(libinit2.o)
    0x0000014c   0x0000014c   0x00000000   Code   RO         3240    .ARM.Collect$$libinit$$0000000E  c_w.l(libinit2.o)
    0x0000014c   0x0000014c   0x00000000   Code   RO         3243    .ARM.Collect$$libinit$$00000011  c_w.l(libinit2.o)
    0x0000014c   0x0000014c   0x00000000   Code   RO         3245    .ARM.Collect$$libinit$$00000013  c_w.l(libinit2.o)
    0x0000014c   0x0000014c   0x00000000   Code   RO         3247    .ARM.Collect$$libinit$$00000015  c_w.l(libinit2.o)
    0x0000014c   0x0000014c   0x00000000   Code   RO         3249    .ARM.Collect$$libinit$$00000017  c_w.l(libinit2.o)
    0x0000014c   0x0000014c   0x00000000   Code   RO         3251    .ARM.Collect$$libinit$$00000019  c_w.l(libinit2.o)
    0x0000014c   0x0000014c   0x00000000   Code   RO         3253    .ARM.Collect$$libinit$$0000001B  c_w.l(libinit2.o)
    0x0000014c   0x0000014c   0x00000000   Code   RO         3255    .ARM.Collect$$libinit$$0000001D  c_w.l(libinit2.o)
    0x0000014c   0x0000014c   0x00000000   Code   RO         3257    .ARM.Collect$$libinit$$0000001F  c_w.l(libinit2.o)
    0x0000014c   0x0000014c   0x00000000   Code   RO         3259    .ARM.Collect$$libinit$$00000021  c_w.l(libinit2.o)
    0x0000014c   0x0000014c   0x00000000   Code   RO         3261    .ARM.Collect$$libinit$$00000023  c_w.l(libinit2.o)
    0x0000014c   0x0000014c   0x00000000   Code   RO         3263    .ARM.Collect$$libinit$$00000025  c_w.l(libinit2.o)
    0x0000014c   0x0000014c   0x00000000   Code   RO         3267    .ARM.Collect$$libinit$$0000002C  c_w.l(libinit2.o)
    0x0000014c   0x0000014c   0x00000000   Code   RO         3269    .ARM.Collect$$libinit$$0000002E  c_w.l(libinit2.o)
    0x0000014c   0x0000014c   0x00000000   Code   RO         3271    .ARM.Collect$$libinit$$00000030  c_w.l(libinit2.o)
    0x0000014c   0x0000014c   0x00000000   Code   RO         3273    .ARM.Collect$$libinit$$00000032  c_w.l(libinit2.o)
    0x0000014c   0x0000014c   0x00000002   Code   RO         3274    .ARM.Collect$$libinit$$00000033  c_w.l(libinit2.o)
    0x0000014e   0x0000014e   0x00000002   Code   RO         3275    .ARM.Collect$$libshutdown$$00000000  c_w.l(libshutdown.o)
    0x00000150   0x00000150   0x00000000   Code   RO         3288    .ARM.Collect$$libshutdown$$00000002  c_w.l(libshutdown2.o)
    0x00000150   0x00000150   0x00000000   Code   RO         3290    .ARM.Collect$$libshutdown$$00000004  c_w.l(libshutdown2.o)
    0x00000150   0x00000150   0x00000000   Code   RO         3292    .ARM.Collect$$libshutdown$$00000006  c_w.l(libshutdown2.o)
    0x00000150   0x00000150   0x00000000   Code   RO         3295    .ARM.Collect$$libshutdown$$00000009  c_w.l(libshutdown2.o)
    0x00000150   0x00000150   0x00000000   Code   RO         3298    .ARM.Collect$$libshutdown$$0000000C  c_w.l(libshutdown2.o)
    0x00000150   0x00000150   0x00000000   Code   RO         3300    .ARM.Collect$$libshutdown$$0000000E  c_w.l(libshutdown2.o)
    0x00000150   0x00000150   0x00000000   Code   RO         3303    .ARM.Collect$$libshutdown$$00000011  c_w.l(libshutdown2.o)
    0x00000150   0x00000150   0x00000002   Code   RO         3304    .ARM.Collect$$libshutdown$$00000012  c_w.l(libshutdown2.o)
    0x00000152   0x00000152   0x00000000   Code   RO         3121    .ARM.Collect$$rtentry$$00000000  c_w.l(__rtentry.o)
    0x00000152   0x00000152   0x00000000   Code   RO         3145    .ARM.Collect$$rtentry$$00000002  c_w.l(__rtentry2.o)
    0x00000152   0x00000152   0x00000006   Code   RO         3157    .ARM.Collect$$rtentry$$00000004  c_w.l(__rtentry4.o)
    0x00000158   0x00000158   0x00000000   Code   RO         3147    .ARM.Collect$$rtentry$$00000009  c_w.l(__rtentry2.o)
    0x00000158   0x00000158   0x00000004   Code   RO         3148    .ARM.Collect$$rtentry$$0000000A  c_w.l(__rtentry2.o)
    0x0000015c   0x0000015c   0x00000008   Code   RO         3149    .ARM.Collect$$rtentry$$0000000B  c_w.l(__rtentry2.o)
    0x00000164   0x00000164   0x00000008   Code   RO         3151    .ARM.Collect$$rtentry$$0000000D  c_w.l(__rtentry2.o)
    0x0000016c   0x0000016c   0x00000002   Code   RO         3122    .ARM.Collect$$rtexit$$00000000  c_w.l(rtexit.o)
    0x0000016e   0x0000016e   0x00000000   Code   RO         3160    .ARM.Collect$$rtexit$$00000002  c_w.l(rtexit2.o)
    0x0000016e   0x0000016e   0x00000004   Code   RO         3161    .ARM.Collect$$rtexit$$00000003  c_w.l(rtexit2.o)
    0x00000172   0x00000172   0x00000006   Code   RO         3162    .ARM.Collect$$rtexit$$00000004  c_w.l(rtexit2.o)
    0x00000178   0x00000178   0x0000001c   Code   RO          329    .emb_text           rtx_conf_cm.o
    0x00000194   0x00000194   0x00000130   Code   RO         2884    .emb_text           RTX_CM3.lib(hal_cm3.o)
    0x000002c4   0x000002c4   0x00000008   Code   RO         3065    .text               c_w.l(libspace.o)
    0x000002cc   0x000002cc   0x00000028   Code   RO         3072    .text               c_w.l(noretval__2sprintf.o)
    0x000002f4   0x000002f4   0x00000006   Code   RO         3113    .text               c_w.l(heapauxi.o)
    0x000002fa   0x000002fa   0x00000002   Code   RO         3276    .text               c_w.l(use_no_semi.o)
    0x000002fc   0x000002fc   0x00000004   Code   RO          971    .ARM.__at_0x02FC    startup_lpc17xx.o
    0x00000300   0x00000300   0x0000003c   Code   RO          972    .text               startup_lpc17xx.o
    0x0000033c   0x0000033c   0x00000068   Code   RO         3074    .text               c_w.l(__printf.o)
    0x000003a4   0x000003a4   0x00000078   Code   RO         3076    .text               c_w.l(_printf_dec.o)
    0x0000041c   0x0000041c   0x00000012   Code   RO         3101    .text               c_w.l(exit.o)
    0x0000042e   0x0000042e   0x0000003e   Code   RO         3105    .text               c_w.l(strlen.o)
    0x0000046c   0x0000046c   0x0000004e   Code   RO         3111    .text               c_w.l(rt_memclr_w.o)
    0x000004ba   0x000004ba   0x000000b2   Code   RO         3128    .text               c_w.l(_printf_intcommon.o)
    0x0000056c   0x0000056c   0x00000030   Code   RO         3132    .text               c_w.l(_printf_char_common.o)
    0x0000059c   0x0000059c   0x0000000a   Code   RO         3134    .text               c_w.l(_sputc.o)
    0x000005a6   0x000005a6   0x00000002   PAD
    0x000005a8   0x000005a8   0x0000000c   Code   RO         3213    .text               c_w.l(sys_exit.o)
    0x000005b4   0x000005b4   0x0000004a   Code   RO         3215    .text               c_w.l(sys_stackheap_outer.o)
    0x000005fe   0x000005fe   0x00000000   Code   RO         3278    .text               c_w.l(indicate_semi.o)
    0x000005fe   0x000005fe   0x00000002   PAD
    0x00000600   0x00000600   0x00000004   Code   RO         3060    SVC_TABLE           RTX_CM3.lib(svc_table.o)
    0x00000604   0x00000604   0x00000020   Code   RO          791    i.Clear_Channel_active_flag  gpdma_lpc17xx.o
    0x00000624   0x00000624   0x00000180   Code   RO          792    i.DMA_IRQHandler    gpdma_lpc17xx.o
    0x000007a4   0x000007a4   0x00000048   Code   RO          451    i.ENET_IRQHandler   emac_lpc17xx.o
    0x000007ec   0x000007ec   0x00000068   Code   RO          210    i.EscribeFrase      lcd.o
    0x00000854   0x00000854   0x00000068   Code   RO          211    i.EscribeFrase2     lcd.o
    0x000008bc   0x000008bc   0x00000068   Code   RO          212    i.EscribeLetra      lcd.o
    0x00000924   0x00000924   0x000000f4   Code   RO          793    i.GPDMA_ChannelConfigure  gpdma_lpc17xx.o
    0x00000a18   0x00000a18   0x00000030   Code   RO          794    i.GPDMA_ChannelDisable  gpdma_lpc17xx.o
    0x00000a48   0x00000a48   0x00000030   Code   RO          796    i.GPDMA_ChannelGetCount  gpdma_lpc17xx.o
    0x00000a78   0x00000a78   0x000000b0   Code   RO          798    i.GPDMA_Initialize  gpdma_lpc17xx.o
    0x00000b28   0x00000b28   0x00000044   Code   RO          799    i.GPDMA_PeripheralSelect  gpdma_lpc17xx.o
    0x00000b6c   0x00000b6c   0x00000068   Code   RO          800    i.GPDMA_Uninitialize  gpdma_lpc17xx.o
    0x00000bd4   0x00000bd4   0x00000028   Code   RO          882    i.GPIO_PinWrite     gpio_lpc17xx.o
    0x00000bfc   0x00000bfc   0x00000038   Code   RO          886    i.GPIO_SetDir       gpio_lpc17xx.o
    0x00000c34   0x00000c34   0x00000044   Code   RO          617    i.GetSSPClockFreq   ssp_lpc17xx.o
    0x00000c78   0x00000c78   0x0000004c   Code   RO          213    i.LCD_reset         lcd.o
    0x00000cc4   0x00000cc4   0x000000fc   Code   RO          935    i.PIN_Configure     pin_lpc17xx.o
    0x00000dc0   0x00000dc0   0x00000024   Code   RO            4    i.RTC_IRQHandler    rtc.o
    0x00000de4   0x00000de4   0x00000018   Code   RO          618    i.SSP1_Control      ssp_lpc17xx.o
    0x00000dfc   0x00000dfc   0x00000014   Code   RO          619    i.SSP1_GPDMA_Rx_SignalEvent  ssp_lpc17xx.o
    0x00000e10   0x00000e10   0x00000014   Code   RO          620    i.SSP1_GPDMA_Tx_SignalEvent  ssp_lpc17xx.o
    0x00000e24   0x00000e24   0x00000010   Code   RO          621    i.SSP1_GetDataCount  ssp_lpc17xx.o
    0x00000e34   0x00000e34   0x00000010   Code   RO          622    i.SSP1_GetStatus    ssp_lpc17xx.o
    0x00000e44   0x00000e44   0x00000010   Code   RO          623    i.SSP1_IRQHandler   ssp_lpc17xx.o
    0x00000e54   0x00000e54   0x00000014   Code   RO          624    i.SSP1_Initialize   ssp_lpc17xx.o
    0x00000e68   0x00000e68   0x00000014   Code   RO          625    i.SSP1_PowerControl  ssp_lpc17xx.o
    0x00000e7c   0x00000e7c   0x00000018   Code   RO          626    i.SSP1_Receive      ssp_lpc17xx.o
    0x00000e94   0x00000e94   0x00000018   Code   RO          627    i.SSP1_Send         ssp_lpc17xx.o
    0x00000eac   0x00000eac   0x0000001c   Code   RO          628    i.SSP1_Transfer     ssp_lpc17xx.o
    0x00000ec8   0x00000ec8   0x00000010   Code   RO          629    i.SSP1_Uninitialize  ssp_lpc17xx.o
    0x00000ed8   0x00000ed8   0x0000000c   Code   RO          630    i.SSP_GetCapabilities  ssp_lpc17xx.o
    0x00000ee4   0x00000ee4   0x00000010   Code   RO          631    i.SSP_GetVersion    ssp_lpc17xx.o
    0x00000ef4   0x00000ef4   0x0000051e   Code   RO          632    i.SSPx_Control      ssp_lpc17xx.o
    0x00001412   0x00001412   0x00000036   Code   RO          633    i.SSPx_GPDMA_Rx_SignalEvent  ssp_lpc17xx.o
    0x00001448   0x00001448   0x0000001c   Code   RO          634    i.SSPx_GPDMA_Tx_SignalEvent  ssp_lpc17xx.o
    0x00001464   0x00001464   0x0000002c   Code   RO          635    i.SSPx_GetDataCount  ssp_lpc17xx.o
    0x00001490   0x00001490   0x0000002c   Code   RO          636    i.SSPx_GetStatus    ssp_lpc17xx.o
    0x000014bc   0x000014bc   0x00000104   Code   RO          637    i.SSPx_IRQHandler   ssp_lpc17xx.o
    0x000015c0   0x000015c0   0x000000a8   Code   RO          638    i.SSPx_Initialize   ssp_lpc17xx.o
    0x00001668   0x00001668   0x000001a4   Code   RO          639    i.SSPx_PowerControl  ssp_lpc17xx.o
    0x0000180c   0x0000180c   0x0000015c   Code   RO          640    i.SSPx_Receive      ssp_lpc17xx.o
    0x00001968   0x00001968   0x00000154   Code   RO          641    i.SSPx_Send         ssp_lpc17xx.o
    0x00001abc   0x00001abc   0x00000152   Code   RO          642    i.SSPx_Transfer     ssp_lpc17xx.o
    0x00001c0e   0x00001c0e   0x00000070   Code   RO          643    i.SSPx_Uninitialize  ssp_lpc17xx.o
    0x00001c7e   0x00001c7e   0x00000002   PAD
    0x00001c80   0x00001c80   0x00000038   Code   RO          801    i.Set_Channel_active_flag  gpdma_lpc17xx.o
    0x00001cb8   0x00001cb8   0x00000140   Code   RO          982    i.SystemInit        system_lpc17xx.o
    0x00001df8   0x00001df8   0x0000001c   Code   RO          644    i.__NVIC_ClearPendingIRQ  ssp_lpc17xx.o
    0x00001e14   0x00001e14   0x0000001c   Code   RO          802    i.__NVIC_ClearPendingIRQ  gpdma_lpc17xx.o
    0x00001e30   0x00001e30   0x00000046   Code   RO         2783    i._init_box         RTX_CM3.lib(rt_membox.o)
    0x00001e76   0x00001e76   0x00000002   PAD
    0x00001e78   0x00001e78   0x00000020   Code   RO          331    i._mutex_acquire    rtx_conf_cm.o
    0x00001e98   0x00001e98   0x0000001c   Code   RO          333    i._mutex_release    rtx_conf_cm.o
    0x00001eb4   0x00001eb4   0x00000070   Code   RO            5    i.alarma            rtc.o
    0x00001f24   0x00001f24   0x00000034   Code   RO          214    i.copy_to_lcd       lcd.o
    0x00001f58   0x00001f58   0x00000030   Code   RO         2836    i.dbg_init          RTX_CM3.lib(hal_cm.o)
    0x00001f88   0x00001f88   0x00000020   Code   RO         2837    i.dbg_task_notify   RTX_CM3.lib(hal_cm.o)
    0x00001fa8   0x00001fa8   0x00000010   Code   RO         2838    i.dbg_task_switch   RTX_CM3.lib(hal_cm.o)
    0x00001fb8   0x00001fb8   0x0000001c   Code   RO            6    i.generar_alarma_RTC  rtc.o
    0x00001fd4   0x00001fd4   0x0000001c   Code   RO            7    i.get_date          rtc.o
    0x00001ff0   0x00001ff0   0x00000020   Code   RO            8    i.get_time          rtc.o
    0x00002010   0x00002010   0x00000024   Code   RO            9    i.habilitar_deshabilitar_RTC  rtc.o
    0x00002034   0x00002034   0x00000074   Code   RO          215    i.init              lcd.o
    0x000020a8   0x000020a8   0x00000094   Code   RO           10    i.init_RTC          rtc.o
    0x0000213c   0x0000213c   0x00000020   Code   RO           12    i.interrupciones_RTC_deshabilitar  rtc.o
    0x0000215c   0x0000215c   0x0000002a   Code   RO         1244    i.isrMessageGet     RTX_CM3.lib(rt_cmsis.o)
    0x00002186   0x00002186   0x0000002c   Code   RO         1245    i.isrMessagePut     RTX_CM3.lib(rt_cmsis.o)
    0x000021b2   0x000021b2   0x00000024   Code   RO         1247    i.isrSignalSet      RTX_CM3.lib(rt_cmsis.o)
    0x000021d6   0x000021d6   0x00000002   PAD
    0x000021d8   0x000021d8   0x00000028   Code   RO         2520    i.isr_evt_set       RTX_CM3.lib(rt_event.o)
    0x00002200   0x00002200   0x00000056   Code   RO         2638    i.isr_mbx_receive   RTX_CM3.lib(rt_mailbox.o)
    0x00002256   0x00002256   0x0000000e   Code   RO         2639    i.isr_mbx_send      RTX_CM3.lib(rt_mailbox.o)
    0x00002264   0x00002264   0x0000002c   Code   RO          172    i.main              main.o
    0x00002290   0x00002290   0x00000018   Code   RO         1248    i.osDelay           RTX_CM3.lib(rt_cmsis.o)
    0x000022a8   0x000022a8   0x00000024   Code   RO         1249    i.osKernelInitialize  RTX_CM3.lib(rt_cmsis.o)
    0x000022cc   0x000022cc   0x0000006c   Code   RO         1251    i.osKernelStart     RTX_CM3.lib(rt_cmsis.o)
    0x00002338   0x00002338   0x00000018   Code   RO         1260    i.osMessageGet      RTX_CM3.lib(rt_cmsis.o)
    0x00002350   0x00002350   0x00000018   Code   RO         1274    i.osSignalClear     RTX_CM3.lib(rt_cmsis.o)
    0x00002368   0x00002368   0x00000018   Code   RO         1275    i.osSignalSet       RTX_CM3.lib(rt_cmsis.o)
    0x00002380   0x00002380   0x00000018   Code   RO         1276    i.osSignalWait      RTX_CM3.lib(rt_cmsis.o)
    0x00002398   0x00002398   0x0000002c   Code   RO         1277    i.osThreadCreate    RTX_CM3.lib(rt_cmsis.o)
    0x000023c4   0x000023c4   0x00000018   Code   RO         1278    i.osThreadExit      RTX_CM3.lib(rt_cmsis.o)
    0x000023dc   0x000023dc   0x0000000c   Code   RO         1284    i.osTimerCall       RTX_CM3.lib(rt_cmsis.o)
    0x000023e8   0x000023e8   0x0000002c   Code   RO         1289    i.osTimerThread     RTX_CM3.lib(rt_cmsis.o)
    0x00002414   0x00002414   0x00000022   Code   RO          334    i.os_error          rtx_conf_cm.o
    0x00002436   0x00002436   0x00000004   Code   RO          335    i.os_idle_demon     rtx_conf_cm.o
    0x0000243a   0x0000243a   0x00000002   PAD
    0x0000243c   0x0000243c   0x00000028   Code   RO         2430    i.os_tick_init      RTX_CM3.lib(rt_system.o)
    0x00002464   0x00002464   0x00000002   Code   RO         2431    i.os_tick_irqack    RTX_CM3.lib(rt_system.o)
    0x00002466   0x00002466   0x00000002   PAD
    0x00002468   0x00002468   0x00000058   Code   RO           13    i.pantalla          rtc.o
    0x000024c0   0x000024c0   0x00000064   Code   RO          216    i.pintarFechaLinea  lcd.o
    0x00002524   0x00002524   0x00000064   Code   RO          217    i.pintarHoraPrimeraLinea  lcd.o
    0x00002588   0x00002588   0x00000054   Code   RO          218    i.refrescoPantalla  lcd.o
    0x000025dc   0x000025dc   0x00000020   Code   RO          219    i.resetDisplay      lcd.o
    0x000025fc   0x000025fc   0x00000020   Code   RO          220    i.retardoMicro      lcd.o
    0x0000261c   0x0000261c   0x00000024   Code   RO          221    i.retardoMili       lcd.o
    0x00002640   0x00002640   0x0000001a   Code   RO         2784    i.rt_alloc_box      RTX_CM3.lib(rt_membox.o)
    0x0000265a   0x0000265a   0x0000003e   Code   RO         2812    i.rt_alloc_mem      RTX_CM3.lib(rt_memory.o)
    0x00002698   0x00002698   0x00000038   Code   RO         1866    i.rt_block          RTX_CM3.lib(rt_task.o)
    0x000026d0   0x000026d0   0x00000048   Code   RO         2761    i.rt_chk_robin      RTX_CM3.lib(rt_robin.o)
    0x00002718   0x00002718   0x00000070   Code   RO         2562    i.rt_dec_dly        RTX_CM3.lib(rt_list.o)
    0x00002788   0x00002788   0x00000044   Code   RO         1867    i.rt_dispatch       RTX_CM3.lib(rt_task.o)
    0x000027cc   0x000027cc   0x00000006   Code   RO         2728    i.rt_dly_wait       RTX_CM3.lib(rt_time.o)
    0x000027d2   0x000027d2   0x00000002   PAD
    0x000027d4   0x000027d4   0x0000001c   Code   RO         2521    i.rt_evt_clr        RTX_CM3.lib(rt_event.o)
    0x000027f0   0x000027f0   0x00000050   Code   RO         2523    i.rt_evt_psh        RTX_CM3.lib(rt_event.o)
    0x00002840   0x00002840   0x0000005c   Code   RO         2524    i.rt_evt_set        RTX_CM3.lib(rt_event.o)
    0x0000289c   0x0000289c   0x0000003c   Code   RO         2525    i.rt_evt_wait       RTX_CM3.lib(rt_event.o)
    0x000028d8   0x000028d8   0x0000002c   Code   RO         2785    i.rt_free_box       RTX_CM3.lib(rt_membox.o)
    0x00002904   0x00002904   0x00000028   Code   RO         2813    i.rt_free_mem       RTX_CM3.lib(rt_memory.o)
    0x0000292c   0x0000292c   0x00000028   Code   RO         2563    i.rt_get_first      RTX_CM3.lib(rt_list.o)
    0x00002954   0x00002954   0x00000008   Code   RO         1294    i.rt_id2obj         RTX_CM3.lib(rt_cmsis.o)
    0x0000295c   0x0000295c   0x00000048   Code   RO         1868    i.rt_init_context   RTX_CM3.lib(rt_task.o)
    0x000029a4   0x000029a4   0x0000001a   Code   RO         2814    i.rt_init_mem       RTX_CM3.lib(rt_memory.o)
    0x000029be   0x000029be   0x00000002   PAD
    0x000029c0   0x000029c0   0x00000018   Code   RO         2762    i.rt_init_robin     RTX_CM3.lib(rt_robin.o)
    0x000029d8   0x000029d8   0x00000080   Code   RO         2839    i.rt_init_stack     RTX_CM3.lib(hal_cm.o)
    0x00002a58   0x00002a58   0x00000008   Code   RO         2640    i.rt_mbx_check      RTX_CM3.lib(rt_mailbox.o)
    0x00002a60   0x00002a60   0x0000001a   Code   RO         2641    i.rt_mbx_init       RTX_CM3.lib(rt_mailbox.o)
    0x00002a7a   0x00002a7a   0x00000002   PAD
    0x00002a7c   0x00002a7c   0x000000f0   Code   RO         2642    i.rt_mbx_psh        RTX_CM3.lib(rt_mailbox.o)
    0x00002b6c   0x00002b6c   0x000000b4   Code   RO         2644    i.rt_mbx_wait       RTX_CM3.lib(rt_mailbox.o)
    0x00002c20   0x00002c20   0x00000044   Code   RO         1295    i.rt_ms2tick        RTX_CM3.lib(rt_cmsis.o)
    0x00002c64   0x00002c64   0x000000d8   Code   RO         1952    i.rt_mut_release    RTX_CM3.lib(rt_mutex.o)
    0x00002d3c   0x00002d3c   0x00000078   Code   RO         1953    i.rt_mut_wait       RTX_CM3.lib(rt_mutex.o)
    0x00002db4   0x00002db4   0x0000007c   Code   RO         2434    i.rt_pop_req        RTX_CM3.lib(rt_system.o)
    0x00002e30   0x00002e30   0x00000020   Code   RO         2435    i.rt_psh_req        RTX_CM3.lib(rt_system.o)
    0x00002e50   0x00002e50   0x0000005c   Code   RO         2565    i.rt_psq_enq        RTX_CM3.lib(rt_list.o)
    0x00002eac   0x00002eac   0x00000048   Code   RO         2566    i.rt_put_dly        RTX_CM3.lib(rt_list.o)
    0x00002ef4   0x00002ef4   0x00000036   Code   RO         2567    i.rt_put_prio       RTX_CM3.lib(rt_list.o)
    0x00002f2a   0x00002f2a   0x00000002   PAD
    0x00002f2c   0x00002f2c   0x00000014   Code   RO         2568    i.rt_put_rdy_first  RTX_CM3.lib(rt_list.o)
    0x00002f40   0x00002f40   0x00000034   Code   RO         2569    i.rt_resort_prio    RTX_CM3.lib(rt_list.o)
    0x00002f74   0x00002f74   0x00000006   Code   RO         2840    i.rt_ret_val        RTX_CM3.lib(hal_cm.o)
    0x00002f7a   0x00002f7a   0x00000008   Code   RO         2841    i.rt_ret_val2       RTX_CM3.lib(hal_cm.o)
    0x00002f82   0x00002f82   0x00000028   Code   RO         2570    i.rt_rmv_dly        RTX_CM3.lib(rt_list.o)
    0x00002faa   0x00002faa   0x00000002   PAD
    0x00002fac   0x00002fac   0x00000030   Code   RO         2571    i.rt_rmv_list       RTX_CM3.lib(rt_list.o)
    0x00002fdc   0x00002fdc   0x00000034   Code   RO         2689    i.rt_sem_psh        RTX_CM3.lib(rt_semaphore.o)
    0x00003010   0x00003010   0x00000024   Code   RO         2437    i.rt_stk_check      RTX_CM3.lib(rt_system.o)
    0x00003034   0x00003034   0x00000028   Code   RO         1869    i.rt_switch_req     RTX_CM3.lib(rt_task.o)
    0x0000305c   0x0000305c   0x000000cc   Code   RO         1870    i.rt_sys_init       RTX_CM3.lib(rt_task.o)
    0x00003128   0x00003128   0x00000078   Code   RO         1871    i.rt_sys_start      RTX_CM3.lib(rt_task.o)
    0x000031a0   0x000031a0   0x00000040   Code   RO         2439    i.rt_systick        RTX_CM3.lib(rt_system.o)
    0x000031e0   0x000031e0   0x00000012   Code   RO         1296    i.rt_tid2ptcb       RTX_CM3.lib(rt_cmsis.o)
    0x000031f2   0x000031f2   0x00000002   PAD
    0x000031f4   0x000031f4   0x00000034   Code   RO         1297    i.rt_timer_insert   RTX_CM3.lib(rt_cmsis.o)
    0x00003228   0x00003228   0x00000088   Code   RO         1872    i.rt_tsk_create     RTX_CM3.lib(rt_task.o)
    0x000032b0   0x000032b0   0x0000017c   Code   RO         1873    i.rt_tsk_delete     RTX_CM3.lib(rt_task.o)
    0x0000342c   0x0000342c   0x0000007c   Code   RO         1875    i.rt_tsk_prio       RTX_CM3.lib(rt_task.o)
    0x000034a8   0x000034a8   0x00000010   Code   RO         1876    i.rt_tsk_self       RTX_CM3.lib(rt_task.o)
    0x000034b8   0x000034b8   0x00000050   Code   RO           14    i.set_alarma        rtc.o
    0x00003508   0x00003508   0x00000012   Code   RO         1299    i.svcDelay          RTX_CM3.lib(rt_cmsis.o)
    0x0000351a   0x0000351a   0x00000002   PAD
    0x0000351c   0x0000351c   0x00000070   Code   RO         1300    i.svcKernelInitialize  RTX_CM3.lib(rt_cmsis.o)
    0x0000358c   0x0000358c   0x00000048   Code   RO         1302    i.svcKernelStart    RTX_CM3.lib(rt_cmsis.o)
    0x000035d4   0x000035d4   0x00000024   Code   RO         1305    i.svcMessageCreate  RTX_CM3.lib(rt_cmsis.o)
    0x000035f8   0x000035f8   0x0000003a   Code   RO         1306    i.svcMessageGet     RTX_CM3.lib(rt_cmsis.o)
    0x00003632   0x00003632   0x00000024   Code   RO         1317    i.svcSignalClear    RTX_CM3.lib(rt_cmsis.o)
    0x00003656   0x00003656   0x00000024   Code   RO         1318    i.svcSignalSet      RTX_CM3.lib(rt_cmsis.o)
    0x0000367a   0x0000367a   0x00000002   PAD
    0x0000367c   0x0000367c   0x00000054   Code   RO         1319    i.svcSignalWait     RTX_CM3.lib(rt_cmsis.o)
    0x000036d0   0x000036d0   0x0000006c   Code   RO         1320    i.svcThreadCreate   RTX_CM3.lib(rt_cmsis.o)
    0x0000373c   0x0000373c   0x0000001c   Code   RO         1321    i.svcThreadGetId    RTX_CM3.lib(rt_cmsis.o)
    0x00003758   0x00003758   0x00000038   Code   RO         1324    i.svcThreadTerminate  RTX_CM3.lib(rt_cmsis.o)
    0x00003790   0x00003790   0x00000018   Code   RO         1326    i.svcTimerCall      RTX_CM3.lib(rt_cmsis.o)
    0x000037a8   0x000037a8   0x0000005c   Code   RO         1335    i.sysTimerTick      RTX_CM3.lib(rt_cmsis.o)
    0x00003804   0x00003804   0x00000034   Code   RO          222    i.wr_cmd            lcd.o
    0x00003838   0x00003838   0x00000034   Code   RO          223    i.wr_data           lcd.o
    0x0000386c   0x0000386c   0x00000020   Data   RO           16    .constdata          rtc.o
    0x0000388c   0x0000388c   0x00000960   Data   RO          225    .constdata          lcd.o
    0x000041ec   0x000041ec   0x00000068   Data   RO          337    .constdata          rtx_conf_cm.o
    0x00004254   0x00004254   0x0000007c   Data   RO          646    .constdata          ssp_lpc17xx.o
    0x000042d0   0x000042d0   0x00000030   Data   RO         3343    Region$$Table       anon$$obj.o


    Execution Region RW_IRAM1 (Exec base: 0x10000000, Load base: 0x00004300, Size: 0x00002a74, Max: 0x00008000, ABSOLUTE)

    Exec Addr    Load Addr    Size         Type   Attr      Idx    E Section Name        Object

    0x10000000        -       0x00002a74   Zero   RW          474    .bss                emac_lpc17xx.o


    Execution Region RW_IRAM2 (Exec base: 0x2007c000, Load base: 0x00004300, Size: 0x000016e0, Max: 0x00008000, ABSOLUTE)

    Exec Addr    Load Addr    Size         Type   Attr      Idx    E Section Name        Object

    0x2007c000   0x00004300   0x00000028   Data   RW           17    .data               rtc.o
    0x2007c028   0x00004328   0x00000014   Data   RW          226    .data               lcd.o
    0x2007c03c   0x0000433c   0x00000014   Data   RW          338    .data               rtx_conf_cm.o
    0x2007c050   0x00004350   0x00000010   Data   RW          647    .data               ssp_lpc17xx.o
    0x2007c060   0x00004360   0x00000008   Data   RW          804    .data               gpdma_lpc17xx.o
    0x2007c068   0x00004368   0x00000004   Data   RW          983    .data               system_lpc17xx.o
    0x2007c06c   0x0000436c   0x00000008   Data   RW         1338    .data               RTX_CM3.lib(rt_cmsis.o)
    0x2007c074   0x00004374   0x00000008   Data   RW         1878    .data               RTX_CM3.lib(rt_task.o)
    0x2007c07c   0x0000437c   0x00000008   Data   RW         2442    .data               RTX_CM3.lib(rt_system.o)
    0x2007c084   0x00004384   0x00000004   Data   RW         2732    .data               RTX_CM3.lib(rt_time.o)
    0x2007c088   0x00004388   0x00000008   Data   RW         2763    .data               RTX_CM3.lib(rt_robin.o)
    0x2007c090   0x00004390   0x00000001   Data   RW         2842    .data               RTX_CM3.lib(hal_cm.o)
    0x2007c091   0x00004391   0x00000003   PAD
    0x2007c094        -       0x000000b2   Zero   RW          224    .bss                lcd.o
    0x2007c146   0x00004391   0x00000002   PAD
    0x2007c148        -       0x00001208   Zero   RW          336    .bss                rtx_conf_cm.o
    0x2007d350        -       0x00000028   Zero   RW          645    .bss                ssp_lpc17xx.o
    0x2007d378        -       0x000000a0   Zero   RW          803    .bss                gpdma_lpc17xx.o
    0x2007d418        -       0x00000034   Zero   RW         1877    .bss                RTX_CM3.lib(rt_task.o)
    0x2007d44c        -       0x00000030   Zero   RW         2572    .bss                RTX_CM3.lib(rt_list.o)
    0x2007d47c        -       0x00000060   Zero   RW         3066    .bss                c_w.l(libspace.o)
    0x2007d4dc   0x00004391   0x00000004   PAD
    0x2007d4e0        -       0x00000000   Zero   RW          969    HEAP                startup_lpc17xx.o
    0x2007d4e0        -       0x00000200   Zero   RW          968    STACK               startup_lpc17xx.o


==============================================================================

Image component sizes


      Code (inc. data)   RO Data    RW Data    ZI Data      Debug   Object Name

        72         10          0          0      10868      38497   emac_lpc17xx.o
      1188         94          0          8        160       8642   gpdma_lpc17xx.o
        96          8          0          0          0       1282   gpio_lpc17xx.o
      1044        126       2400         20        178       7714   lcd.o
        44          0          0          0          0        407   main.o
         0          0          0          0          0        844   phy_dp83848c.o
       252          6          0          0          0        844   pin_lpc17xx.o
       620        108         32         40          0      63511   rtc.o
       126         26        104         20       4616       9175   rtx_conf_cm.o
      3834        104        124         16         40      27952   ssp_lpc17xx.o
        64         26        204          0        512        992   startup_lpc17xx.o
       320         18          0          4          0        799   system_lpc17xx.o

    ----------------------------------------------------------------------
      7664        526       2912        108      16376     160659   Object Totals
         0          0         48          0          0          0   (incl. Generated)
         4          0          0          0          2          0   (incl. Padding)

    ----------------------------------------------------------------------

      Code (inc. data)   RO Data    RW Data    ZI Data      Debug   Library Member Name

       238         24          0          1          0       3244   hal_cm.o
       304         36          0          0          0        756   hal_cm3.o
      1416        164          0          8          0      37915   rt_cmsis.o
       300         24          0          0          0       3131   rt_event.o
       530         34          0          0         48       8157   rt_list.o
       554         10          0          0          0       3889   rt_mailbox.o
       140          0          0          0          0       1889   rt_membox.o
       128          0          0          0          0       2267   rt_memory.o
       336         14          0          0          0       1623   rt_mutex.o
        96         22          0          8          0       1134   rt_robin.o
        52          4          0          0          0        565   rt_semaphore.o
       298         52          0          8          0       6139   rt_system.o
      1216        174          0          8         52       9537   rt_task.o
         6          0          0          4          0        636   rt_time.o
         4          4          0          0          0        196   svc_table.o
         8          0          0          0          0         68   __main.o
       104          0          0          0          0         84   __printf.o
         0          0          0          0          0          0   __rtentry.o
        20          0          0          0          0          0   __rtentry2.o
         6          0          0          0          0          0   __rtentry4.o
        52          8          0          0          0          0   __scatter.o
        26          0          0          0          0          0   __scatter_copy.o
        28          0          0          0          0          0   __scatter_zi.o
        48          6          0          0          0         96   _printf_char_common.o
         6          0          0          0          0          0   _printf_d.o
       120         16          0          0          0         92   _printf_dec.o
       178          0          0          0          0         88   _printf_intcommon.o
         0          0          0          0          0          0   _printf_percent.o
         4          0          0          0          0          0   _printf_percent_end.o
        10          0          0          0          0         68   _sputc.o
        18          0          0          0          0         80   exit.o
         6          0          0          0          0        152   heapauxi.o
         0          0          0          0          0          0   indicate_semi.o
         2          0          0          0          0          0   libinit.o
         2          0          0          0          0          0   libinit2.o
         2          0          0          0          0          0   libshutdown.o
         2          0          0          0          0          0   libshutdown2.o
         8          4          0          0         96         68   libspace.o
        40          6          0          0          0         84   noretval__2sprintf.o
        78          0          0          0          0         80   rt_memclr_w.o
         2          0          0          0          0          0   rtexit.o
        10          0          0          0          0          0   rtexit2.o
        62          0          0          0          0         76   strlen.o
        12          4          0          0          0         68   sys_exit.o
        74          0          0          0          0         80   sys_stackheap_outer.o
         2          0          0          0          0         68   use_no_semi.o

    ----------------------------------------------------------------------
      6576        606          0         40        200      82330   Library Totals
        28          0          0          3          4          0   (incl. Padding)

    ----------------------------------------------------------------------

      Code (inc. data)   RO Data    RW Data    ZI Data      Debug   Library Name

      5618        562          0         37        100      81078   RTX_CM3.lib
       930         44          0          0         96       1252   c_w.l

    ----------------------------------------------------------------------
      6576        606          0         40        200      82330   Library Totals

    ----------------------------------------------------------------------

==============================================================================


      Code (inc. data)   RO Data    RW Data    ZI Data      Debug   

     14240       1132       2912        148      16576     234613   Grand Totals
     14240       1132       2912        148      16576     234613   ELF Image Totals
     14240       1132       2912        148          0          0   ROM Totals

==============================================================================

    Total RO  Size (Code + RO Data)                17152 (  16.75kB)
    Total RW  Size (RW Data + ZI Data)             16724 (  16.33kB)
    Total ROM Size (Code + RO Data + RW Data)      17300 (  16.89kB)

==============================================================================

