Component: ARM Compiler 5.06 update 7 (build 960) Tool: armlink [4d3601]

==============================================================================

Section Cross References

    main.o(.text) refers to esclavo_i2c.o(.text) for Init_i2c
    main.o(.text) refers to rt_cmsis.o(i.osKernelInitialize) for osKernelInitialize
    main.o(.text) refers to rt_cmsis.o(i.osKernelStart) for osKernelStart
    esclavo_i2c.o(.text) refers to rt_cmsis.o(i.osSignalSet) for osSignalSet
    esclavo_i2c.o(.text) refers to rt_cmsis.o(i.osThreadCreate) for osThreadCreate
    esclavo_i2c.o(.text) refers to rt_cmsis.o(i.osDelay) for osDelay
    esclavo_i2c.o(.text) refers to rt_cmsis.o(i.osSignalWait) for osSignalWait
    esclavo_i2c.o(.text) refers to rt_cmsis.o(i.osThreadYield) for osThreadYield
    esclavo_i2c.o(.text) refers to esclavo_i2c.o(.data) for .data
    esclavo_i2c.o(.text) refers to esclavo_i2c.o(.constdata) for .constdata
    esclavo_i2c.o(.text) refers to esclavo_i2c.o(.bss) for .bss
    esclavo_i2c.o(.constdata) refers to esclavo_i2c.o(.text) for Esclavo_I2C
    esclavo_i2c.o(.data) refers to i2c_lpc17xx.o(.constdata) for Driver_I2C2
    rtx_conf_cm.o(.emb_text) refers to rt_cmsis.o(i.osKernelInitialize) for osKernelInitialize
    rtx_conf_cm.o(.emb_text) refers to rt_cmsis.o(i.osThreadCreate) for osThreadCreate
    rtx_conf_cm.o(.emb_text) refers to rt_cmsis.o(i.osKernelStart) for osKernelStart
    rtx_conf_cm.o(.emb_text) refers to exit.o(.text) for exit
    rtx_conf_cm.o(.emb_text) refers to rtx_conf_cm.o(.constdata) for os_thread_def_main
    rtx_conf_cm.o(.text) refers to rt_task.o(i.rt_tsk_self) for rt_tsk_self
    rtx_conf_cm.o(.text) refers to rt_mutex.o(i.rt_mut_init) for rt_mut_init
    rtx_conf_cm.o(.text) refers to rt_cmsis.o(.data) for os_running
    rtx_conf_cm.o(.text) refers to rtx_conf_cm.o(.bss) for .bss
    rtx_conf_cm.o(.text) refers to libspace.o(.bss) for __libspace_start
    rtx_conf_cm.o(.text) refers to rtx_conf_cm.o(.data) for .data
    rtx_conf_cm.o(.text) refers to rt_mutex.o(i.rt_mut_wait) for rt_mut_wait
    rtx_conf_cm.o(.text) refers to rt_mutex.o(i.rt_mut_release) for rt_mut_release
    rtx_conf_cm.o(.constdata) refers to rt_cmsis.o(i.osTimerThread) for osTimerThread
    rtx_conf_cm.o(.constdata) refers to rtx_conf_cm.o(.bss) for os_messageQ_q_osTimerMessageQ
    rtx_conf_cm.o(.constdata) refers to main.o(.text) for main
    i2c_lpc17xx.o(.text) refers to pin_lpc17xx.o(.text) for PIN_ConfigureI2C0Pins
    i2c_lpc17xx.o(.text) refers to i2c_lpc17xx.o(.constdata) for .constdata
    i2c_lpc17xx.o(.text) refers to system_lpc17xx.o(.data) for SystemCoreClock
    i2c_lpc17xx.o(.text) refers to rt_memclr_w.o(.text) for __aeabi_memclr4
    i2c_lpc17xx.o(.text) refers to i2c_lpc17xx.o(.bss) for .bss
    i2c_lpc17xx.o(.constdata) refers to i2c_lpc17xx.o(.data) for I2C2_PIN
    i2c_lpc17xx.o(.constdata) refers to i2c_lpc17xx.o(.bss) for I2C2_Ctrl
    i2c_lpc17xx.o(.constdata) refers to i2c_lpc17xx.o(.text) for I2C_GetVersion
    startup_lpc17xx.o(STACK) refers (Special) to heapauxi.o(.text) for __use_two_region_memory
    startup_lpc17xx.o(HEAP) refers (Special) to heapauxi.o(.text) for __use_two_region_memory
    startup_lpc17xx.o(RESET) refers (Special) to heapauxi.o(.text) for __use_two_region_memory
    startup_lpc17xx.o(RESET) refers to startup_lpc17xx.o(STACK) for __initial_sp
    startup_lpc17xx.o(RESET) refers to startup_lpc17xx.o(.text) for Reset_Handler
    startup_lpc17xx.o(RESET) refers to hal_cm3.o(.emb_text) for SVC_Handler
    startup_lpc17xx.o(RESET) refers to i2c_lpc17xx.o(.text) for I2C2_IRQHandler
    startup_lpc17xx.o(.ARM.__at_0x02FC) refers (Special) to heapauxi.o(.text) for __use_two_region_memory
    startup_lpc17xx.o(.text) refers (Special) to heapauxi.o(.text) for __use_two_region_memory
    startup_lpc17xx.o(.text) refers to system_lpc17xx.o(.text) for SystemInit
    startup_lpc17xx.o(.text) refers to __main.o(!!!main) for __main
    startup_lpc17xx.o(.text) refers to startup_lpc17xx.o(HEAP) for Heap_Mem
    startup_lpc17xx.o(.text) refers to startup_lpc17xx.o(STACK) for Stack_Mem
    system_lpc17xx.o(.text) refers to lludivv7m.o(.text) for __aeabi_uldivmod
    system_lpc17xx.o(.text) refers to system_lpc17xx.o(.data) for .data
    rt_cmsis.o(i.isrMessageGet) refers to rt_mailbox.o(i.isr_mbx_receive) for isr_mbx_receive
    rt_cmsis.o(i.isrMessagePut) refers to rt_mailbox.o(i.rt_mbx_check) for rt_mbx_check
    rt_cmsis.o(i.isrMessagePut) refers to rt_mailbox.o(i.isr_mbx_send) for isr_mbx_send
    rt_cmsis.o(i.isrSemaphoreRelease) refers to rt_cmsis.o(i.rt_id2obj) for rt_id2obj
    rt_cmsis.o(i.isrSemaphoreRelease) refers to rt_semaphore.o(i.isr_sem_send) for isr_sem_send
    rt_cmsis.o(i.isrSignalSet) refers to rt_cmsis.o(i.rt_tid2ptcb) for rt_tid2ptcb
    rt_cmsis.o(i.isrSignalSet) refers to rt_event.o(i.isr_evt_set) for isr_evt_set
    rt_cmsis.o(i.osDelay) refers to rt_cmsis.o(i.svcDelay) for svcDelay
[...]
    ../clib/angel/handlers.s                 0x00000000   Number         0  __scatter_copy.o ABSOLUTE
    ../clib/angel/kernel.s                   0x00000000   Number         0  __rtentry4.o ABSOLUTE
    ../clib/angel/kernel.s                   0x00000000   Number         0  rtexit2.o ABSOLUTE
    ../clib/angel/kernel.s                   0x00000000   Number         0  __rtentry.o ABSOLUTE
    ../clib/angel/kernel.s                   0x00000000   Number         0  rtexit.o ABSOLUTE
    ../clib/angel/kernel.s                   0x00000000   Number         0  __rtentry2.o ABSOLUTE
    ../clib/angel/rt.s                       0x00000000   Number         0  rt_div0.o ABSOLUTE
    ../clib/angel/rt.s                       0x00000000   Number         0  aeabi_ldiv0_sigfpe.o ABSOLUTE
    ../clib/angel/rt.s                       0x00000000   Number         0  aeabi_ldiv0.o ABSOLUTE
    ../clib/angel/rt.s                       0x00000000   Number         0  rt_raise.o ABSOLUTE
    ../clib/angel/scatter.s                  0x00000000   Number         0  __scatter.o ABSOLUTE
    ../clib/angel/startup.s                  0x00000000   Number         0  __main.o ABSOLUTE
    ../clib/angel/sys.s                      0x00000000   Number         0  sys_stackheap_outer.o ABSOLUTE
    ../clib/angel/sys.s                      0x00000000   Number         0  use_no_semi.o ABSOLUTE
    ../clib/angel/sys.s                      0x00000000   Number         0  indicate_semi.o ABSOLUTE
    ../clib/angel/sys.s                      0x00000000   Number         0  libspace.o ABSOLUTE
    ../clib/angel/sysapp.c                   0x00000000   Number         0  sys_exit.o ABSOLUTE
    ../clib/angel/sysapp.c                   0x00000000   Number         0  sys_wrch.o ABSOLUTE
    ../clib/angel/sysapp.c                   0x00000000   Number         0  sys_command.o ABSOLUTE
    ../clib/armsys.c                         0x00000000   Number         0  _get_argv_nomalloc.o ABSOLUTE
    ../clib/armsys.c                         0x00000000   Number         0  argv_veneer.o ABSOLUTE
    ../clib/armsys.c                         0x00000000   Number         0  argv_veneer.o ABSOLUTE
    ../clib/armsys.c                         0x00000000   Number         0  no_argv.o ABSOLUTE
    ../clib/heapalloc.c                      0x00000000   Number         0  hrguard.o ABSOLUTE
    ../clib/heapaux.c                        0x00000000   Number         0  heapauxi.o ABSOLUTE
    ../clib/libinit.s                        0x00000000   Number         0  libinit2.o ABSOLUTE
    ../clib/libinit.s                        0x00000000   Number         0  libshutdown2.o ABSOLUTE
    ../clib/libinit.s                        0x00000000   Number         0  libshutdown.o ABSOLUTE
    ../clib/libinit.s                        0x00000000   Number         0  libinit.o ABSOLUTE
    ../clib/longlong.s                       0x00000000   Number         0  lludivv7m.o ABSOLUTE
    ../clib/memcpset.s                       0x00000000   Number         0  rt_memclr_w.o ABSOLUTE
    ../clib/signal.c                         0x00000000   Number         0  defsig_segv_inner.o ABSOLUTE
    ../clib/signal.c                         0x00000000   Number         0  defsig_cppl_inner.o ABSOLUTE
    ../clib/signal.c                         0x00000000   Number         0  defsig_fpe_inner.o ABSOLUTE
    ../clib/signal.c                         0x00000000   Number         0  defsig_rtmem_outer.o ABSOLUTE
    ../clib/signal.c                         0x00000000   Number         0  defsig_stak_inner.o ABSOLUTE
    ../clib/signal.c                         0x00000000   Number         0  defsig_rtmem_formal.o ABSOLUTE
    ../clib/signal.c                         0x00000000   Number         0  defsig_rtmem_inner.o ABSOLUTE
    ../clib/signal.c                         0x00000000   Number         0  __raise.o ABSOLUTE
    ../clib/signal.c                         0x00000000   Number         0  defsig_exit.o ABSOLUTE
    ../clib/signal.c                         0x00000000   Number         0  defsig_general.o ABSOLUTE
    ../clib/signal.c                         0x00000000   Number         0  defsig_fpe_outer.o ABSOLUTE
    ../clib/signal.c                         0x00000000   Number         0  defsig_fpe_formal.o ABSOLUTE
    ../clib/signal.c                         0x00000000   Number         0  defsig_pvfn_inner.o ABSOLUTE
    ../clib/signal.c                         0x00000000   Number         0  defsig_abrt_inner.o ABSOLUTE
    ../clib/signal.c                         0x00000000   Number         0  defsig_rtred_inner.o ABSOLUTE
    ../clib/signal.c                         0x00000000   Number         0  defsig_other.o ABSOLUTE
    ../clib/signal.s                         0x00000000   Number         0  defsig.o ABSOLUTE
    ../clib/stdlib.c                         0x00000000   Number         0  exit.o ABSOLUTE
    ../fplib/fpinit.s                        0x00000000   Number         0  fpinit.o ABSOLUTE
    ..\HAL_CM.c                              0x00000000   Number         0  hal_cm.o ABSOLUTE
    ..\\rt_CMSIS.c                           0x00000000   Number         0  rt_cmsis.o ABSOLUTE
    ..\\rt_System.c                          0x00000000   Number         0  rt_system.o ABSOLUTE
    ..\rt_CMSIS.c                            0x00000000   Number         0  rt_cmsis.o ABSOLUTE
    ..\rt_Event.c                            0x00000000   Number         0  rt_event.o ABSOLUTE
    ..\rt_List.c                             0x00000000   Number         0  rt_list.o ABSOLUTE
    ..\rt_Mailbox.c                          0x00000000   Number         0  rt_mailbox.o ABSOLUTE
    ..\rt_MemBox.c                           0x00000000   Number         0  rt_membox.o ABSOLUTE
    ..\rt_Memory.c                           0x00000000   Number         0  rt_memory.o ABSOLUTE
    ..\rt_Mutex.c                            0x00000000   Number         0  rt_mutex.o ABSOLUTE
    ..\rt_Robin.c                            0x00000000   Number         0  rt_robin.o ABSOLUTE
    ..\rt_Semaphore.c                        0x00000000   Number         0  rt_semaphore.o ABSOLUTE
    ..\rt_System.c                           0x00000000   Number         0  rt_system.o ABSOLUTE
    ..\rt_Task.c                             0x00000000   Number         0  rt_task.o ABSOLUTE
    ..\rt_Time.c                             0x00000000   Number         0  rt_time.o ABSOLUTE
    C:\Keil_v5\ARM\PACK\Keil\LPC1700_DFP\2.5.0\RTE_Driver\GPIO_LPC17xx.c 0x00000000   Number         0  gpio_lpc17xx.o ABSOLUTE
    C:\Keil_v5\ARM\PACK\Keil\LPC1700_DFP\2.5.0\RTE_Driver\I2C_LPC17xx.c 0x00000000   Number         0  i2c_lpc17xx.o ABSOLUTE
    C:\Keil_v5\ARM\PACK\Keil\LPC1700_DFP\2.5.0\RTE_Driver\PIN_LPC17xx.c 0x00000000   Number         0  pin_lpc17xx.o ABSOLUTE
    C:\\Keil_v5\\ARM\\PACK\\Keil\\LPC1700_DFP\\2.5.0\\RTE_Driver\\GPIO_LPC17xx.c 0x00000000   Number         0  gpio_lpc17xx.o ABSOLUTE
    C:\\Keil_v5\\ARM\\PACK\\Keil\\LPC1700_DFP\\2.5.0\\RTE_Driver\\I2C_LPC17xx.c 0x00000000   Number         0  i2c_lpc17xx.o ABSOLUTE
    C:\\Keil_v5\\ARM\\PACK\\Keil\\LPC1700_DFP\\2.5.0\\RTE_Driver\\PIN_LPC17xx.c 0x00000000   Number         0  pin_lpc17xx.o ABSOLUTE
    Esclavo_I2C.c                            0x00000000   Number         0  esclavo_i2c.o ABSOLUTE
    HAL_CM3.c                                0x00000000   Number         0  hal_cm3.o ABSOLUTE
    HAL_CM3.c                                0x00000000   Number         0  hal_cm3.o ABSOLUTE
    RTE\CMSIS\RTX_Conf_CM.c                  0x00000000   Number         0  rtx_conf_cm.o ABSOLUTE
    RTE\Device\LPC1768\startup_LPC17xx.s     0x00000000   Number         0  startup_lpc17xx.o ABSOLUTE
    RTE\Device\LPC1768\system_LPC17xx.c      0x00000000   Number         0  system_lpc17xx.o ABSOLUTE
    RTE\\CMSIS\\RTX_Conf_CM.c                0x00000000   Number         0  rtx_conf_cm.o ABSOLUTE
    RTE\\Device\\LPC1768\\system_LPC17xx.c   0x00000000   Number         0  system_lpc17xx.o ABSOLUTE
    SVC_Table.s                              0x00000000   Number         0  svc_table.o ABSOLUTE
    dc.s                                     0x00000000   Number         0  dc.o ABSOLUTE
    main.c                                   0x00000000   Number         0  main.o ABSOLUTE
    !!!main                                  0x000000cc   Section        8  __main.o(!!!main)
    !!!scatter                               0x000000d4   Section       52  __scatter.o(!!!scatter)
    !!handler_copy                           0x00000108   Section       26  __scatter_copy.o(!!handler_copy)
    !!handler_zi                             0x00000124   Section       28  __scatter_zi.o(!!handler_zi)
    .ARM.Collect$$libinit$$00000000          0x00000140   Section        2  libinit.o(.ARM.Collect$$libinit$$00000000)
    .ARM.Collect$$libinit$$00000002          0x00000142   Section        0  libinit2.o(.ARM.Collect$$libinit$$00000002)
    .ARM.Collect$$libinit$$00000004          0x00000142   Section        0  libinit2.o(.ARM.Collect$$libinit$$00000004)
    .ARM.Collect$$libinit$$0000000A          0x00000142   Section        0  libinit2.o(.ARM.Collect$$libinit$$0000000A)
    .ARM.Collect$$libinit$$0000000C          0x00000142   Section        0  libinit2.o(.ARM.Collect$$libinit$$0000000C)
    .ARM.Collect$$libinit$$0000000E          0x00000142   Section        0  libinit2.o(.ARM.Collect$$libinit$$0000000E)
    .ARM.Collect$$libinit$$00000011          0x00000142   Section        0  libinit2.o(.ARM.Collect$$libinit$$00000011)
    .ARM.Collect$$libinit$$00000013          0x00000142   Section        0  libinit2.o(.ARM.Collect$$libinit$$00000013)
    .ARM.Collect$$libinit$$00000015          0x00000142   Section        0  libinit2.o(.ARM.Collect$$libinit$$00000015)
    .ARM.Collect$$libinit$$00000017          0x00000142   Section        0  libinit2.o(.ARM.Collect$$libinit$$00000017)
    .ARM.Collect$$libinit$$00000019          0x00000142   Section        0  libinit2.o(.ARM.Collect$$libinit$$00000019)
    .ARM.Collect$$libinit$$0000001B          0x00000142   Section        0  libinit2.o(.ARM.Collect$$libinit$$0000001B)
    .ARM.Collect$$libinit$$0000001D          0x00000142   Section        0  libinit2.o(.ARM.Collect$$libinit$$0000001D)
    .ARM.Collect$$libinit$$0000001F          0x00000142   Section        0  libinit2.o(.ARM.Collect$$libinit$$0000001F)
    .ARM.Collect$$libinit$$00000021          0x00000142   Section        0  libinit2.o(.ARM.Collect$$libinit$$00000021)
    .ARM.Collect$$libinit$$00000023          0x00000142   Section        0  libinit2.o(.ARM.Collect$$libinit$$00000023)
    .ARM.Collect$$libinit$$00000025          0x00000142   Section        0  libinit2.o(.ARM.Collect$$libinit$$00000025)
    .ARM.Collect$$libinit$$0000002C          0x00000142   Section        0  libinit2.o(.ARM.Collect$$libinit$$0000002C)
    .ARM.Collect$$libinit$$0000002E          0x00000142   Section        0  libinit2.o(.ARM.Collect$$libinit$$0000002E)
    .ARM.Collect$$libinit$$00000030          0x00000142   Section        0  libinit2.o(.ARM.Collect$$libinit$$00000030)
    .ARM.Collect$$libinit$$00000032          0x00000142   Section        0  libinit2.o(.ARM.Collect$$libinit$$00000032)
    .ARM.Collect$$libinit$$00000033          0x00000142   Section        2  libinit2.o(.ARM.Collect$$libinit$$00000033)
    .ARM.Collect$$libshutdown$$00000000      0x00000144   Section        2  libshutdown.o(.ARM.Collect$$libshutdown$$00000000)
    .ARM.Collect$$libshutdown$$00000002      0x00000146   Section        0  libshutdown2.o(.ARM.Collect$$libshutdown$$00000002)
    .ARM.Collect$$libshutdown$$00000004      0x00000146   Section        0  libshutdown2.o(.ARM.Collect$$libshutdown$$00000004)
    .ARM.Collect$$libshutdown$$00000006      0x00000146   Section        0  libshutdown2.o(.ARM.Collect$$libshutdown$$00000006)
    .ARM.Collect$$libshutdown$$00000009      0x00000146   Section        0  libshutdown2.o(.ARM.Collect$$libshutdown$$00000009)
    .ARM.Collect$$libshutdown$$0000000C      0x00000146   Section        0  libshutdown2.o(.ARM.Collect$$libshutdown$$0000000C)
    .ARM.Collect$$libshutdown$$0000000E      0x00000146   Section        0  libshutdown2.o(.ARM.Collect$$libshutdown$$0000000E)
    .ARM.Collect$$libshutdown$$00000011      0x00000146   Section        0  libshutdown2.o(.ARM.Collect$$libshutdown$$00000011)
    .ARM.Collect$$libshutdown$$00000012      0x00000146   Section        2  libshutdown2.o(.ARM.Collect$$libshutdown$$00000012)
    .ARM.Collect$$rtentry$$00000000          0x00000148   Section        0  __rtentry.o(.ARM.Collect$$rtentry$$00000000)
    .ARM.Collect$$rtentry$$00000002          0x00000148   Section        0  __rtentry2.o(.ARM.Collect$$rtentry$$00000002)
    .ARM.Collect$$rtentry$$00000004          0x00000148   Section        6  __rtentry4.o(.ARM.Collect$$rtentry$$00000004)
    .ARM.Collect$$rtentry$$00000009          0x0000014e   Section        0  __rtentry2.o(.ARM.Collect$$rtentry$$00000009)
    .ARM.Collect$$rtentry$$0000000A          0x0000014e   Section        4  __rtentry2.o(.ARM.Collect$$rtentry$$0000000A)
    .ARM.Collect$$rtentry$$0000000B          0x00000152   Section        8  __rtentry2.o(.ARM.Collect$$rtentry$$0000000B)
    .ARM.Collect$$rtentry$$0000000D          0x0000015a   Section        8  __rtentry2.o(.ARM.Collect$$rtentry$$0000000D)
    .ARM.Collect$$rtexit$$00000000           0x00000162   Section        2  rtexit.o(.ARM.Collect$$rtexit$$00000000)
    .ARM.Collect$$rtexit$$00000002           0x00000164   Section        0  rtexit2.o(.ARM.Collect$$rtexit$$00000002)
    .ARM.Collect$$rtexit$$00000003           0x00000164   Section        4  rtexit2.o(.ARM.Collect$$rtexit$$00000003)
    .ARM.Collect$$rtexit$$00000004           0x00000168   Section        6  rtexit2.o(.ARM.Collect$$rtexit$$00000004)
    .emb_text                                0x00000170   Section       28  rtx_conf_cm.o(.emb_text)
    .emb_text                                0x0000018c   Section      304  hal_cm3.o(.emb_text)
    .text                                    0x000002bc   Section        0  main.o(.text)
    .text                                    0x000002d4   Section        8  libspace.o(.text)
    .text                                    0x000002dc   Section        0  exit.o(.text)
    .text                                    0x000002ee   Section        0  heapauxi.o(.text)
    .text                                    0x000002f4   Section        2  use_no_semi.o(.text)
    .text                                    0x000002f6   Section        0  indicate_semi.o(.text)
    SVC_TABLE                                0x000002f8   Section        4  svc_table.o(SVC_TABLE)
    .ARM.__at_0x02FC                         0x000002fc   Section        4  startup_lpc17xx.o(.ARM.__at_0x02FC)
    .text                                    0x00000300   Section        0  esclavo_i2c.o(.text)
    .text                                    0x00000414   Section        0  rtx_conf_cm.o(.text)
    __tagsym$$used                           0x0000045b   Number         0  rtx_conf_cm.o(.text)
    __tagsym$$used                           0x00000471   Number         0  rtx_conf_cm.o(.text)
    .text                                    0x000004a0   Section        0  i2c_lpc17xx.o(.text)
    I2C_GetVersion                           0x000004a1   Thumb Code     6  i2c_lpc17xx.o(.text)
    I2C_GetCapabilities                      0x000004a7   Thumb Code     6  i2c_lpc17xx.o(.text)
    I2Cx_PowerControl                        0x000004ad   Thumb Code   252  i2c_lpc17xx.o(.text)
    I2Cx_Control                             0x000005a9   Thumb Code   336  i2c_lpc17xx.o(.text)
    I2Cx_MasterHandler                       0x000006f9   Thumb Code   326  i2c_lpc17xx.o(.text)
    I2Cx_SlaveHandler                        0x0000083f   Thumb Code   350  i2c_lpc17xx.o(.text)
    I2C2_Initialize                          0x0000099d   Thumb Code    70  i2c_lpc17xx.o(.text)
    I2C2_Uninitialize                        0x000009e3   Thumb Code    46  i2c_lpc17xx.o(.text)
    I2C2_PowerControl                        0x00000a11   Thumb Code     4  i2c_lpc17xx.o(.text)
    I2C2_MasterTransmit                      0x00000a15   Thumb Code    12  i2c_lpc17xx.o(.text)
    I2C2_MasterReceive                       0x00000a21   Thumb Code    12  i2c_lpc17xx.o(.text)
    I2C2_SlaveTransmit                       0x00000a2d   Thumb Code     6  i2c_lpc17xx.o(.text)
    I2C2_SlaveReceive                        0x00000a33   Thumb Code     6  i2c_lpc17xx.o(.text)
    I2C2_GetDataCount                        0x00000a39   Thumb Code     6  i2c_lpc17xx.o(.text)
    I2C2_Control                             0x00000a3f   Thumb Code     4  i2c_lpc17xx.o(.text)
    I2C2_GetStatus                           0x00000a43   Thumb Code     8  i2c_lpc17xx.o(.text)
    __NVIC_EnableIRQ                         0x00000a77   Thumb Code    26  i2c_lpc17xx.o(.text)
    __NVIC_DisableIRQ                        0x00000a91   Thumb Code    34  i2c_lpc17xx.o(.text)
    __NVIC_ClearPendingIRQ                   0x00000ab3   Thumb Code    26  i2c_lpc17xx.o(.text)
    I2Cx_MasterTransmit                      0x00000acd   Thumb Code   170  i2c_lpc17xx.o(.text)
    I2Cx_MasterReceive                       0x00000b77   Thumb Code   172  i2c_lpc17xx.o(.text)
    I2Cx_SlaveTransmit                       0x00000c23   Thumb Code   106  i2c_lpc17xx.o(.text)
    I2Cx_SlaveReceive                        0x00000c8d   Thumb Code   104  i2c_lpc17xx.o(.text)
    .text                                    0x00000cfc   Section        0  pin_lpc17xx.o(.text)
    .text                                    0x00000d94   Section       60  startup_lpc17xx.o(.text)
    .text                                    0x00000dd0   Section        0  system_lpc17xx.o(.text)
    .text                                    0x00000f6c   Section      238  lludivv7m.o(.text)
    .text                                    0x0000105a   Section       78  rt_memclr_w.o(.text)
    .text                                    0x000010a8   Section        0  sys_exit.o(.text)
    .text                                    0x000010b4   Section       74  sys_stackheap_outer.o(.text)
    i._init_box                              0x000010fe   Section        0  rt_membox.o(i._init_box)
    i.dbg_init                               0x00001144   Section        0  hal_cm.o(i.dbg_init)
    i.dbg_task_notify                        0x00001174   Section        0  hal_cm.o(i.dbg_task_notify)
    i.dbg_task_switch                        0x00001194   Section        0  hal_cm.o(i.dbg_task_switch)
    i.isrMessageGet                          0x000011a4   Section        0  rt_cmsis.o(i.isrMessageGet)
    i.isrMessagePut                          0x000011ce   Section        0  rt_cmsis.o(i.isrMessagePut)
    i.isrSignalSet                           0x000011fa   Section        0  rt_cmsis.o(i.isrSignalSet)
    i.isr_evt_set                            0x00001220   Section        0  rt_event.o(i.isr_evt_set)
    i.isr_mbx_receive                        0x00001248   Section        0  rt_mailbox.o(i.isr_mbx_receive)
    i.isr_mbx_send                           0x0000129e   Section        0  rt_mailbox.o(i.isr_mbx_send)
    i.osDelay                                0x000012ac   Section        0  rt_cmsis.o(i.osDelay)
    i.osKernelInitialize                     0x000012c4   Section        0  rt_cmsis.o(i.osKernelInitialize)
    i.osKernelStart                          0x000012e8   Section        0  rt_cmsis.o(i.osKernelStart)
    i.osMessageGet                           0x00001354   Section        0  rt_cmsis.o(i.osMessageGet)
    i.osSignalSet                            0x0000136c   Section        0  rt_cmsis.o(i.osSignalSet)
    i.osSignalWait                           0x00001384   Section        0  rt_cmsis.o(i.osSignalWait)
    i.osThreadCreate                         0x0000139c   Section        0  rt_cmsis.o(i.osThreadCreate)
    i.osThreadExit                           0x000013c8   Section        0  rt_cmsis.o(i.osThreadExit)
    i.osThreadYield                          0x000013e0   Section        0  rt_cmsis.o(i.osThreadYield)
    i.osTimerCall                            0x000013f8   Section        0  rt_cmsis.o(i.osTimerCall)
    i.osTimerThread                          0x00001404   Section        0  rt_cmsis.o(i.osTimerThread)
    i.os_tick_init                           0x00001430   Section        0  rt_system.o(i.os_tick_init)
    i.os_tick_irqack                         0x00001458   Section        0  rt_system.o(i.os_tick_irqack)
    i.rt_alloc_box                           0x0000145a   Section        0  rt_membox.o(i.rt_alloc_box)
    i.rt_alloc_mem                           0x00001474   Section        0  rt_memory.o(i.rt_alloc_mem)
    i.rt_block                               0x000014b4   Section        0  rt_task.o(i.rt_block)
    i.rt_chk_robin                           0x000014ec   Section        0  rt_robin.o(i.rt_chk_robin)
    i.rt_dec_dly                             0x00001534   Section        0  rt_list.o(i.rt_dec_dly)
    i.rt_dispatch                            0x000015a4   Section        0  rt_task.o(i.rt_dispatch)
    i.rt_dly_wait                            0x000015e8   Section        0  rt_time.o(i.rt_dly_wait)
    i.rt_evt_psh                             0x000015f0   Section        0  rt_event.o(i.rt_evt_psh)
    i.rt_evt_set                             0x00001640   Section        0  rt_event.o(i.rt_evt_set)
    i.rt_evt_wait                            0x0000169c   Section        0  rt_event.o(i.rt_evt_wait)
    i.rt_free_box                            0x000016d8   Section        0  rt_membox.o(i.rt_free_box)
    i.rt_free_mem                            0x00001704   Section        0  rt_memory.o(i.rt_free_mem)
    i.rt_get_first                           0x0000172c   Section        0  rt_list.o(i.rt_get_first)
    i.rt_get_same_rdy_prio                   0x00001754   Section        0  rt_list.o(i.rt_get_same_rdy_prio)
    i.rt_id2obj                              0x00001778   Section        0  rt_cmsis.o(i.rt_id2obj)
    rt_id2obj                                0x00001779   Thumb Code     8  rt_cmsis.o(i.rt_id2obj)
    i.rt_init_context                        0x00001780   Section        0  rt_task.o(i.rt_init_context)
    rt_init_context                          0x00001781   Thumb Code    66  rt_task.o(i.rt_init_context)
    i.rt_init_mem                            0x000017c8   Section        0  rt_memory.o(i.rt_init_mem)
    i.rt_init_robin                          0x000017e4   Section        0  rt_robin.o(i.rt_init_robin)
    i.rt_init_stack                          0x000017fc   Section        0  hal_cm.o(i.rt_init_stack)
    i.rt_mbx_check                           0x0000187c   Section        0  rt_mailbox.o(i.rt_mbx_check)
    i.rt_mbx_init                            0x00001884   Section        0  rt_mailbox.o(i.rt_mbx_init)
    i.rt_mbx_psh                             0x000018a0   Section        0  rt_mailbox.o(i.rt_mbx_psh)
    i.rt_mbx_wait                            0x00001990   Section        0  rt_mailbox.o(i.rt_mbx_wait)
    i.rt_ms2tick                             0x00001a44   Section        0  rt_cmsis.o(i.rt_ms2tick)
    rt_ms2tick                               0x00001a45   Thumb Code    58  rt_cmsis.o(i.rt_ms2tick)
    i.rt_mut_init                            0x00001a88   Section        0  rt_mutex.o(i.rt_mut_init)
    i.rt_mut_release                         0x00001a98   Section        0  rt_mutex.o(i.rt_mut_release)
    i.rt_mut_wait                            0x00001b70   Section        0  rt_mutex.o(i.rt_mut_wait)
    i.rt_pop_req                             0x00001be8   Section        0  rt_system.o(i.rt_pop_req)
    i.rt_psh_req                             0x00001c64   Section        0  rt_system.o(i.rt_psh_req)
    i.rt_psq_enq                             0x00001c84   Section        0  rt_list.o(i.rt_psq_enq)
    i.rt_put_dly                             0x00001ce0   Section        0  rt_list.o(i.rt_put_dly)
    i.rt_put_prio                            0x00001d28   Section        0  rt_list.o(i.rt_put_prio)
    i.rt_put_rdy_first                       0x00001d60   Section        0  rt_list.o(i.rt_put_rdy_first)
    i.rt_resort_prio                         0x00001d74   Section        0  rt_list.o(i.rt_resort_prio)
    i.rt_ret_val                             0x00001da8   Section        0  hal_cm.o(i.rt_ret_val)
    i.rt_ret_val2                            0x00001dae   Section        0  hal_cm.o(i.rt_ret_val2)
    i.rt_rmv_dly                             0x00001db6   Section        0  rt_list.o(i.rt_rmv_dly)
    i.rt_rmv_list                            0x00001de0   Section        0  rt_list.o(i.rt_rmv_list)
    i.rt_sem_psh                             0x00001e10   Section        0  rt_semaphore.o(i.rt_sem_psh)
    i.rt_stk_check                           0x00001e44   Section        0  rt_system.o(i.rt_stk_check)
    i.rt_switch_req                          0x00001e68   Section        0  rt_task.o(i.rt_switch_req)
    i.rt_sys_init                            0x00001e90   Section        0  rt_task.o(i.rt_sys_init)
    i.rt_sys_start                           0x00001f5c   Section        0  rt_task.o(i.rt_sys_start)
    i.rt_systick                             0x00001fd4   Section        0  rt_system.o(i.rt_systick)
    i.rt_tid2ptcb                            0x00002014   Section        0  rt_cmsis.o(i.rt_tid2ptcb)
    rt_tid2ptcb                              0x00002015   Thumb Code    18  rt_cmsis.o(i.rt_tid2ptcb)
    i.rt_timer_insert                        0x00002028   Section        0  rt_cmsis.o(i.rt_timer_insert)
    rt_timer_insert                          0x00002029   Thumb Code    48  rt_cmsis.o(i.rt_timer_insert)
    i.rt_tsk_create                          0x0000205c   Section        0  rt_task.o(i.rt_tsk_create)
    i.rt_tsk_delete                          0x000020e4   Section        0  rt_task.o(i.rt_tsk_delete)
    i.rt_tsk_pass                            0x00002260   Section        0  rt_task.o(i.rt_tsk_pass)
    i.rt_tsk_prio                            0x00002290   Section        0  rt_task.o(i.rt_tsk_prio)
    i.rt_tsk_self                            0x0000230c   Section        0  rt_task.o(i.rt_tsk_self)
    i.svcDelay                               0x0000231c   Section        0  rt_cmsis.o(i.svcDelay)
    i.svcKernelInitialize                    0x00002330   Section        0  rt_cmsis.o(i.svcKernelInitialize)
    i.svcKernelStart                         0x000023a0   Section        0  rt_cmsis.o(i.svcKernelStart)
    i.svcMessageCreate                       0x000023e8   Section        0  rt_cmsis.o(i.svcMessageCreate)
    i.svcMessageGet                          0x0000240c   Section        0  rt_cmsis.o(i.svcMessageGet)
    i.svcSignalSet                           0x00002446   Section        0  rt_cmsis.o(i.svcSignalSet)
    i.svcSignalWait                          0x0000246c   Section        0  rt_cmsis.o(i.svcSignalWait)
    i.svcThreadCreate                        0x000024c0   Section        0  rt_cmsis.o(i.svcThreadCreate)
    i.svcThreadGetId                         0x0000252c   Section        0  rt_cmsis.o(i.svcThreadGetId)
    i.svcThreadTerminate                     0x00002548   Section        0  rt_cmsis.o(i.svcThreadTerminate)
    i.svcThreadYield                         0x00002580   Section        0  rt_cmsis.o(i.svcThreadYield)
    i.svcTimerCall                           0x0000258a   Section        0  rt_cmsis.o(i.svcTimerCall)
    i.sysTimerTick                           0x000025a4   Section        0  rt_cmsis.o(i.sysTimerTick)
    .constdata                               0x00002600   Section       16  esclavo_i2c.o(.constdata)
    .constdata                               0x00002610   Section        2  rtx_conf_cm.o(.constdata)
    .constdata                               0x00002614   Section        4  rtx_conf_cm.o(.constdata)
    .constdata                               0x00002618   Section        4  rtx_conf_cm.o(.constdata)
    .constdata                               0x0000261c   Section        4  rtx_conf_cm.o(.constdata)
    .constdata                               0x00002620   Section        1  rtx_conf_cm.o(.constdata)
    .constdata                               0x00002624   Section       16  rtx_conf_cm.o(.constdata)
    __tagsym$$used                           0x00002624   Number         0  rtx_conf_cm.o(.constdata)
    __tagsym$$used                           0x00002628   Number         0  rtx_conf_cm.o(.constdata)
    __tagsym$$used                           0x0000262c   Number         0  rtx_conf_cm.o(.constdata)
    __tagsym$$used                           0x00002630   Number         0  rtx_conf_cm.o(.constdata)
    .constdata                               0x00002634   Section        2  rtx_conf_cm.o(.constdata)
    .constdata                               0x00002638   Section        4  rtx_conf_cm.o(.constdata)
    .constdata                               0x0000263c   Section        4  rtx_conf_cm.o(.constdata)
    .constdata                               0x00002640   Section        1  rtx_conf_cm.o(.constdata)
    .constdata                               0x00002644   Section       16  rtx_conf_cm.o(.constdata)
    .constdata                               0x00002654   Section        8  rtx_conf_cm.o(.constdata)
    .constdata                               0x0000265c   Section        2  rtx_conf_cm.o(.constdata)
    .constdata                               0x00002660   Section       16  rtx_conf_cm.o(.constdata)
    .constdata                               0x00002670   Section       52  i2c_lpc17xx.o(.constdata)
    DriverVersion                            0x00002670   Data           4  i2c_lpc17xx.o(.constdata)
    DriverCapabilities                       0x00002674   Data           4  i2c_lpc17xx.o(.constdata)
    I2C2_Resources                           0x00002678   Data          44  i2c_lpc17xx.o(.constdata)
    .constdata                               0x000026a4   Section       48  i2c_lpc17xx.o(.constdata)
    .data                                    0x10000000   Section        4  rtx_conf_cm.o(.data)
    .data                                    0x10000004   Section        4  rtx_conf_cm.o(.data)
    .data                                    0x10000008   Section        4  rtx_conf_cm.o(.data)
    nr_mutex                                 0x10000008   Data           4  rtx_conf_cm.o(.data)
    .data                                    0x1000000c   Section        4  system_lpc17xx.o(.data)
    .data                                    0x10000010   Section        8  rt_cmsis.o(.data)
    .data                                    0x10000018   Section        8  rt_system.o(.data)
    os_lock                                  0x10000018   Data           1  rt_system.o(.data)
    os_psh_flag                              0x10000019   Data           1  rt_system.o(.data)
    pend_flags                               0x1000001a   Data           1  rt_system.o(.data)
    .data                                    0x10000020   Section        1  hal_cm.o(.data)
    .bss                                     0x10000028   Section     1216  rtx_conf_cm.o(.bss)
    .bss                                     0x100004e8   Section      432  rtx_conf_cm.o(.bss)
    .bss                                     0x10000698   Section      132  rtx_conf_cm.o(.bss)
    .bss                                     0x1000071c   Section       28  rtx_conf_cm.o(.bss)
    .bss                                     0x10000738   Section       36  i2c_lpc17xx.o(.bss)
    I2C2_Ctrl                                0x10000738   Data          36  i2c_lpc17xx.o(.bss)
    .bss                                     0x1000075c   Section       52  rt_task.o(.bss)
    HEAP                                     0x10000790   Section        0  startup_lpc17xx.o(HEAP)
    Heap_Mem                                 0x10000790   Data           0  startup_lpc17xx.o(HEAP)
    .data                                    0x2007c000   Section       28  esclavo_i2c.o(.data)
    I2Cdrv                                   0x2007c010   Data           4  esclavo_i2c.o(.data)
    I2C_Event                                0x2007c014   Data           4  esclavo_i2c.o(.data)
    .data                                    0x2007c01c   Section        4  rtx_conf_cm.o(.data)
    .data                                    0x2007c020   Section        4  i2c_lpc17xx.o(.data)
    .data                                    0x2007c024   Section        8  rt_task.o(.data)
    .data                                    0x2007c02c   Section        4  rt_time.o(.data)
    .data                                    0x2007c030   Section        8  rt_robin.o(.data)
    .bss                                     0x2007c038   Section       10  esclavo_i2c.o(.bss)
    .bss                                     0x2007c044   Section       32  rtx_conf_cm.o(.bss)
    .bss                                     0x2007c064   Section      376  rtx_conf_cm.o(.bss)
    .bss                                     0x2007c1dc   Section      800  rtx_conf_cm.o(.bss)
    std_libspace                             0x2007c1dc   Data         672  rtx_conf_cm.o(.bss)
    std_libmutex                             0x2007c47c   Data         128  rtx_conf_cm.o(.bss)
    .bss                                     0x2007c4fc   Section       48  rt_list.o(.bss)
    .bss                                     0x2007c52c   Section       96  libspace.o(.bss)
    STACK                                    0x2007c590   Section      512  startup_lpc17xx.o(STACK)
    Stack_Mem                                0x2007c590   Data         512  startup_lpc17xx.o(STACK)
    __initial_sp                             0x2007c790   Data           0  startup_lpc17xx.o(STACK)

    Global Symbols

    Symbol Name                              Value     Ov Type        Size  Object(Section)

    BuildAttributes$$THM_ISAv4$P$D$K$B$S$PE$A:L22UL41UL21$X:L11$S22US41US21$IEEE1$IW$USESV6$~STKCKD$USESV7$~SHL$OSPACE$ROPI$EBA8$UX$STANDARDLIB$REQ8$PRES8$EABIv2 0x00000000   Number         0  anon$$obj.o ABSOLUTE
    __ARM_use_no_argv                        0x00000000   Number         0  main.o ABSOLUTE
    __Vectors                                0x00000000   Data           4  startup_lpc17xx.o(RESET)
    __ARM_exceptions_init                     - Undefined Weak Reference
    __alloca_initialize                       - Undefined Weak Reference
    __arm_fini_                               - Undefined Weak Reference
    __arm_preinit_                            - Undefined Weak Reference
    __cpp_initialize__aeabi_                  - Undefined Weak Reference
    __cxa_finalize                            - Undefined Weak Reference
    __rt_locale                               - Undefined Weak Reference
    __sigvec_lookup                           - Undefined Weak Reference
    _atexit_init                              - Undefined Weak Reference
    _call_atexit_fns                          - Undefined Weak Reference
    _clock_init                               - Undefined Weak Reference
    _fp_trap_init                             - Undefined Weak Reference
    _fp_trap_shutdown                         - Undefined Weak Reference
    _get_lc_collate                           - Undefined Weak Reference
    _get_lc_ctype                             - Undefined Weak Reference
    _get_lc_monetary                          - Undefined Weak Reference
    _get_lc_numeric                           - Undefined Weak Reference
    _get_lc_time                              - Undefined Weak Reference
    _getenv_init                              - Undefined Weak Reference
    _handle_redirection                       - Undefined Weak Reference
    _init_alloc                               - Undefined Weak Reference
    _init_user_alloc                          - Undefined Weak Reference
    _initio                                   - Undefined Weak Reference
    _rand_init                                - Undefined Weak Reference
    _signal_finish                            - Undefined Weak Reference
    _signal_init                              - Undefined Weak Reference
    _terminate_alloc                          - Undefined Weak Reference
    _terminate_user_alloc                     - Undefined Weak Reference
    _terminateio                              - Undefined Weak Reference
    __main                                   0x000000cd   Thumb Code     8  __main.o(!!!main)
    __scatterload                            0x000000d5   Thumb Code     0  __scatter.o(!!!scatter)
    __scatterload_rt2                        0x000000d5   Thumb Code    44  __scatter.o(!!!scatter)
    __scatterload_rt2_thumb_only             0x000000d5   Thumb Code     0  __scatter.o(!!!scatter)
    __scatterload_null                       0x000000e3   Thumb Code     0  __scatter.o(!!!scatter)
    __scatterload_copy                       0x00000109   Thumb Code    26  __scatter_copy.o(!!handler_copy)
    __scatterload_zeroinit                   0x00000125   Thumb Code    28  __scatter_zi.o(!!handler_zi)
    __rt_lib_init                            0x00000141   Thumb Code     0  libinit.o(.ARM.Collect$$libinit$$00000000)
    __rt_lib_init_alloca_1                   0x00000143   Thumb Code     0  libinit2.o(.ARM.Collect$$libinit$$0000002E)
    __rt_lib_init_argv_1                     0x00000143   Thumb Code     0  libinit2.o(.ARM.Collect$$libinit$$0000002C)
    __rt_lib_init_atexit_1                   0x00000143   Thumb Code     0  libinit2.o(.ARM.Collect$$libinit$$0000001B)
    __rt_lib_init_clock_1                    0x00000143   Thumb Code     0  libinit2.o(.ARM.Collect$$libinit$$00000021)
    __rt_lib_init_cpp_1                      0x00000143   Thumb Code     0  libinit2.o(.ARM.Collect$$libinit$$00000032)
    __rt_lib_init_exceptions_1               0x00000143   Thumb Code     0  libinit2.o(.ARM.Collect$$libinit$$00000030)
    __rt_lib_init_fp_1                       0x00000143   Thumb Code     0  libinit2.o(.ARM.Collect$$libinit$$00000002)
    __rt_lib_init_fp_trap_1                  0x00000143   Thumb Code     0  libinit2.o(.ARM.Collect$$libinit$$0000001F)
    __rt_lib_init_getenv_1                   0x00000143   Thumb Code     0  libinit2.o(.ARM.Collect$$libinit$$00000023)
    __rt_lib_init_heap_1                     0x00000143   Thumb Code     0  libinit2.o(.ARM.Collect$$libinit$$0000000A)
    __rt_lib_init_lc_collate_1               0x00000143   Thumb Code     0  libinit2.o(.ARM.Collect$$libinit$$00000011)
    __rt_lib_init_lc_ctype_1                 0x00000143   Thumb Code     0  libinit2.o(.ARM.Collect$$libinit$$00000013)
    __rt_lib_init_lc_monetary_1              0x00000143   Thumb Code     0  libinit2.o(.ARM.Collect$$libinit$$00000015)
    __rt_lib_init_lc_numeric_1               0x00000143   Thumb Code     0  libinit2.o(.ARM.Collect$$libinit$$00000017)
    __rt_lib_init_lc_time_1                  0x00000143   Thumb Code     0  libinit2.o(.ARM.Collect$$libinit$$00000019)
    __rt_lib_init_preinit_1                  0x00000143   Thumb Code     0  libinit2.o(.ARM.Collect$$libinit$$00000004)
    __rt_lib_init_rand_1                     0x00000143   Thumb Code     0  libinit2.o(.ARM.Collect$$libinit$$0000000E)
    __rt_lib_init_return                     0x00000143   Thumb Code     0  libinit2.o(.ARM.Collect$$libinit$$00000033)
    __rt_lib_init_signal_1                   0x00000143   Thumb Code     0  libinit2.o(.ARM.Collect$$libinit$$0000001D)
    __rt_lib_init_stdio_1                    0x00000143   Thumb Code     0  libinit2.o(.ARM.Collect$$libinit$$00000025)
    __rt_lib_init_user_alloc_1               0x00000143   Thumb Code     0  libinit2.o(.ARM.Collect$$libinit$$0000000C)
    __rt_lib_shutdown                        0x00000145   Thumb Code     0  libshutdown.o(.ARM.Collect$$libshutdown$$00000000)
    __rt_lib_shutdown_cpp_1                  0x00000147   Thumb Code     0  libshutdown2.o(.ARM.Collect$$libshutdown$$00000004)
    __rt_lib_shutdown_fini_1                 0x00000147   Thumb Code     0  libshutdown2.o(.ARM.Collect$$libshutdown$$00000002)
    __rt_lib_shutdown_fp_trap_1              0x00000147   Thumb Code     0  libshutdown2.o(.ARM.Collect$$libshutdown$$00000009)
    __rt_lib_shutdown_heap_1                 0x00000147   Thumb Code     0  libshutdown2.o(.ARM.Collect$$libshutdown$$00000011)
    __rt_lib_shutdown_return                 0x00000147   Thumb Code     0  libshutdown2.o(.ARM.Collect$$libshutdown$$00000012)
    __rt_lib_shutdown_signal_1               0x00000147   Thumb Code     0  libshutdown2.o(.ARM.Collect$$libshutdown$$0000000C)
    __rt_lib_shutdown_stdio_1                0x00000147   Thumb Code     0  libshutdown2.o(.ARM.Collect$$libshutdown$$00000006)
    __rt_lib_shutdown_user_alloc_1           0x00000147   Thumb Code     0  libshutdown2.o(.ARM.Collect$$libshutdown$$0000000E)
    __rt_entry                               0x00000149   Thumb Code     0  __rtentry.o(.ARM.Collect$$rtentry$$00000000)
    __rt_entry_presh_1                       0x00000149   Thumb Code     0  __rtentry2.o(.ARM.Collect$$rtentry$$00000002)
    __rt_entry_sh                            0x00000149   Thumb Code     0  __rtentry4.o(.ARM.Collect$$rtentry$$00000004)
    __rt_entry_li                            0x0000014f   Thumb Code     0  __rtentry2.o(.ARM.Collect$$rtentry$$0000000A)
    __rt_entry_postsh_1                      0x0000014f   Thumb Code     0  __rtentry2.o(.ARM.Collect$$rtentry$$00000009)
    __rt_entry_postli_1                      0x00000153   Thumb Code     0  __rtentry2.o(.ARM.Collect$$rtentry$$0000000B)
    __rt_entry_main                          0x0000015b   Thumb Code     0  __rtentry2.o(.ARM.Collect$$rtentry$$0000000D)
    __rt_exit                                0x00000163   Thumb Code     0  rtexit.o(.ARM.Collect$$rtexit$$00000000)
    __rt_exit_ls                             0x00000165   Thumb Code     0  rtexit2.o(.ARM.Collect$$rtexit$$00000003)
    __rt_exit_prels_1                        0x00000165   Thumb Code     0  rtexit2.o(.ARM.Collect$$rtexit$$00000002)
    __rt_exit_exit                           0x00000169   Thumb Code     0  rtexit2.o(.ARM.Collect$$rtexit$$00000004)
    _platform_post_lib_init                  0x00000171   Thumb Code    24  rtx_conf_cm.o(.emb_text)
    rt_set_PSP                               0x0000018d   Thumb Code     6  hal_cm3.o(.emb_text)
    rt_get_PSP                               0x00000193   Thumb Code     6  hal_cm3.o(.emb_text)
    os_set_env                               0x00000199   Thumb Code    24  hal_cm3.o(.emb_text)
    _alloc_box                               0x000001b5   Thumb Code    28  hal_cm3.o(.emb_text)
    _free_box                                0x000001d5   Thumb Code    28  hal_cm3.o(.emb_text)
    SVC_Handler                              0x000001f5   Thumb Code   108  hal_cm3.o(.emb_text)
    PendSV_Handler                           0x0000026d   Thumb Code    56  hal_cm3.o(.emb_text)
    SysTick_Handler                          0x000002a9   Thumb Code     8  hal_cm3.o(.emb_text)
    OS_Tick_Handler                          0x000002b1   Thumb Code    12  hal_cm3.o(.emb_text)
    main                                     0x000002bd   Thumb Code    22  main.o(.text)
    __user_libspace                          0x000002d5   Thumb Code     8  libspace.o(.text)
    __user_perproc_libspace                  0x000002d5   Thumb Code     0  libspace.o(.text)
    exit                                     0x000002dd   Thumb Code    18  exit.o(.text)
    __use_two_region_memory                  0x000002ef   Thumb Code     2  heapauxi.o(.text)
    __rt_heap_escrow$2region                 0x000002f1   Thumb Code     2  heapauxi.o(.text)
    __rt_heap_expand$2region                 0x000002f3   Thumb Code     2  heapauxi.o(.text)
    __I$use$semihosting                      0x000002f5   Thumb Code     0  use_no_semi.o(.text)
    __use_no_semihosting_swi                 0x000002f5   Thumb Code     2  use_no_semi.o(.text)
    __semihosting_library_function           0x000002f7   Thumb Code     0  indicate_semi.o(.text)
    SVC_Count                                0x000002f8   Data           4  svc_table.o(SVC_TABLE)
    SVC_Table                                0x000002fc   Data           0  svc_table.o(SVC_TABLE)
    I2C_SignalEvent                          0x00000301   Thumb Code    22  esclavo_i2c.o(.text)
    Init_i2c                                 0x00000317   Thumb Code    36  esclavo_i2c.o(.text)
    Init_Esclavo_I2C                         0x0000033b   Thumb Code    26  esclavo_i2c.o(.text)
    Esclavo_I2C                              0x00000355   Thumb Code   180  esclavo_i2c.o(.text)
    os_idle_demon                            0x00000415   Thumb Code     2  rtx_conf_cm.o(.text)
    os_error                                 0x00000417   Thumb Code     2  rtx_conf_cm.o(.text)
    __user_perthread_libspace                0x00000419   Thumb Code    32  rtx_conf_cm.o(.text)
    _mutex_initialize                        0x00000439   Thumb Code    34  rtx_conf_cm.o(.text)
    _mutex_acquire                           0x0000045b   Thumb Code    22  rtx_conf_cm.o(.text)
    _mutex_release                           0x00000471   Thumb Code    18  rtx_conf_cm.o(.text)
    __RL_RTX_VER                             0x00000482   Number         0  rt_system.o ABSOLUTE
    I2C2_IRQHandler                          0x00000a4b   Thumb Code    44  i2c_lpc17xx.o(.text)
    PIN_Configure                            0x00000cfd   Thumb Code   100  pin_lpc17xx.o(.text)
    PIN_ConfigureTPIU                        0x00000d61   Thumb Code    24  pin_lpc17xx.o(.text)
    PIN_ConfigureI2C0Pins                    0x00000d79   Thumb Code    22  pin_lpc17xx.o(.text)
    Reset_Handler                            0x00000d95   Thumb Code     8  startup_lpc17xx.o(.text)
    NMI_Handler                              0x00000d9d   Thumb Code     2  startup_lpc17xx.o(.text)
    HardFault_Handler                        0x00000d9f   Thumb Code     2  startup_lpc17xx.o(.text)
    MemManage_Handler                        0x00000da1   Thumb Code     2  startup_lpc17xx.o(.text)
    BusFault_Handler                         0x00000da3   Thumb Code     2  startup_lpc17xx.o(.text)
    UsageFault_Handler                       0x00000da5   Thumb Code     2  startup_lpc17xx.o(.text)
    DebugMon_Handler                         0x00000da9   Thumb Code     2  startup_lpc17xx.o(.text)
    ADC_IRQHandler                           0x00000daf   Thumb Code     0  startup_lpc17xx.o(.text)
    BOD_IRQHandler                           0x00000daf   Thumb Code     0  startup_lpc17xx.o(.text)
    CANActivity_IRQHandler                   0x00000daf   Thumb Code     0  startup_lpc17xx.o(.text)
    CAN_IRQHandler                           0x00000daf   Thumb Code     0  startup_lpc17xx.o(.text)
    DMA_IRQHandler                           0x00000daf   Thumb Code     0  startup_lpc17xx.o(.text)
    EINT0_IRQHandler                         0x00000daf   Thumb Code     0  startup_lpc17xx.o(.text)
    EINT1_IRQHandler                         0x00000daf   Thumb Code     0  startup_lpc17xx.o(.text)
    EINT2_IRQHandler                         0x00000daf   Thumb Code     0  startup_lpc17xx.o(.text)
    EINT3_IRQHandler                         0x00000daf   Thumb Code     0  startup_lpc17xx.o(.text)
    ENET_IRQHandler                          0x00000daf   Thumb Code     0  startup_lpc17xx.o(.text)
    I2C0_IRQHandler                          0x00000daf   Thumb Code     0  startup_lpc17xx.o(.text)
    I2C1_IRQHandler                          0x00000daf   Thumb Code     0  startup_lpc17xx.o(.text)
    I2S_IRQHandler                           0x00000daf   Thumb Code     0  startup_lpc17xx.o(.text)
    MCPWM_IRQHandler                         0x00000daf   Thumb Code     0  startup_lpc17xx.o(.text)
    PLL0_IRQHandler                          0x00000daf   Thumb Code     0  startup_lpc17xx.o(.text)
    PLL1_IRQHandler                          0x00000daf   Thumb Code     0  startup_lpc17xx.o(.text)
    PWM1_IRQHandler                          0x00000daf   Thumb Code     0  startup_lpc17xx.o(.text)
    QEI_IRQHandler                           0x00000daf   Thumb Code     0  startup_lpc17xx.o(.text)
    RIT_IRQHandler                           0x00000daf   Thumb Code     0  startup_lpc17xx.o(.text)
    RTC_IRQHandler                           0x00000daf   Thumb Code     0  startup_lpc17xx.o(.text)
    SPI_IRQHandler                           0x00000daf   Thumb Code     0  startup_lpc17xx.o(.text)
    SSP0_IRQHandler                          0x00000daf   Thumb Code     0  startup_lpc17xx.o(.text)
    SSP1_IRQHandler                          0x00000daf   Thumb Code     0  startup_lpc17xx.o(.text)
    TIMER0_IRQHandler                        0x00000daf   Thumb Code     0  startup_lpc17xx.o(.text)
    TIMER1_IRQHandler                        0x00000daf   Thumb Code     0  startup_lpc17xx.o(.text)
    TIMER2_IRQHandler                        0x00000daf   Thumb Code     0  startup_lpc17xx.o(.text)
    TIMER3_IRQHandler                        0x00000daf   Thumb Code     0  startup_lpc17xx.o(.text)
    UART0_IRQHandler                         0x00000daf   Thumb Code     0  startup_lpc17xx.o(.text)
    UART1_IRQHandler                         0x00000daf   Thumb Code     0  startup_lpc17xx.o(.text)
    UART2_IRQHandler                         0x00000daf   Thumb Code     0  startup_lpc17xx.o(.text)
    UART3_IRQHandler                         0x00000daf   Thumb Code     0  startup_lpc17xx.o(.text)
    USBActivity_IRQHandler                   0x00000daf   Thumb Code     0  startup_lpc17xx.o(.text)
    USB_IRQHandler                           0x00000daf   Thumb Code     0  startup_lpc17xx.o(.text)
    WDT_IRQHandler                           0x00000daf   Thumb Code     0  startup_lpc17xx.o(.text)
    __user_initial_stackheap                 0x00000db1   Thumb Code     0  startup_lpc17xx.o(.text)
    SystemCoreClockUpdate                    0x00000dd1   Thumb Code   184  system_lpc17xx.o(.text)
    SystemInit                               0x00000e89   Thumb Code   196  system_lpc17xx.o(.text)
    __aeabi_uldivmod                         0x00000f6d   Thumb Code     0  lludivv7m.o(.text)
    _ll_udiv                                 0x00000f6d   Thumb Code   238  lludivv7m.o(.text)
    __aeabi_memclr4                          0x0000105b   Thumb Code     0  rt_memclr_w.o(.text)
    __aeabi_memclr8                          0x0000105b   Thumb Code     0  rt_memclr_w.o(.text)
    __rt_memclr_w                            0x0000105b   Thumb Code    78  rt_memclr_w.o(.text)
    _memset_w                                0x0000105f   Thumb Code     0  rt_memclr_w.o(.text)
    _sys_exit                                0x000010a9   Thumb Code     8  sys_exit.o(.text)
    __user_setup_stackheap                   0x000010b5   Thumb Code    74  sys_stackheap_outer.o(.text)
    _init_box                                0x000010ff   Thumb Code    70  rt_membox.o(i._init_box)
    dbg_init                                 0x00001145   Thumb Code    34  hal_cm.o(i.dbg_init)
    dbg_task_notify                          0x00001175   Thumb Code    32  hal_cm.o(i.dbg_task_notify)
    dbg_task_switch                          0x00001195   Thumb Code    16  hal_cm.o(i.dbg_task_switch)
    isrMessageGet                            0x000011a5   Thumb Code    42  rt_cmsis.o(i.isrMessageGet)
    isrMessagePut                            0x000011cf   Thumb Code    44  rt_cmsis.o(i.isrMessagePut)
    isrSignalSet                             0x000011fb   Thumb Code    36  rt_cmsis.o(i.isrSignalSet)
    isr_evt_set                              0x00001221   Thumb Code    34  rt_event.o(i.isr_evt_set)
    isr_mbx_receive                          0x00001249   Thumb Code    86  rt_mailbox.o(i.isr_mbx_receive)
    isr_mbx_send                             0x0000129f   Thumb Code    14  rt_mailbox.o(i.isr_mbx_send)
    osDelay                                  0x000012ad   Thumb Code    18  rt_cmsis.o(i.osDelay)
    osKernelInitialize                       0x000012c5   Thumb Code    30  rt_cmsis.o(i.osKernelInitialize)
    osKernelStart                            0x000012e9   Thumb Code    98  rt_cmsis.o(i.osKernelStart)
    osMessageGet                             0x00001355   Thumb Code    18  rt_cmsis.o(i.osMessageGet)
    osSignalSet                              0x0000136d   Thumb Code    18  rt_cmsis.o(i.osSignalSet)
    osSignalWait                             0x00001385   Thumb Code    18  rt_cmsis.o(i.osSignalWait)
    osThreadCreate                           0x0000139d   Thumb Code    36  rt_cmsis.o(i.osThreadCreate)
    osThreadExit                             0x000013c9   Thumb Code    14  rt_cmsis.o(i.osThreadExit)
    osThreadYield                            0x000013e1   Thumb Code    18  rt_cmsis.o(i.osThreadYield)
    osTimerCall                              0x000013f9   Thumb Code     8  rt_cmsis.o(i.osTimerCall)
    osTimerThread                            0x00001405   Thumb Code    38  rt_cmsis.o(i.osTimerThread)
    os_tick_init                             0x00001431   Thumb Code    32  rt_system.o(i.os_tick_init)
    os_tick_irqack                           0x00001459   Thumb Code     2  rt_system.o(i.os_tick_irqack)
    rt_alloc_box                             0x0000145b   Thumb Code    26  rt_membox.o(i.rt_alloc_box)
    rt_alloc_mem                             0x00001475   Thumb Code    62  rt_memory.o(i.rt_alloc_mem)
    rt_block                                 0x000014b5   Thumb Code    48  rt_task.o(i.rt_block)
    rt_chk_robin                             0x000014ed   Thumb Code    60  rt_robin.o(i.rt_chk_robin)
    rt_dec_dly                               0x00001535   Thumb Code   102  rt_list.o(i.rt_dec_dly)
    rt_dispatch                              0x000015a5   Thumb Code    60  rt_task.o(i.rt_dispatch)
    rt_dly_wait                              0x000015e9   Thumb Code     6  rt_time.o(i.rt_dly_wait)
    rt_evt_psh                               0x000015f1   Thumb Code    76  rt_event.o(i.rt_evt_psh)
    rt_evt_set                               0x00001641   Thumb Code    88  rt_event.o(i.rt_evt_set)
    rt_evt_wait                              0x0000169d   Thumb Code    56  rt_event.o(i.rt_evt_wait)
    rt_free_box                              0x000016d9   Thumb Code    44  rt_membox.o(i.rt_free_box)
    rt_free_mem                              0x00001705   Thumb Code    40  rt_memory.o(i.rt_free_mem)
    rt_get_first                             0x0000172d   Thumb Code    40  rt_list.o(i.rt_get_first)
    rt_get_same_rdy_prio                     0x00001755   Thumb Code    26  rt_list.o(i.rt_get_same_rdy_prio)
    rt_init_mem                              0x000017c9   Thumb Code    26  rt_memory.o(i.rt_init_mem)
    rt_init_robin                            0x000017e5   Thumb Code    14  rt_robin.o(i.rt_init_robin)
    rt_init_stack                            0x000017fd   Thumb Code   118  hal_cm.o(i.rt_init_stack)
    rt_mbx_check                             0x0000187d   Thumb Code     8  rt_mailbox.o(i.rt_mbx_check)
    rt_mbx_init                              0x00001885   Thumb Code    26  rt_mailbox.o(i.rt_mbx_init)
    rt_mbx_psh                               0x000018a1   Thumb Code   236  rt_mailbox.o(i.rt_mbx_psh)
    rt_mbx_wait                              0x00001991   Thumb Code   174  rt_mailbox.o(i.rt_mbx_wait)
    rt_mut_init                              0x00001a89   Thumb Code    16  rt_mutex.o(i.rt_mut_init)
    rt_mut_release                           0x00001a99   Thumb Code   208  rt_mutex.o(i.rt_mut_release)
    rt_mut_wait                              0x00001b71   Thumb Code   114  rt_mutex.o(i.rt_mut_wait)
    rt_pop_req                               0x00001be9   Thumb Code   112  rt_system.o(i.rt_pop_req)
    rt_psh_req                               0x00001c65   Thumb Code    22  rt_system.o(i.rt_psh_req)
    rt_psq_enq                               0x00001c85   Thumb Code    88  rt_list.o(i.rt_psq_enq)
    rt_put_dly                               0x00001ce1   Thumb Code    68  rt_list.o(i.rt_put_dly)
    rt_put_prio                              0x00001d29   Thumb Code    54  rt_list.o(i.rt_put_prio)
    rt_put_rdy_first                         0x00001d61   Thumb Code    14  rt_list.o(i.rt_put_rdy_first)
    rt_resort_prio                           0x00001d75   Thumb Code    46  rt_list.o(i.rt_resort_prio)
    rt_ret_val                               0x00001da9   Thumb Code     6  hal_cm.o(i.rt_ret_val)
    rt_ret_val2                              0x00001daf   Thumb Code     8  hal_cm.o(i.rt_ret_val2)
    rt_rmv_dly                               0x00001db7   Thumb Code    40  rt_list.o(i.rt_rmv_dly)
    rt_rmv_list                              0x00001de1   Thumb Code    44  rt_list.o(i.rt_rmv_list)
    rt_sem_psh                               0x00001e11   Thumb Code    48  rt_semaphore.o(i.rt_sem_psh)
    rt_stk_check                             0x00001e45   Thumb Code    28  rt_system.o(i.rt_stk_check)
    rt_switch_req                            0x00001e69   Thumb Code    30  rt_task.o(i.rt_switch_req)
    rt_sys_init                              0x00001e91   Thumb Code   138  rt_task.o(i.rt_sys_init)
    rt_sys_start                             0x00001f5d   Thumb Code   110  rt_task.o(i.rt_sys_start)
    rt_systick                               0x00001fd5   Thumb Code    50  rt_system.o(i.rt_systick)
    rt_tsk_create                            0x0000205d   Thumb Code   118  rt_task.o(i.rt_tsk_create)
    rt_tsk_delete                            0x000020e5   Thumb Code   352  rt_task.o(i.rt_tsk_delete)
    rt_tsk_pass                              0x00002261   Thumb Code    38  rt_task.o(i.rt_tsk_pass)
    rt_tsk_prio                              0x00002291   Thumb Code   108  rt_task.o(i.rt_tsk_prio)
    rt_tsk_self                              0x0000230d   Thumb Code    12  rt_task.o(i.rt_tsk_self)
    svcDelay                                 0x0000231d   Thumb Code    18  rt_cmsis.o(i.svcDelay)
    svcKernelInitialize                      0x00002331   Thumb Code    80  rt_cmsis.o(i.svcKernelInitialize)
    svcKernelStart                           0x000023a1   Thumb Code    62  rt_cmsis.o(i.svcKernelStart)
    svcMessageCreate                         0x000023e9   Thumb Code    36  rt_cmsis.o(i.svcMessageCreate)
    svcMessageGet                            0x0000240d   Thumb Code    58  rt_cmsis.o(i.svcMessageGet)
    svcSignalSet                             0x00002447   Thumb Code    36  rt_cmsis.o(i.svcSignalSet)
    svcSignalWait                            0x0000246d   Thumb Code    80  rt_cmsis.o(i.svcSignalWait)
    svcThreadCreate                          0x000024c1   Thumb Code    96  rt_cmsis.o(i.svcThreadCreate)
    svcThreadGetId                           0x0000252d   Thumb Code    22  rt_cmsis.o(i.svcThreadGetId)
    svcThreadTerminate                       0x00002549   Thumb Code    50  rt_cmsis.o(i.svcThreadTerminate)
    svcThreadYield                           0x00002581   Thumb Code    10  rt_cmsis.o(i.svcThreadYield)
    svcTimerCall                             0x0000258b   Thumb Code    24  rt_cmsis.o(i.svcTimerCall)
    sysTimerTick                             0x000025a5   Thumb Code    84  rt_cmsis.o(i.sysTimerTick)
    os_thread_def_Esclavo_I2C                0x00002600   Data          16  esclavo_i2c.o(.constdata)
    os_maxtaskrun                            0x00002610   Data           2  rtx_conf_cm.o(.constdata)
    os_stackinfo                             0x00002614   Data           4  rtx_conf_cm.o(.constdata)
    os_rrobin                                0x00002618   Data           4  rtx_conf_cm.o(.constdata)
    os_trv                                   0x0000261c   Data           4  rtx_conf_cm.o(.constdata)
    os_flags                                 0x00002620   Data           1  rtx_conf_cm.o(.constdata)
    CMSIS_RTOS_API_Version                   0x00002624   Data           4  rtx_conf_cm.o(.constdata)
    CMSIS_RTOS_RTX_Version                   0x00002628   Data           4  rtx_conf_cm.o(.constdata)
    os_clockrate                             0x0000262c   Data           4  rtx_conf_cm.o(.constdata)
    os_timernum                              0x00002630   Data           4  rtx_conf_cm.o(.constdata)
    mp_tcb_size                              0x00002634   Data           2  rtx_conf_cm.o(.constdata)
    mp_stk_size                              0x00002638   Data           4  rtx_conf_cm.o(.constdata)
    os_stack_sz                              0x0000263c   Data           4  rtx_conf_cm.o(.constdata)
    os_fifo_size                             0x00002640   Data           1  rtx_conf_cm.o(.constdata)
    os_thread_def_osTimerThread              0x00002644   Data          16  rtx_conf_cm.o(.constdata)
    os_messageQ_def_osTimerMessageQ          0x00002654   Data           8  rtx_conf_cm.o(.constdata)
    mp_tmr_size                              0x0000265c   Data           2  rtx_conf_cm.o(.constdata)
    os_thread_def_main                       0x00002660   Data          16  rtx_conf_cm.o(.constdata)
    Driver_I2C2                              0x000026a4   Data          48  i2c_lpc17xx.o(.constdata)
    Region$$Table$$Base                      0x000026d4   Number         0  anon$$obj.o(Region$$Table)
    Region$$Table$$Limit                     0x00002714   Number         0  anon$$obj.o(Region$$Table)
    m_tmr                                    0x10000000   Data           4  rtx_conf_cm.o(.data)
    osThreadId_osTimerThread                 0x10000004   Data           4  rtx_conf_cm.o(.data)
    SystemCoreClock                          0x1000000c   Data           4  system_lpc17xx.o(.data)
    os_initialized                           0x10000010   Data           1  rt_cmsis.o(.data)
    os_running                               0x10000011   Data           1  rt_cmsis.o(.data)
    os_timer_head                            0x10000014   Data           4  rt_cmsis.o(.data)
    os_tick_irqn                             0x1000001c   Data           4  rt_system.o(.data)
    dbg_msg                                  0x10000020   Data           1  hal_cm.o(.data)
    mp_stk                                   0x10000028   Data        1216  rtx_conf_cm.o(.bss)
    os_stack_mem                             0x100004e8   Data         432  rtx_conf_cm.o(.bss)
    os_fifo                                  0x10000698   Data         132  rtx_conf_cm.o(.bss)
    os_active_TCB                            0x1000071c   Data          28  rtx_conf_cm.o(.bss)
    os_idle_TCB                              0x1000075c   Data          52  rt_task.o(.bss)
    enviar_data                              0x2007c000   Data           1  esclavo_i2c.o(.data)
    ganancia_actual                          0x2007c001   Data           1  esclavo_i2c.o(.data)
    EstadoOverload_Actual                    0x2007c002   Data           1  esclavo_i2c.o(.data)
    cmd                                      0x2007c003   Data           1  esclavo_i2c.o(.data)
    Overload_actual                          0x2007c004   Data           1  esclavo_i2c.o(.data)
    status                                   0x2007c008   Data           4  esclavo_i2c.o(.data)
    nlect                                    0x2007c00c   Data           4  esclavo_i2c.o(.data)
    tid_Esclavo_I2C                          0x2007c018   Data           4  esclavo_i2c.o(.data)
    osMessageQId_osTimerMessageQ             0x2007c01c   Data           4  rtx_conf_cm.o(.data)
    I2C2_PIN                                 0x2007c020   Data           4  i2c_lpc17xx.o(.data)
    os_tsk                                   0x2007c024   Data           8  rt_task.o(.data)
    os_time                                  0x2007c02c   Data           4  rt_time.o(.data)
    os_robin                                 0x2007c030   Data           8  rt_robin.o(.data)
    buffer_esclavo                           0x2007c038   Data          10  esclavo_i2c.o(.bss)
    os_messageQ_q_osTimerMessageQ            0x2007c044   Data          32  rtx_conf_cm.o(.bss)
    mp_tcb                                   0x2007c064   Data         376  rtx_conf_cm.o(.bss)
    os_rdy                                   0x2007c4fc   Data          24  rt_list.o(.bss)
    os_dly                                   0x2007c514   Data          24  rt_list.o(.bss)
    __libspace_start                         0x2007c52c   Data          96  libspace.o(.bss)
    __temporary_stack_top$libspace           0x2007c58c   Data           0  libspace.o(.bss)



==============================================================================

Memory Map of the image

  Image Entry point : 0x000000cd

  Load Region LR_IROM1 (Base: 0x00000000, Size: 0x00002770, Max: 0x00080000, ABSOLUTE)

    Execution Region ER_IROM1 (Exec base: 0x00000000, Load base: 0x00000000, Size: 0x00002714, Max: 0x00080000, ABSOLUTE)

    Exec Addr    Load Addr    Size         Type   Attr      Idx    E Section Name        Object

    0x00000000   0x00000000   0x000000cc   Data   RO          243    RESET               startup_lpc17xx.o
    0x000000cc   0x000000cc   0x00000008   Code   RO         1505  * !!!main             c_w.l(__main.o)
    0x000000d4   0x000000d4   0x00000034   Code   RO         1668    !!!scatter          c_w.l(__scatter.o)
    0x00000108   0x00000108   0x0000001a   Code   RO         1670    !!handler_copy      c_w.l(__scatter_copy.o)
    0x00000122   0x00000122   0x00000002   PAD
    0x00000124   0x00000124   0x0000001c   Code   RO         1672    !!handler_zi        c_w.l(__scatter_zi.o)
    0x00000140   0x00000140   0x00000002   Code   RO         1552    .ARM.Collect$$libinit$$00000000  c_w.l(libinit.o)
    0x00000142   0x00000142   0x00000000   Code   RO         1564    .ARM.Collect$$libinit$$00000002  c_w.l(libinit2.o)
    0x00000142   0x00000142   0x00000000   Code   RO         1566    .ARM.Collect$$libinit$$00000004  c_w.l(libinit2.o)
    0x00000142   0x00000142   0x00000000   Code   RO         1569    .ARM.Collect$$libinit$$0000000A  c_w.l(libinit2.o)
    0x00000142   0x00000142   0x00000000   Code   RO         1571    .ARM.Collect$$libinit$$0000000C  c_w.l(libinit2.o)
    0x00000142   0x00000142   0x00000000   Code   RO         1573    .ARM.Collect$$libinit$$0000000E  c_w.l(libinit2.o)
    0x00000142   0x00000142   0x00000000   Code   RO         1576    .ARM.Collect$$libinit$$00000011  c_w.l(libinit2.o)
    0x00000142   0x00000142   0x00000000   Code   RO         1578    .ARM.Collect$$libinit$$00000013  c_w.l(libinit2.o)
    0x00000142   0x00000142   0x00000000   Code   RO         1580    .ARM.Collect$$libinit$$00000015  c_w.l(libinit2.o)
    0x00000142   0x00000142   0x00000000   Code   RO         1582    .ARM.Collect$$libinit$$00000017  c_w.l(libinit2.o)
    0x00000142   0x00000142   0x00000000   Code   RO         1584    .ARM.Collect$$libinit$$00000019  c_w.l(libinit2.o)
    0x00000142   0x00000142   0x00000000   Code   RO         1586    .ARM.Collect$$libinit$$0000001B  c_w.l(libinit2.o)
    0x00000142   0x00000142   0x00000000   Code   RO         1588    .ARM.Collect$$libinit$$0000001D  c_w.l(libinit2.o)
    0x00000142   0x00000142   0x00000000   Code   RO         1590    .ARM.Collect$$libinit$$0000001F  c_w.l(libinit2.o)
    0x00000142   0x00000142   0x00000000   Code   RO         1592    .ARM.Collect$$libinit$$00000021  c_w.l(libinit2.o)
    0x00000142   0x00000142   0x00000000   Code   RO         1594    .ARM.Collect$$libinit$$00000023  c_w.l(libinit2.o)
    0x00000142   0x00000142   0x00000000   Code   RO         1596    .ARM.Collect$$libinit$$00000025  c_w.l(libinit2.o)
    0x00000142   0x00000142   0x00000000   Code   RO         1600    .ARM.Collect$$libinit$$0000002C  c_w.l(libinit2.o)
    0x00000142   0x00000142   0x00000000   Code   RO         1602    .ARM.Collect$$libinit$$0000002E  c_w.l(libinit2.o)
    0x00000142   0x00000142   0x00000000   Code   RO         1604    .ARM.Collect$$libinit$$00000030  c_w.l(libinit2.o)
    0x00000142   0x00000142   0x00000000   Code   RO         1606    .ARM.Collect$$libinit$$00000032  c_w.l(libinit2.o)
    0x00000142   0x00000142   0x00000002   Code   RO         1607    .ARM.Collect$$libinit$$00000033  c_w.l(libinit2.o)
    0x00000144   0x00000144   0x00000002   Code   RO         1553    .ARM.Collect$$libshutdown$$00000000  c_w.l(libshutdown.o)
    0x00000146   0x00000146   0x00000000   Code   RO         1609    .ARM.Collect$$libshutdown$$00000002  c_w.l(libshutdown2.o)
    0x00000146   0x00000146   0x00000000   Code   RO         1611    .ARM.Collect$$libshutdown$$00000004  c_w.l(libshutdown2.o)
    0x00000146   0x00000146   0x00000000   Code   RO         1613    .ARM.Collect$$libshutdown$$00000006  c_w.l(libshutdown2.o)
    0x00000146   0x00000146   0x00000000   Code   RO         1616    .ARM.Collect$$libshutdown$$00000009  c_w.l(libshutdown2.o)
    0x00000146   0x00000146   0x00000000   Code   RO         1619    .ARM.Collect$$libshutdown$$0000000C  c_w.l(libshutdown2.o)
    0x00000146   0x00000146   0x00000000   Code   RO         1621    .ARM.Collect$$libshutdown$$0000000E  c_w.l(libshutdown2.o)
    0x00000146   0x00000146   0x00000000   Code   RO         1624    .ARM.Collect$$libshutdown$$00000011  c_w.l(libshutdown2.o)
    0x00000146   0x00000146   0x00000002   Code   RO         1625    .ARM.Collect$$libshutdown$$00000012  c_w.l(libshutdown2.o)
    0x00000148   0x00000148   0x00000000   Code   RO         1507    .ARM.Collect$$rtentry$$00000000  c_w.l(__rtentry.o)
    0x00000148   0x00000148   0x00000000   Code   RO         1515    .ARM.Collect$$rtentry$$00000002  c_w.l(__rtentry2.o)
    0x00000148   0x00000148   0x00000006   Code   RO         1527    .ARM.Collect$$rtentry$$00000004  c_w.l(__rtentry4.o)
    0x0000014e   0x0000014e   0x00000000   Code   RO         1517    .ARM.Collect$$rtentry$$00000009  c_w.l(__rtentry2.o)
    0x0000014e   0x0000014e   0x00000004   Code   RO         1518    .ARM.Collect$$rtentry$$0000000A  c_w.l(__rtentry2.o)
    0x00000152   0x00000152   0x00000008   Code   RO         1519    .ARM.Collect$$rtentry$$0000000B  c_w.l(__rtentry2.o)
    0x0000015a   0x0000015a   0x00000008   Code   RO         1521    .ARM.Collect$$rtentry$$0000000D  c_w.l(__rtentry2.o)
    0x00000162   0x00000162   0x00000002   Code   RO         1508    .ARM.Collect$$rtexit$$00000000  c_w.l(rtexit.o)
    0x00000164   0x00000164   0x00000000   Code   RO         1530    .ARM.Collect$$rtexit$$00000002  c_w.l(rtexit2.o)
    0x00000164   0x00000164   0x00000004   Code   RO         1531    .ARM.Collect$$rtexit$$00000003  c_w.l(rtexit2.o)
    0x00000168   0x00000168   0x00000006   Code   RO         1532    .ARM.Collect$$rtexit$$00000004  c_w.l(rtexit2.o)
    0x0000016e   0x0000016e   0x00000002   PAD
    0x00000170   0x00000170   0x0000001c   Code   RO           60    .emb_text           rtx_conf_cm.o
    0x0000018c   0x0000018c   0x00000130   Code   RO         1479    .emb_text           RTX_CM3.lib(hal_cm3.o)
    0x000002bc   0x000002bc   0x00000016   Code   RO            1    .text               main.o
    0x000002d2   0x000002d2   0x00000002   PAD
    0x000002d4   0x000002d4   0x00000008   Code   RO         1494    .text               c_w.l(libspace.o)
    0x000002dc   0x000002dc   0x00000012   Code   RO         1499    .text               c_w.l(exit.o)
    0x000002ee   0x000002ee   0x00000006   Code   RO         1503    .text               c_w.l(heapauxi.o)
    0x000002f4   0x000002f4   0x00000002   Code   RO         1554    .text               c_w.l(use_no_semi.o)
    0x000002f6   0x000002f6   0x00000000   Code   RO         1556    .text               c_w.l(indicate_semi.o)
    0x000002f6   0x000002f6   0x00000002   PAD
    0x000002f8   0x000002f8   0x00000004   Code   RO         1489    SVC_TABLE           RTX_CM3.lib(svc_table.o)
    0x000002fc   0x000002fc   0x00000004   Code   RO          244    .ARM.__at_0x02FC    startup_lpc17xx.o
    0x00000300   0x00000300   0x00000114   Code   RO           31    .text               esclavo_i2c.o
    0x00000414   0x00000414   0x0000008c   Code   RO           61    .text               rtx_conf_cm.o
    0x000004a0   0x000004a0   0x0000085c   Code   RO          118    .text               i2c_lpc17xx.o
    0x00000cfc   0x00000cfc   0x00000098   Code   RO          220    .text               pin_lpc17xx.o
    0x00000d94   0x00000d94   0x0000003c   Code   RO          245    .text               startup_lpc17xx.o
    0x00000dd0   0x00000dd0   0x0000019c   Code   RO          254    .text               system_lpc17xx.o
    0x00000f6c   0x00000f6c   0x000000ee   Code   RO         1497    .text               c_w.l(lludivv7m.o)
    0x0000105a   0x0000105a   0x0000004e   Code   RO         1501    .text               c_w.l(rt_memclr_w.o)
    0x000010a8   0x000010a8   0x0000000c   Code   RO         1538    .text               c_w.l(sys_exit.o)
    0x000010b4   0x000010b4   0x0000004a   Code   RO         1540    .text               c_w.l(sys_stackheap_outer.o)
    0x000010fe   0x000010fe   0x00000046   Code   RO         1378    i._init_box         RTX_CM3.lib(rt_membox.o)
    0x00001144   0x00001144   0x00000030   Code   RO         1431    i.dbg_init          RTX_CM3.lib(hal_cm.o)
    0x00001174   0x00001174   0x00000020   Code   RO         1432    i.dbg_task_notify   RTX_CM3.lib(hal_cm.o)
    0x00001194   0x00001194   0x00000010   Code   RO         1433    i.dbg_task_switch   RTX_CM3.lib(hal_cm.o)
    0x000011a4   0x000011a4   0x0000002a   Code   RO          284    i.isrMessageGet     RTX_CM3.lib(rt_cmsis.o)
    0x000011ce   0x000011ce   0x0000002c   Code   RO          285    i.isrMessagePut     RTX_CM3.lib(rt_cmsis.o)
    0x000011fa   0x000011fa   0x00000024   Code   RO          287    i.isrSignalSet      RTX_CM3.lib(rt_cmsis.o)
    0x0000121e   0x0000121e   0x00000002   PAD
    0x00001220   0x00001220   0x00000028   Code   RO         1115    i.isr_evt_set       RTX_CM3.lib(rt_event.o)
    0x00001248   0x00001248   0x00000056   Code   RO         1233    i.isr_mbx_receive   RTX_CM3.lib(rt_mailbox.o)
    0x0000129e   0x0000129e   0x0000000e   Code   RO         1234    i.isr_mbx_send      RTX_CM3.lib(rt_mailbox.o)
    0x000012ac   0x000012ac   0x00000018   Code   RO          288    i.osDelay           RTX_CM3.lib(rt_cmsis.o)
    0x000012c4   0x000012c4   0x00000024   Code   RO          289    i.osKernelInitialize  RTX_CM3.lib(rt_cmsis.o)
    0x000012e8   0x000012e8   0x0000006c   Code   RO          291    i.osKernelStart     RTX_CM3.lib(rt_cmsis.o)
    0x00001354   0x00001354   0x00000018   Code   RO          300    i.osMessageGet      RTX_CM3.lib(rt_cmsis.o)
    0x0000136c   0x0000136c   0x00000018   Code   RO          315    i.osSignalSet       RTX_CM3.lib(rt_cmsis.o)
    0x00001384   0x00001384   0x00000018   Code   RO          316    i.osSignalWait      RTX_CM3.lib(rt_cmsis.o)
    0x0000139c   0x0000139c   0x0000002c   Code   RO          317    i.osThreadCreate    RTX_CM3.lib(rt_cmsis.o)
    0x000013c8   0x000013c8   0x00000018   Code   RO          318    i.osThreadExit      RTX_CM3.lib(rt_cmsis.o)
    0x000013e0   0x000013e0   0x00000018   Code   RO          323    i.osThreadYield     RTX_CM3.lib(rt_cmsis.o)
    0x000013f8   0x000013f8   0x0000000c   Code   RO          324    i.osTimerCall       RTX_CM3.lib(rt_cmsis.o)
    0x00001404   0x00001404   0x0000002c   Code   RO          329    i.osTimerThread     RTX_CM3.lib(rt_cmsis.o)
    0x00001430   0x00001430   0x00000028   Code   RO         1025    i.os_tick_init      RTX_CM3.lib(rt_system.o)
    0x00001458   0x00001458   0x00000002   Code   RO         1026    i.os_tick_irqack    RTX_CM3.lib(rt_system.o)
    0x0000145a   0x0000145a   0x0000001a   Code   RO         1379    i.rt_alloc_box      RTX_CM3.lib(rt_membox.o)
    0x00001474   0x00001474   0x0000003e   Code   RO         1407    i.rt_alloc_mem      RTX_CM3.lib(rt_memory.o)
    0x000014b2   0x000014b2   0x00000002   PAD
    0x000014b4   0x000014b4   0x00000038   Code   RO          906    i.rt_block          RTX_CM3.lib(rt_task.o)
    0x000014ec   0x000014ec   0x00000048   Code   RO         1356    i.rt_chk_robin      RTX_CM3.lib(rt_robin.o)
    0x00001534   0x00001534   0x00000070   Code   RO         1157    i.rt_dec_dly        RTX_CM3.lib(rt_list.o)
    0x000015a4   0x000015a4   0x00000044   Code   RO          907    i.rt_dispatch       RTX_CM3.lib(rt_task.o)
    0x000015e8   0x000015e8   0x00000006   Code   RO         1323    i.rt_dly_wait       RTX_CM3.lib(rt_time.o)
    0x000015ee   0x000015ee   0x00000002   PAD
    0x000015f0   0x000015f0   0x00000050   Code   RO         1118    i.rt_evt_psh        RTX_CM3.lib(rt_event.o)
    0x00001640   0x00001640   0x0000005c   Code   RO         1119    i.rt_evt_set        RTX_CM3.lib(rt_event.o)
    0x0000169c   0x0000169c   0x0000003c   Code   RO         1120    i.rt_evt_wait       RTX_CM3.lib(rt_event.o)
    0x000016d8   0x000016d8   0x0000002c   Code   RO         1380    i.rt_free_box       RTX_CM3.lib(rt_membox.o)
    0x00001704   0x00001704   0x00000028   Code   RO         1408    i.rt_free_mem       RTX_CM3.lib(rt_memory.o)
    0x0000172c   0x0000172c   0x00000028   Code   RO         1158    i.rt_get_first      RTX_CM3.lib(rt_list.o)
    0x00001754   0x00001754   0x00000024   Code   RO         1159    i.rt_get_same_rdy_prio  RTX_CM3.lib(rt_list.o)
    0x00001778   0x00001778   0x00000008   Code   RO          334    i.rt_id2obj         RTX_CM3.lib(rt_cmsis.o)
    0x00001780   0x00001780   0x00000048   Code   RO          908    i.rt_init_context   RTX_CM3.lib(rt_task.o)
    0x000017c8   0x000017c8   0x0000001a   Code   RO         1409    i.rt_init_mem       RTX_CM3.lib(rt_memory.o)
    0x000017e2   0x000017e2   0x00000002   PAD
    0x000017e4   0x000017e4   0x00000018   Code   RO         1357    i.rt_init_robin     RTX_CM3.lib(rt_robin.o)
    0x000017fc   0x000017fc   0x00000080   Code   RO         1434    i.rt_init_stack     RTX_CM3.lib(hal_cm.o)
    0x0000187c   0x0000187c   0x00000008   Code   RO         1235    i.rt_mbx_check      RTX_CM3.lib(rt_mailbox.o)
    0x00001884   0x00001884   0x0000001a   Code   RO         1236    i.rt_mbx_init       RTX_CM3.lib(rt_mailbox.o)
    0x0000189e   0x0000189e   0x00000002   PAD
    0x000018a0   0x000018a0   0x000000f0   Code   RO         1237    i.rt_mbx_psh        RTX_CM3.lib(rt_mailbox.o)
    0x00001990   0x00001990   0x000000b4   Code   RO         1239    i.rt_mbx_wait       RTX_CM3.lib(rt_mailbox.o)
    0x00001a44   0x00001a44   0x00000044   Code   RO          335    i.rt_ms2tick        RTX_CM3.lib(rt_cmsis.o)
    0x00001a88   0x00001a88   0x00000010   Code   RO          991    i.rt_mut_init       RTX_CM3.lib(rt_mutex.o)
    0x00001a98   0x00001a98   0x000000d8   Code   RO          992    i.rt_mut_release    RTX_CM3.lib(rt_mutex.o)
    0x00001b70   0x00001b70   0x00000078   Code   RO          993    i.rt_mut_wait       RTX_CM3.lib(rt_mutex.o)
    0x00001be8   0x00001be8   0x0000007c   Code   RO         1029    i.rt_pop_req        RTX_CM3.lib(rt_system.o)
    0x00001c64   0x00001c64   0x00000020   Code   RO         1030    i.rt_psh_req        RTX_CM3.lib(rt_system.o)
    0x00001c84   0x00001c84   0x0000005c   Code   RO         1160    i.rt_psq_enq        RTX_CM3.lib(rt_list.o)
    0x00001ce0   0x00001ce0   0x00000048   Code   RO         1161    i.rt_put_dly        RTX_CM3.lib(rt_list.o)
    0x00001d28   0x00001d28   0x00000036   Code   RO         1162    i.rt_put_prio       RTX_CM3.lib(rt_list.o)
    0x00001d5e   0x00001d5e   0x00000002   PAD
    0x00001d60   0x00001d60   0x00000014   Code   RO         1163    i.rt_put_rdy_first  RTX_CM3.lib(rt_list.o)
    0x00001d74   0x00001d74   0x00000034   Code   RO         1164    i.rt_resort_prio    RTX_CM3.lib(rt_list.o)
    0x00001da8   0x00001da8   0x00000006   Code   RO         1435    i.rt_ret_val        RTX_CM3.lib(hal_cm.o)
    0x00001dae   0x00001dae   0x00000008   Code   RO         1436    i.rt_ret_val2       RTX_CM3.lib(hal_cm.o)
    0x00001db6   0x00001db6   0x00000028   Code   RO         1165    i.rt_rmv_dly        RTX_CM3.lib(rt_list.o)
    0x00001dde   0x00001dde   0x00000002   PAD
    0x00001de0   0x00001de0   0x00000030   Code   RO         1166    i.rt_rmv_list       RTX_CM3.lib(rt_list.o)
    0x00001e10   0x00001e10   0x00000034   Code   RO         1284    i.rt_sem_psh        RTX_CM3.lib(rt_semaphore.o)
    0x00001e44   0x00001e44   0x00000024   Code   RO         1032    i.rt_stk_check      RTX_CM3.lib(rt_system.o)
    0x00001e68   0x00001e68   0x00000028   Code   RO          909    i.rt_switch_req     RTX_CM3.lib(rt_task.o)
    0x00001e90   0x00001e90   0x000000cc   Code   RO          910    i.rt_sys_init       RTX_CM3.lib(rt_task.o)
    0x00001f5c   0x00001f5c   0x00000078   Code   RO          911    i.rt_sys_start      RTX_CM3.lib(rt_task.o)
    0x00001fd4   0x00001fd4   0x00000040   Code   RO         1034    i.rt_systick        RTX_CM3.lib(rt_system.o)
    0x00002014   0x00002014   0x00000012   Code   RO          336    i.rt_tid2ptcb       RTX_CM3.lib(rt_cmsis.o)
    0x00002026   0x00002026   0x00000002   PAD
    0x00002028   0x00002028   0x00000034   Code   RO          337    i.rt_timer_insert   RTX_CM3.lib(rt_cmsis.o)
    0x0000205c   0x0000205c   0x00000088   Code   RO          912    i.rt_tsk_create     RTX_CM3.lib(rt_task.o)
    0x000020e4   0x000020e4   0x0000017c   Code   RO          913    i.rt_tsk_delete     RTX_CM3.lib(rt_task.o)
    0x00002260   0x00002260   0x00000030   Code   RO          914    i.rt_tsk_pass       RTX_CM3.lib(rt_task.o)
    0x00002290   0x00002290   0x0000007c   Code   RO          915    i.rt_tsk_prio       RTX_CM3.lib(rt_task.o)
    0x0000230c   0x0000230c   0x00000010   Code   RO          916    i.rt_tsk_self       RTX_CM3.lib(rt_task.o)
    0x0000231c   0x0000231c   0x00000012   Code   RO          339    i.svcDelay          RTX_CM3.lib(rt_cmsis.o)
    0x0000232e   0x0000232e   0x00000002   PAD
    0x00002330   0x00002330   0x00000070   Code   RO          340    i.svcKernelInitialize  RTX_CM3.lib(rt_cmsis.o)
    0x000023a0   0x000023a0   0x00000048   Code   RO          342    i.svcKernelStart    RTX_CM3.lib(rt_cmsis.o)
    0x000023e8   0x000023e8   0x00000024   Code   RO          345    i.svcMessageCreate  RTX_CM3.lib(rt_cmsis.o)
    0x0000240c   0x0000240c   0x0000003a   Code   RO          346    i.svcMessageGet     RTX_CM3.lib(rt_cmsis.o)
    0x00002446   0x00002446   0x00000024   Code   RO          358    i.svcSignalSet      RTX_CM3.lib(rt_cmsis.o)
    0x0000246a   0x0000246a   0x00000002   PAD
    0x0000246c   0x0000246c   0x00000054   Code   RO          359    i.svcSignalWait     RTX_CM3.lib(rt_cmsis.o)
    0x000024c0   0x000024c0   0x0000006c   Code   RO          360    i.svcThreadCreate   RTX_CM3.lib(rt_cmsis.o)
    0x0000252c   0x0000252c   0x0000001c   Code   RO          361    i.svcThreadGetId    RTX_CM3.lib(rt_cmsis.o)
    0x00002548   0x00002548   0x00000038   Code   RO          364    i.svcThreadTerminate  RTX_CM3.lib(rt_cmsis.o)
    0x00002580   0x00002580   0x0000000a   Code   RO          365    i.svcThreadYield    RTX_CM3.lib(rt_cmsis.o)
    0x0000258a   0x0000258a   0x00000018   Code   RO          366    i.svcTimerCall      RTX_CM3.lib(rt_cmsis.o)
    0x000025a2   0x000025a2   0x00000002   PAD
    0x000025a4   0x000025a4   0x0000005c   Code   RO          375    i.sysTimerTick      RTX_CM3.lib(rt_cmsis.o)
    0x00002600   0x00002600   0x00000010   Data   RO           33    .constdata          esclavo_i2c.o
    0x00002610   0x00002610   0x00000002   Data   RO           69    .constdata          rtx_conf_cm.o
    0x00002612   0x00002612   0x00000002   PAD
    0x00002614   0x00002614   0x00000004   Data   RO           70    .constdata          rtx_conf_cm.o
    0x00002618   0x00002618   0x00000004   Data   RO           71    .constdata          rtx_conf_cm.o
    0x0000261c   0x0000261c   0x00000004   Data   RO           75    .constdata          rtx_conf_cm.o
    0x00002620   0x00002620   0x00000001   Data   RO           76    .constdata          rtx_conf_cm.o
    0x00002621   0x00002621   0x00000003   PAD
    0x00002624   0x00002624   0x00000010   Data   RO           77    .constdata          rtx_conf_cm.o
    0x00002634   0x00002634   0x00000002   Data   RO           78    .constdata          rtx_conf_cm.o
    0x00002636   0x00002636   0x00000002   PAD
    0x00002638   0x00002638   0x00000004   Data   RO           79    .constdata          rtx_conf_cm.o
    0x0000263c   0x0000263c   0x00000004   Data   RO           80    .constdata          rtx_conf_cm.o
    0x00002640   0x00002640   0x00000001   Data   RO           81    .constdata          rtx_conf_cm.o
    0x00002641   0x00002641   0x00000003   PAD
    0x00002644   0x00002644   0x00000010   Data   RO           82    .constdata          rtx_conf_cm.o
    0x00002654   0x00002654   0x00000008   Data   RO           83    .constdata          rtx_conf_cm.o
    0x0000265c   0x0000265c   0x00000002   Data   RO           84    .constdata          rtx_conf_cm.o
    0x0000265e   0x0000265e   0x00000002   PAD
    0x00002660   0x00002660   0x00000010   Data   RO           85    .constdata          rtx_conf_cm.o
    0x00002670   0x00002670   0x00000034   Data   RO          120    .constdata          i2c_lpc17xx.o
    0x000026a4   0x000026a4   0x00000030   Data   RO          121    .constdata          i2c_lpc17xx.o
    0x000026d4   0x000026d4   0x00000040   Data   RO         1666    Region$$Table       anon$$obj.o


    Execution Region RW_IRAM1 (Exec base: 0x10000000, Load base: 0x00002714, Size: 0x00000790, Max: 0x00008000, ABSOLUTE)

    Exec Addr    Load Addr    Size         Type   Attr      Idx    E Section Name        Object

    0x10000000   0x00002714   0x00000004   Data   RW           87    .data               rtx_conf_cm.o
    0x10000004   0x00002718   0x00000004   Data   RW           88    .data               rtx_conf_cm.o
    0x10000008   0x0000271c   0x00000004   Data   RW           90    .data               rtx_conf_cm.o
    0x1000000c   0x00002720   0x00000004   Data   RW          255    .data               system_lpc17xx.o
    0x10000010   0x00002724   0x00000008   Data   RW          378    .data               RTX_CM3.lib(rt_cmsis.o)
    0x10000018   0x0000272c   0x00000008   Data   RW         1037    .data               RTX_CM3.lib(rt_system.o)
    0x10000020   0x00002734   0x00000001   Data   RW         1437    .data               RTX_CM3.lib(hal_cm.o)
    0x10000021   0x00002735   0x00000007   PAD
    0x10000028        -       0x000004c0   Zero   RW           64    .bss                rtx_conf_cm.o
    0x100004e8        -       0x000001b0   Zero   RW           65    .bss                rtx_conf_cm.o
    0x10000698        -       0x00000084   Zero   RW           66    .bss                rtx_conf_cm.o
    0x1000071c        -       0x0000001c   Zero   RW           67    .bss                rtx_conf_cm.o
    0x10000738        -       0x00000024   Zero   RW          119    .bss                i2c_lpc17xx.o
    0x1000075c        -       0x00000034   Zero   RW          917    .bss                RTX_CM3.lib(rt_task.o)
    0x10000790        -       0x00000000   Zero   RW          242    HEAP                startup_lpc17xx.o


    Execution Region RW_IRAM2 (Exec base: 0x2007c000, Load base: 0x00002738, Size: 0x00000790, Max: 0x00008000, ABSOLUTE)

    Exec Addr    Load Addr    Size         Type   Attr      Idx    E Section Name        Object

    0x2007c000   0x00002738   0x0000001c   Data   RW           35    .data               esclavo_i2c.o
    0x2007c01c   0x00002754   0x00000004   Data   RW           89    .data               rtx_conf_cm.o
    0x2007c020   0x00002758   0x00000004   Data   RW          122    .data               i2c_lpc17xx.o
    0x2007c024   0x0000275c   0x00000008   Data   RW          918    .data               RTX_CM3.lib(rt_task.o)
    0x2007c02c   0x00002764   0x00000004   Data   RW         1327    .data               RTX_CM3.lib(rt_time.o)
    0x2007c030   0x00002768   0x00000008   Data   RW         1358    .data               RTX_CM3.lib(rt_robin.o)
    0x2007c038        -       0x0000000a   Zero   RW           32    .bss                esclavo_i2c.o
    0x2007c042   0x00002770   0x00000002   PAD
    0x2007c044        -       0x00000020   Zero   RW           62    .bss                rtx_conf_cm.o
    0x2007c064        -       0x00000178   Zero   RW           63    .bss                rtx_conf_cm.o
    0x2007c1dc        -       0x00000320   Zero   RW           68    .bss                rtx_conf_cm.o
    0x2007c4fc        -       0x00000030   Zero   RW         1167    .bss                RTX_CM3.lib(rt_list.o)
    0x2007c52c        -       0x00000060   Zero   RW         1495    .bss                c_w.l(libspace.o)
    0x2007c58c   0x00002770   0x00000004   PAD
    0x2007c590        -       0x00000200   Zero   RW          241    STACK               startup_lpc17xx.o


==============================================================================

Image component sizes


      Code (inc. data)   RO Data    RW Data    ZI Data      Debug   Object Name

       276         12         16         28         10       5269   esclavo_i2c.o
      2140         60        100          4         36      55596   i2c_lpc17xx.o
        22          0          0          0          0       9029   main.o
       152          6          0          0          0       1448   pin_lpc17xx.o
       168         36         84         16       3016       8777   rtx_conf_cm.o
        64         26        204          0        512       1044   startup_lpc17xx.o
       412         32          0          4          0       1157   system_lpc17xx.o

    ----------------------------------------------------------------------
      3236        172        480         52       3576      82320   Object Totals
         0          0         64          0          0          0   (incl. Generated)
         2          0         12          0          2          0   (incl. Padding)

    ----------------------------------------------------------------------

      Code (inc. data)   RO Data    RW Data    ZI Data      Debug   Library Member Name

       238         24          0          1          0       3244   hal_cm.o
       304         36          0          0          0        756   hal_cm3.o
      1390        166          0          8          0      37611   rt_cmsis.o
       272         18          0          0          0       2606   rt_event.o
       566         44          0          0         48       8688   rt_list.o
       554         10          0          0          0       3889   rt_mailbox.o
       140          0          0          0          0       1889   rt_membox.o
       128          0          0          0          0       2267   rt_memory.o
       352         14          0          0          0       2073   rt_mutex.o
        96         22          0          8          0       1134   rt_robin.o
        52          4          0          0          0        565   rt_semaphore.o
       298         52          0          8          0       6139   rt_system.o
      1264        184          0          8         52      10023   rt_task.o
         6          0          0          4          0        636   rt_time.o
         4          4          0          0          0        196   svc_table.o
         8          0          0          0          0         68   __main.o
         0          0          0          0          0          0   __rtentry.o
        20          0          0          0          0          0   __rtentry2.o
         6          0          0          0          0          0   __rtentry4.o
        52          8          0          0          0          0   __scatter.o
        26          0          0          0          0          0   __scatter_copy.o
        28          0          0          0          0          0   __scatter_zi.o
        18          0          0          0          0         80   exit.o
         6          0          0          0          0        152   heapauxi.o
         0          0          0          0          0          0   indicate_semi.o
         2          0          0          0          0          0   libinit.o
         2          0          0          0          0          0   libinit2.o
         2          0          0          0          0          0   libshutdown.o
         2          0          0          0          0          0   libshutdown2.o
         8          4          0          0         96         68   libspace.o
       238          0          0          0          0        100   lludivv7m.o
        78          0          0          0          0         80   rt_memclr_w.o
         2          0          0          0          0          0   rtexit.o
        10          0          0          0          0          0   rtexit2.o
        12          4          0          0          0         68   sys_exit.o
        74          0          0          0          0         80   sys_stackheap_outer.o
         2          0          0          0          0         68   use_no_semi.o

    ----------------------------------------------------------------------
      6288        594          0         40        204      82480   Library Totals
        28          0          0          3          8          0   (incl. Padding)

    ----------------------------------------------------------------------

      Code (inc. data)   RO Data    RW Data    ZI Data      Debug   Library Name

      5664        578          0         37        100      81716   RTX_CM3.lib
       596         16          0          0         96        764   c_w.l

    ----------------------------------------------------------------------
      6288        594          0         40        204      82480   Library Totals

    ----------------------------------------------------------------------

==============================================================================


      Code (inc. data)   RO Data    RW Data    ZI Data      Debug   

      9524        766        480         92       3780     159596   Grand Totals
      9524        766        480         92       3780     159596   ELF Image Totals
      9524        766        480         92          0          0   ROM Totals

==============================================================================

    Total RO  Size (Code + RO Data)                10004 (   9.77kB)
    Total RW  Size (RW Data + ZI Data)              3872 (   3.78kB)
    Total ROM Size (Code + RO Data + RW Data)      10096 (   9.86kB)

==============================================================================

