Component: ARM Compiler 5.06 update 7 (build 960) Tool: armlink [4d3601]

==============================================================================

Section Cross References

    http_server.o(.text) refers to adc.o(.text) for conversion_ADC_P0T2
    http_server.o(.text) refers to pinoutconfigure.o(.text) for barrido_leds
    http_server.o(.text) refers to rt_cmsis.o(i.osKernelInitialize) for osKernelInitialize
    http_server.o(.text) refers to net_sys.o(i.net_initialize) for net_initialize
    http_server.o(.text) refers to rtc.o(.text) for init_RTC
    http_server.o(.text) refers to lcd.o(.text) for init
    http_server.o(.text) refers to gestor_pulsador.o(.text) for Init_pulsador
    http_server.o(.text) refers to sntp.o(.text) for init_SNTP
    http_server.o(.text) refers to watchdog.o(.text) for watchdog_init
    http_server.o(.text) refers to rt_cmsis.o(i.osThreadCreate) for osThreadCreate
    http_server.o(.text) refers to rt_cmsis.o(i.osSignalSet) for osSignalSet
    http_server.o(.text) refers to rt_cmsis.o(i.osKernelStart) for osKernelStart
    http_server.o(.text) refers to net_sys.o(i.net_main) for net_main
    http_server.o(.text) refers to rt_cmsis.o(i.osThreadYield) for osThreadYield
    http_server.o(.text) refers to http_server.o(.data) for .data
    http_server.o(.text) refers to net_sys.o(.bss) for localm
    http_server.o(.text) refers to http_server.o(.constdata) for .constdata
    http_server.o(.text) refers to sntp.o(.data) for id_SNTP
    http_server.o(.constdata) refers to http_server.o(.text) for BlinkLed
    http_server.o(.data) refers to emac_lpc17xx.o(.constdata) for Driver_ETH_MAC0
    pinoutconfigure.o(.text) refers to gpio_lpc17xx.o(.text) for GPIO_SetDir
    pinoutconfigure.o(.text) refers to rt_cmsis.o(i.osDelay) for osDelay
    pinoutconfigure.o(.text) refers to pinoutconfigure.o(.bss) for .bss
    pinoutconfigure.o(.text) refers to pinoutconfigure.o(.data) for .data
    web.o(.text) refers to web.o(.constdata) for .constdata
    web.o(.constdata) refers to web.o(.constdata) for imageFileData
    http_server_cgi.o(.text) refers to net_http_server.o(i.http_get_env_var) for http_get_env_var
    http_server_cgi.o(.text) refers to strncmp.o(.text) for strncmp
    http_server_cgi.o(.text) refers to net_addr4.o(i.ip4_aton) for ip4_aton
    http_server_cgi.o(.text) refers to strcmp.o(.text) for strcmp
    http_server_cgi.o(.text) refers to strcpy.o(.text) for strcpy
    http_server_cgi.o(.text) refers to rt_cmsis.o(i.osSignalSet) for osSignalSet
    http_server_cgi.o(.text) refers to pinoutconfigure.o(.text) for LED_SetOut
    http_server_cgi.o(.text) refers to net_addr4.o(i.ip4_ntoa) for ip4_ntoa
    http_server_cgi.o(.text) refers to printfa.o(i.__0sprintf) for __2sprintf
    http_server_cgi.o(.text) refers to net_tcp.o(i.tcp_ntoa) for tcp_ntoa
    http_server_cgi.o(.text) refers to net_http_server.o(i.http_server_get_lang) for http_server_get_lang
    http_server_cgi.o(.text) refers to net_sys.o(.bss) for localm
    http_server_cgi.o(.text) refers to http_server.o(.data) for P2
    http_server_cgi.o(.text) refers to http_server.o(.data) for LEDrun
    http_server_cgi.o(.text) refers to sntp.o(.data) for SNTP_Choose_IP
    http_server_cgi.o(.text) refers to net_config.o(.constdata) for http_config
    http_server_cgi.o(.text) refers to http_server_cgi.o(.bss) for .bss
    http_server_cgi.o(.text) refers to rtc.o(.data) for id_pantalla
    http_server_cgi.o(.text) refers to http_server_cgi.o(.data) for .data
    http_server_cgi.o(.text) refers to net_config.o(.constdata) for tcp_config
    http_server_cgi.o(.text) refers to http_server_cgi.o(.conststring) for .conststring
    http_server_cgi.o(.text) refers to http_server.o(.text) for AD_in
    http_server_cgi.o(.text) refers to ffltui.o(.text) for __aeabi_ui2f
    http_server_cgi.o(.text) refers to fmul.o(.text) for __aeabi_fmul
    http_server_cgi.o(.text) refers to fscalb.o(.text) for __ARM_scalbnf
    http_server_cgi.o(.text) refers to f2d.o(.text) for __aeabi_f2d
    http_server_cgi.o(.text) refers to rtc.o(.text) for get_time
    adc.o(.text) refers to rt_cmsis.o(i.osDelay) for osDelay
    adc.o(.text) refers to adc.o(.data) for .data
    lcd.o(.text) refers to gpio_lpc17xx.o(.text) for GPIO_PinWrite
    lcd.o(.text) refers to strlen.o(.text) for strlen
    lcd.o(.text) refers to printfa.o(i.__0sprintf) for __2sprintf
    lcd.o(.text) refers to f2d.o(.text) for __aeabi_f2d
    lcd.o(.text) refers to lcd.o(.data) for .data
    lcd.o(.text) refers to lcd.o(.bss) for .bss
    lcd.o(.text) refers to lcd.o(.constdata) for .constdata
    lcd.o(.data) refers to ssp_lpc17xx.o(.constdata) for Driver_SPI1
    rtc.o(.text) refers to lcd.o(.text) for pintarHoraPrimeraLinea
    rtc.o(.text) refers to rt_cmsis.o(i.osSignalWait) for osSignalWait
    rtc.o(.text) refers to rt_cmsis.o(i.osSignalClear) for osSignalClear
    rtc.o(.text) refers to rt_cmsis.o(i.osSignalSet) for osSignalSet
[...]
    __aeabi_uidivmod                         0x0000399f   Thumb Code    44  uidiv.o(.text)
    __aeabi_llsl                             0x000039cb   Thumb Code    30  llshl.o(.text)
    _ll_shift_l                              0x000039cb   Thumb Code     0  llshl.o(.text)
    __aeabi_llsr                             0x000039e9   Thumb Code    32  llushr.o(.text)
    _ll_ushift_r                             0x000039e9   Thumb Code     0  llushr.o(.text)
    _chval                                   0x00003a09   Thumb Code    28  _chval.o(.text)
    __vfscanf_char                           0x00003a31   Thumb Code    20  scanf_char.o(.text)
    _sgetc                                   0x00003a4d   Thumb Code    30  _sgetc.o(.text)
    _sbackspace                              0x00003a6b   Thumb Code    34  _sgetc.o(.text)
    strtol                                   0x00003a8d   Thumb Code   112  strtol.o(.text)
    _float_round                             0x00003afd   Thumb Code    18  fepilogue.o(.text)
    _float_epilogue                          0x00003b0f   Thumb Code    92  fepilogue.o(.text)
    __aeabi_dadd                             0x00003b6b   Thumb Code   322  dadd.o(.text)
    __aeabi_dsub                             0x00003cad   Thumb Code     6  dadd.o(.text)
    __aeabi_drsub                            0x00003cb3   Thumb Code     6  dadd.o(.text)
    __aeabi_dmul                             0x00003cb9   Thumb Code   228  dmul.o(.text)
    __aeabi_ddiv                             0x00003d9d   Thumb Code   222  ddiv.o(.text)
    __aeabi_d2ulz                            0x00003e7b   Thumb Code    48  dfixul.o(.text)
    __aeabi_cdrcmple                         0x00003ead   Thumb Code    48  cdrcmple.o(.text)
    __scatterload                            0x00003edd   Thumb Code    28  init.o(.text)
    __scatterload_rt2                        0x00003edd   Thumb Code     0  init.o(.text)
    __aeabi_lasr                             0x00003f01   Thumb Code    36  llsshr.o(.text)
    _ll_sshift_r                             0x00003f01   Thumb Code     0  llsshr.o(.text)
    isspace                                  0x00003f25   Thumb Code    18  isspace_o.o(.text)
    __vfscanf                                0x00003f39   Thumb Code   810  _scanf.o(.text)
    _strtoul                                 0x00004269   Thumb Code   158  _strtoul.o(.text)
    _double_round                            0x00004307   Thumb Code    30  depilogue.o(.text)
    _double_epilogue                         0x00004325   Thumb Code   156  depilogue.o(.text)
    __decompress                             0x000043c1   Thumb Code     0  __dczerorl.o(.text)
    __decompress0                            0x000043c1   Thumb Code    58  __dczerorl.o(.text)
    SVC_Count                                0x000043fc   Data           4  svc_table.o(SVC_TABLE)
    SVC_Table                                0x00004400   Data           0  svc_table.o(SVC_TABLE)
    __0sprintf                               0x00004401   Thumb Code    34  printfa.o(i.__0sprintf)
    __1sprintf                               0x00004401   Thumb Code     0  printfa.o(i.__0sprintf)
    __2sprintf                               0x00004401   Thumb Code     0  printfa.o(i.__0sprintf)
    __c89sprintf                             0x00004401   Thumb Code     0  printfa.o(i.__0sprintf)
    sprintf                                  0x00004401   Thumb Code     0  printfa.o(i.__0sprintf)
    __aeabi_errno_addr                       0x00004429   Thumb Code     4  errno.o(i.__aeabi_errno_addr)
    __rt_errno_addr                          0x00004429   Thumb Code     0  errno.o(i.__aeabi_errno_addr)
    __scatterload_copy                       0x00004431   Thumb Code    14  handlers.o(i.__scatterload_copy)
    __scatterload_null                       0x0000443f   Thumb Code     2  handlers.o(i.__scatterload_null)
    __scatterload_zeroinit                   0x00004441   Thumb Code    14  handlers.o(i.__scatterload_zeroinit)
    _init_box                                0x000045d5   Thumb Code    70  rt_membox.o(i._init_box)
    arp_cache_add                            0x00004d61   Thumb Code   156  net_arp.o(i.arp_cache_add)
    arp_cache_early                          0x00004e8d   Thumb Code   128  net_arp.o(i.arp_cache_early)
    arp_cache_find                           0x00004f15   Thumb Code   148  net_arp.o(i.arp_cache_find)
    arp_cache_update                         0x00004fb5   Thumb Code   212  net_arp.o(i.arp_cache_update)
    arp_init                                 0x00005099   Thumb Code    38  net_arp.o(i.arp_init)
    arp_notify                               0x00005105   Thumb Code    26  net_arp.o(i.arp_notify)
    arp_process                              0x000051a1   Thumb Code   276  net_arp.o(i.arp_process)
    b64_to_asc                               0x00005401   Thumb Code   122  net_common.o(i.b64_to_asc)
    cgi_content_type                         0x0000547b   Thumb Code     4  net_http_server.o(i.cgi_content_type)
    cgx_content_type                         0x0000547f   Thumb Code     4  net_http_server.o(i.cgx_content_type)
    chksum16                                 0x000055f5   Thumb Code    50  net_common.o(i.chksum16)
    dbg_init                                 0x0000566d   Thumb Code    34  hal_cm.o(i.dbg_init)
    dbg_task_notify                          0x0000569d   Thumb Code    32  hal_cm.o(i.dbg_task_notify)
    dbg_task_switch                          0x000056bd   Thumb Code    16  hal_cm.o(i.dbg_task_switch)
    eth_chk_addr                             0x000057b5   Thumb Code    28  net_eth.o(i.eth_chk_addr)
    eth_init_link                            0x00005845   Thumb Code   222  net_eth.o(i.eth_init_link)
    eth_link_notify                          0x0000593d   Thumb Code     2  net_eth.o(i.eth_link_notify)
    eth_output                               0x00005955   Thumb Code    86  net_eth.o(i.eth_output)
    eth_run_link                             0x000059b9   Thumb Code   210  net_eth.o(i.eth_run_link)
    eth_send_frame                           0x00005a9d   Thumb Code   146  net_eth.o(i.eth_send_frame)
    eth_thread                               0x00005b41   Thumb Code    14  net_eth.o(i.eth_thread)
    get_rnd32                                0x00005bc9   Thumb Code    18  net_sys.o(i.get_rnd32)
    http_accept_client                       0x00005bf7   Thumb Code     4  net_http_server.o(i.http_accept_client)
    http_check_account                       0x00005f0d   Thumb Code     4  net_http_server.o(i.http_check_account)
    http_encoding                            0x00005f11   Thumb Code     4  net_http_server.o(i.http_encoding)
    http_file_access                         0x0000608d   Thumb Code     4  net_http_server.o(i.http_file_access)
    http_get_env_var                         0x00006091   Thumb Code   104  net_http_server.o(i.http_get_env_var)
    http_server_get_lang                     0x00006891   Thumb Code    28  net_http_server.o(i.http_server_get_lang)
    http_server_init                         0x000068b5   Thumb Code    82  net_http_server.o(i.http_server_init)
    http_server_run                          0x00006911   Thumb Code   808  net_http_server.o(i.http_server_run)
    icmp_process                             0x00006d09   Thumb Code   210  net_icmp.o(i.icmp_process)
    icmp_service_init                        0x00006e65   Thumb Code    10  net_icmp.o(i.icmp_service_init)
    icmp_service_run                         0x00006e75   Thumb Code    58  net_icmp.o(i.icmp_service_run)
    ip4_aton                                 0x00006ebd   Thumb Code    82  net_addr4.o(i.ip4_aton)
    ip4_checksum                             0x00006f25   Thumb Code    76  net_ip.o(i.ip4_checksum)
    ip4_ntoa                                 0x00006f71   Thumb Code    34  net_addr4.o(i.ip4_ntoa)
    ip_chk_frame                             0x00006fa9   Thumb Code   196  net_ip.o(i.ip_chk_frame)
    ip_get_locadr                            0x00007085   Thumb Code    54  net_ip.o(i.ip_get_locadr)
    ip_localhost_init                        0x00007145   Thumb Code    68  net_ip.o(i.ip_localhost_init)
    ip_localhost_run                         0x00007195   Thumb Code    86  net_ip.o(i.ip_localhost_run)
    ip_send_frame                            0x000071f5   Thumb Code   312  net_ip.o(i.ip_send_frame)
    ip_tx_offload                            0x00007335   Thumb Code    40  net_ip.o(i.ip_tx_offload)
    is_subnet                                0x00007365   Thumb Code    26  net_addr4.o(i.is_subnet)
    is_subnet_bcast                          0x00007381   Thumb Code    34  net_ip.o(i.is_subnet_bcast)
    isrMessageGet                            0x000073a9   Thumb Code    42  rt_cmsis.o(i.isrMessageGet)
    isrMessagePut                            0x000073d3   Thumb Code    44  rt_cmsis.o(i.isrMessagePut)
    isrSignalSet                             0x000073ff   Thumb Code    36  rt_cmsis.o(i.isrSignalSet)
    isr_evt_set                              0x00007425   Thumb Code    34  rt_event.o(i.isr_evt_set)
    isr_mbx_receive                          0x0000744d   Thumb Code    86  rt_mailbox.o(i.isr_mbx_receive)
    isr_mbx_send                             0x000074a3   Thumb Code    14  rt_mailbox.o(i.isr_mbx_send)
    mem_alloc                                0x000074b1   Thumb Code   130  net_mem.o(i.mem_alloc)
    mem_avail                                0x0000753d   Thumb Code    22  net_mem.o(i.mem_avail)
    mem_crc32                                0x00007559   Thumb Code    32  net_common.o(i.mem_crc32)
    mem_free                                 0x00007579   Thumb Code   100  net_mem.o(i.mem_free)
    mem_init                                 0x000075e5   Thumb Code    86  net_mem.o(i.mem_init)
    mem_resize                               0x00007659   Thumb Code    50  net_mem.o(i.mem_resize)
    nbns_client_init                         0x0000769d   Thumb Code    40  net_nbns_client.o(i.nbns_client_init)
    net_initialize                           0x0000782d   Thumb Code    58  net_sys.o(i.net_initialize)
    net_main                                 0x00007879   Thumb Code    86  net_sys.o(i.net_main)
    osDelay                                  0x000078f1   Thumb Code    18  rt_cmsis.o(i.osDelay)
    osKernelInitialize                       0x00007909   Thumb Code    30  rt_cmsis.o(i.osKernelInitialize)
    osKernelStart                            0x0000792d   Thumb Code    98  rt_cmsis.o(i.osKernelStart)
    osKernelSysTick                          0x00007999   Thumb Code    18  rt_cmsis.o(i.osKernelSysTick)
    osMessageGet                             0x000079b1   Thumb Code    18  rt_cmsis.o(i.osMessageGet)
    osMutexCreate                            0x000079c9   Thumb Code    36  rt_cmsis.o(i.osMutexCreate)
    osMutexRelease                           0x000079f5   Thumb Code    18  rt_cmsis.o(i.osMutexRelease)
    osMutexWait                              0x00007a0d   Thumb Code    18  rt_cmsis.o(i.osMutexWait)
    osSignalClear                            0x00007a25   Thumb Code    20  rt_cmsis.o(i.osSignalClear)
    osSignalSet                              0x00007a3d   Thumb Code    18  rt_cmsis.o(i.osSignalSet)
    osSignalWait                             0x00007a55   Thumb Code    18  rt_cmsis.o(i.osSignalWait)
    osThreadCreate                           0x00007a6d   Thumb Code    36  rt_cmsis.o(i.osThreadCreate)
    osThreadExit                             0x00007a99   Thumb Code    14  rt_cmsis.o(i.osThreadExit)
    osThreadYield                            0x00007ab1   Thumb Code    18  rt_cmsis.o(i.osThreadYield)
    osTimerCall                              0x00007ac9   Thumb Code     8  rt_cmsis.o(i.osTimerCall)
    osTimerCreate                            0x00007ad5   Thumb Code    36  rt_cmsis.o(i.osTimerCreate)
    osTimerStart                             0x00007b01   Thumb Code    18  rt_cmsis.o(i.osTimerStart)
    osTimerThread                            0x00007b19   Thumb Code    38  rt_cmsis.o(i.osTimerThread)
    os_tick_init                             0x00007b45   Thumb Code    32  rt_system.o(i.os_tick_init)
    os_tick_irqack                           0x00007b6d   Thumb Code     2  rt_system.o(i.os_tick_irqack)
    os_tick_ovf                              0x00007b71   Thumb Code    10  rt_system.o(i.os_tick_ovf)
    os_tick_val                              0x00007b81   Thumb Code    14  rt_system.o(i.os_tick_val)
    rt_alloc_box                             0x00007c5d   Thumb Code    26  rt_membox.o(i.rt_alloc_box)
    rt_alloc_mem                             0x00007c77   Thumb Code    62  rt_memory.o(i.rt_alloc_mem)
    rt_block                                 0x00007cb5   Thumb Code    48  rt_task.o(i.rt_block)
    rt_chk_robin                             0x00007ced   Thumb Code    60  rt_robin.o(i.rt_chk_robin)
    rt_dec_dly                               0x00007d35   Thumb Code   102  rt_list.o(i.rt_dec_dly)
    rt_dispatch                              0x00007da5   Thumb Code    60  rt_task.o(i.rt_dispatch)
    rt_dly_wait                              0x00007de9   Thumb Code     6  rt_time.o(i.rt_dly_wait)
    rt_evt_clr                               0x00007df1   Thumb Code    22  rt_event.o(i.rt_evt_clr)
    rt_evt_psh                               0x00007e0d   Thumb Code    76  rt_event.o(i.rt_evt_psh)
    rt_evt_set                               0x00007e5d   Thumb Code    88  rt_event.o(i.rt_evt_set)
    rt_evt_wait                              0x00007eb9   Thumb Code    56  rt_event.o(i.rt_evt_wait)
    rt_free_box                              0x00007ef5   Thumb Code    44  rt_membox.o(i.rt_free_box)
    rt_free_mem                              0x00007f21   Thumb Code    40  rt_memory.o(i.rt_free_mem)
    rt_get_first                             0x00007f49   Thumb Code    40  rt_list.o(i.rt_get_first)
    rt_get_same_rdy_prio                     0x00007f71   Thumb Code    26  rt_list.o(i.rt_get_same_rdy_prio)
    rt_init_mem                              0x00007fe5   Thumb Code    26  rt_memory.o(i.rt_init_mem)
    rt_init_robin                            0x00008001   Thumb Code    14  rt_robin.o(i.rt_init_robin)
    rt_init_stack                            0x00008019   Thumb Code   118  hal_cm.o(i.rt_init_stack)
    rt_mbx_check                             0x00008099   Thumb Code     8  rt_mailbox.o(i.rt_mbx_check)
    rt_mbx_init                              0x000080a1   Thumb Code    26  rt_mailbox.o(i.rt_mbx_init)
    rt_mbx_psh                               0x000080bd   Thumb Code   236  rt_mailbox.o(i.rt_mbx_psh)
    rt_mbx_wait                              0x000081ad   Thumb Code   174  rt_mailbox.o(i.rt_mbx_wait)
    rt_mut_init                              0x000082a5   Thumb Code    16  rt_mutex.o(i.rt_mut_init)
    rt_mut_release                           0x000082b5   Thumb Code   208  rt_mutex.o(i.rt_mut_release)
    rt_mut_wait                              0x0000838d   Thumb Code   114  rt_mutex.o(i.rt_mut_wait)
    rt_pop_req                               0x00008405   Thumb Code   112  rt_system.o(i.rt_pop_req)
    rt_psh_req                               0x00008481   Thumb Code    22  rt_system.o(i.rt_psh_req)
    rt_psq_enq                               0x000084a1   Thumb Code    88  rt_list.o(i.rt_psq_enq)
    rt_put_dly                               0x000084fd   Thumb Code    68  rt_list.o(i.rt_put_dly)
    rt_put_prio                              0x00008545   Thumb Code    54  rt_list.o(i.rt_put_prio)
    rt_put_rdy_first                         0x0000857d   Thumb Code    14  rt_list.o(i.rt_put_rdy_first)
    rt_resort_prio                           0x00008591   Thumb Code    46  rt_list.o(i.rt_resort_prio)
    rt_ret_val                               0x000085c5   Thumb Code     6  hal_cm.o(i.rt_ret_val)
    rt_ret_val2                              0x000085cb   Thumb Code     8  hal_cm.o(i.rt_ret_val2)
    rt_rmv_dly                               0x000085d3   Thumb Code    40  rt_list.o(i.rt_rmv_dly)
    rt_rmv_list                              0x000085fd   Thumb Code    44  rt_list.o(i.rt_rmv_list)
    rt_sem_psh                               0x0000862d   Thumb Code    48  rt_semaphore.o(i.rt_sem_psh)
    rt_stk_check                             0x00008661   Thumb Code    28  rt_system.o(i.rt_stk_check)
    rt_switch_req                            0x00008685   Thumb Code    30  rt_task.o(i.rt_switch_req)
    rt_sys_init                              0x000086ad   Thumb Code   138  rt_task.o(i.rt_sys_init)
    rt_sys_start                             0x00008779   Thumb Code   110  rt_task.o(i.rt_sys_start)
    rt_systick                               0x000087f1   Thumb Code    50  rt_system.o(i.rt_systick)
    rt_tsk_create                            0x000088b5   Thumb Code   118  rt_task.o(i.rt_tsk_create)
    rt_tsk_delete                            0x0000893d   Thumb Code   352  rt_task.o(i.rt_tsk_delete)
    rt_tsk_pass                              0x00008ab9   Thumb Code    38  rt_task.o(i.rt_tsk_pass)
    rt_tsk_prio                              0x00008ae9   Thumb Code   108  rt_task.o(i.rt_tsk_prio)
    rt_tsk_self                              0x00008b65   Thumb Code    12  rt_task.o(i.rt_tsk_self)
    sntp_client_init                         0x00008bbd   Thumb Code    32  net_sntp_client.o(i.sntp_client_init)
    sntp_client_run                          0x00008be5   Thumb Code    66  net_sntp_client.o(i.sntp_client_run)
    sntp_get_time                            0x00008c35   Thumb Code   112  net_sntp_client.o(i.sntp_get_time)
    str_copy                                 0x00008d6d   Thumb Code    18  net_common.o(i.str_copy)
    str_pos                                  0x00008d7f   Thumb Code    22  net_common.o(i.str_pos)
    str_scomp                                0x00008d95   Thumb Code    26  net_common.o(i.str_scomp)
    str_up_case                              0x00008daf   Thumb Code    26  net_common.o(i.str_up_case)
    svcDelay                                 0x00008dc9   Thumb Code    18  rt_cmsis.o(i.svcDelay)
    svcKernelInitialize                      0x00008ddd   Thumb Code    80  rt_cmsis.o(i.svcKernelInitialize)
    svcKernelStart                           0x00008e4d   Thumb Code    62  rt_cmsis.o(i.svcKernelStart)
    svcKernelSysTick                         0x00008e95   Thumb Code    46  rt_cmsis.o(i.svcKernelSysTick)
    svcMessageCreate                         0x00008ecd   Thumb Code    36  rt_cmsis.o(i.svcMessageCreate)
    svcMessageGet                            0x00008ef1   Thumb Code    58  rt_cmsis.o(i.svcMessageGet)
    svcMutexCreate                           0x00008f2b   Thumb Code    28  rt_cmsis.o(i.svcMutexCreate)
    svcMutexRelease                          0x00008f47   Thumb Code    34  rt_cmsis.o(i.svcMutexRelease)
    svcMutexWait                             0x00008f69   Thumb Code    58  rt_cmsis.o(i.svcMutexWait)
    svcSignalClear                           0x00008fa3   Thumb Code    36  rt_cmsis.o(i.svcSignalClear)
    svcSignalSet                             0x00008fc7   Thumb Code    36  rt_cmsis.o(i.svcSignalSet)
    svcSignalWait                            0x00008fed   Thumb Code    80  rt_cmsis.o(i.svcSignalWait)
    svcThreadCreate                          0x00009041   Thumb Code    96  rt_cmsis.o(i.svcThreadCreate)
    svcThreadGetId                           0x000090ad   Thumb Code    22  rt_cmsis.o(i.svcThreadGetId)
    svcThreadTerminate                       0x000090c9   Thumb Code    50  rt_cmsis.o(i.svcThreadTerminate)
    svcThreadYield                           0x00009101   Thumb Code    10  rt_cmsis.o(i.svcThreadYield)
    svcTimerCall                             0x0000910b   Thumb Code    24  rt_cmsis.o(i.svcTimerCall)
    svcTimerCreate                           0x00009125   Thumb Code    52  rt_cmsis.o(i.svcTimerCreate)
    svcTimerStart                            0x0000915d   Thumb Code    96  rt_cmsis.o(i.svcTimerStart)
    sysTimerTick                             0x000091c1   Thumb Code    84  rt_cmsis.o(i.sysTimerTick)
    tcp_abort                                0x0000921d   Thumb Code    82  net_tcp.o(i.tcp_abort)
    tcp_close                                0x00009275   Thumb Code   154  net_tcp.o(i.tcp_close)
    tcp_get_buf                              0x00009315   Thumb Code    30  net_tcp.o(i.tcp_get_buf)
    tcp_get_socket                           0x00009335   Thumb Code    76  net_tcp.o(i.tcp_get_socket)
    tcp_get_state                            0x00009385   Thumb Code    34  net_tcp.o(i.tcp_get_state)
    tcp_listen                               0x000093ad   Thumb Code   102  net_tcp.o(i.tcp_listen)
    tcp_max_data_size                        0x00009495   Thumb Code    30  net_tcp.o(i.tcp_max_data_size)
    tcp_ntoa                                 0x000094b9   Thumb Code     8  net_tcp.o(i.tcp_ntoa)
    tcp_process                              0x0000963d   Thumb Code  1178  net_tcp.o(i.tcp_process)
    tcp_send                                 0x00009ba1   Thumb Code   214  net_tcp.o(i.tcp_send)
    tcp_socket_init                          0x00009db9   Thumb Code    16  net_tcp.o(i.tcp_socket_init)
    tcp_socket_poll                          0x00009dcd   Thumb Code   668  net_tcp.o(i.tcp_socket_poll)
    udp_close                                0x0000a181   Thumb Code    40  net_udp.o(i.udp_close)
    udp_get_buf                              0x0000a1ad   Thumb Code    30  net_udp.o(i.udp_get_buf)
    udp_get_socket                           0x0000a1cd   Thumb Code    68  net_udp.o(i.udp_get_socket)
    udp_open                                 0x0000a215   Thumb Code    98  net_udp.o(i.udp_open)
    udp_process                              0x0000a2ad   Thumb Code   142  net_udp.o(i.udp_process)
    udp_send                                 0x0000a345   Thumb Code   260  net_udp.o(i.udp_send)
    udp_socket_init                          0x0000a44d   Thumb Code    16  net_udp.o(i.udp_socket_init)
    os_thread_def_BlinkLed                   0x0000a550   Data          16  http_server.o(.constdata)
    imageLastModified                        0x0000a560   Data           4  web.o(.constdata)
    Arial12x12                               0x00011950   Data        2400  lcd.o(.constdata)
    os_thread_def_pantalla                   0x000122b0   Data          16  rtc.o(.constdata)
    os_thread_def_alarma                     0x000122c0   Data          16  rtc.o(.constdata)
    os_thread_def_Servidor_SNTP              0x000122d0   Data          16  sntp.o(.constdata)
    os_thread_def_rising                     0x000122e0   Data          16  gestor_pulsador.o(.constdata)
    os_thread_def_falling                    0x000122f0   Data          16  gestor_pulsador.o(.constdata)
    os_maxtaskrun                            0x00012300   Data           2  rtx_conf_cm.o(.constdata)
    os_stackinfo                             0x00012304   Data           4  rtx_conf_cm.o(.constdata)
    os_rrobin                                0x00012308   Data           4  rtx_conf_cm.o(.constdata)
    os_tickus_i                              0x0001230c   Data           2  rtx_conf_cm.o(.constdata)
    os_tickus_f                              0x0001230e   Data           2  rtx_conf_cm.o(.constdata)
    os_trv                                   0x00012310   Data           4  rtx_conf_cm.o(.constdata)
    os_flags                                 0x00012314   Data           1  rtx_conf_cm.o(.constdata)
    CMSIS_RTOS_API_Version                   0x00012318   Data           4  rtx_conf_cm.o(.constdata)
    CMSIS_RTOS_RTX_Version                   0x0001231c   Data           4  rtx_conf_cm.o(.constdata)
    os_clockrate                             0x00012320   Data           4  rtx_conf_cm.o(.constdata)
    os_timernum                              0x00012324   Data           4  rtx_conf_cm.o(.constdata)
    os_thread_def_main                       0x00012328   Data          16  rtx_conf_cm.o(.constdata)
    mp_tcb_size                              0x00012338   Data           2  rtx_conf_cm.o(.constdata)
    mp_stk_size                              0x0001233c   Data           4  rtx_conf_cm.o(.constdata)
    os_stack_sz                              0x00012340   Data           4  rtx_conf_cm.o(.constdata)
    os_fifo_size                             0x00012344   Data           1  rtx_conf_cm.o(.constdata)
    os_thread_def_osTimerThread              0x00012348   Data          16  rtx_conf_cm.o(.constdata)
    os_messageQ_def_osTimerMessageQ          0x00012358   Data           8  rtx_conf_cm.o(.constdata)
    mp_tmr_size                              0x00012360   Data           2  rtx_conf_cm.o(.constdata)
    Driver_ETH_PHY0                          0x00012368   Data          32  phy_dp83848c.o(.constdata)
    Driver_ETH_MAC0                          0x00012390   Data          68  emac_lpc17xx.o(.constdata)
    Driver_SPI1                              0x00012424   Data          44  ssp_lpc17xx.o(.constdata)
    nlocalm                                  0x00012450   Data          60  net_config.o(.constdata)
    sys_config                               0x0001248c   Data          16  net_config.o(.constdata)
    eth0_config                              0x0001249c   Data          40  net_config.o(.constdata)
    udp_config                               0x000124c4   Data           8  net_config.o(.constdata)
    tcp_config                               0x000124cc   Data          24  net_config.o(.constdata)
    http_config                              0x000124e4   Data          24  net_config.o(.constdata)
    sntp_config                              0x000124fc   Data           5  net_config.o(.constdata)
    eth_bcast                                0x00012504   Data           6  net_eth.o(.constdata)
    os_thread_def_eth_thread                 0x00012510   Data          16  net_eth.o(.constdata)
    ip_bcast                                 0x00012520   Data           4  net_ip.o(.constdata)
    net_addr_null                            0x00012656   Data           8  net_addr4.o(.constdata)
    os_timer_def_net_tick                    0x00012660   Data           8  net_sys.o(.constdata)
    http_error                               0x00012668   Data          24  net_http_server_err.o(.constdata)
    os_mutex_def_mem_lock                    0x00012680   Data           4  net_mem.o(.constdata)
    __ctype_table                            0x00012690   Data         129  ctype_o.o(.constdata)
    Region$$Table$$Base                      0x00012a88   Number         0  anon$$obj.o(Region$$Table)
    Region$$Table$$Limit                     0x00012aa8   Number         0  anon$$obj.o(Region$$Table)
    __MW_NET_VER                             0x06070007   Number         0  net_version.o ABSOLUTE
    LEDrun                                   0x10000000   Data           1  http_server.o(.data)
    ETH_MAC                                  0x10000004   Data           4  http_server.o(.data)
    ETH_MAC_struct                           0x10000008   Data           6  http_server.o(.data)
    P2                                       0x1000000e   Data           1  http_server.o(.data)
    num_led                                  0x1000000f   Data           1  pinoutconfigure.o(.data)
    f                                        0x10000014   Data           4  adc.o(.data)
    p                                        0x10000018   Data           4  adc.o(.data)
    resultado1                               0x1000001c   Data           4  adc.o(.data)
    resultado2                               0x10000020   Data           4  adc.o(.data)
    posicion                                 0x10000024   Data           1  lcd.o(.data)
    SPIdrv                                   0x10000028   Data           4  lcd.o(.data)
    r                                        0x1000002c   Data           4  lcd.o(.data)
    i                                        0x10000030   Data           4  lcd.o(.data)
    j                                        0x10000034   Data           4  lcd.o(.data)
    ii                                       0x10000038   Data           4  rtc.o(.data)
    contador_alarma                          0x1000003c   Data           4  rtc.o(.data)
    hora_ver                                 0x10000040   Data           4  rtc.o(.data)
    min_ver                                  0x10000044   Data           4  rtc.o(.data)
    sec_ver                                  0x10000048   Data           4  rtc.o(.data)
    dia_ver                                  0x1000004c   Data           4  rtc.o(.data)
    mes_ver                                  0x10000050   Data           4  rtc.o(.data)
    ano_ver                                  0x10000054   Data           4  rtc.o(.data)
    id_alarma                                0x10000058   Data           4  rtc.o(.data)
    id_pantalla                              0x1000005c   Data           4  rtc.o(.data)
    tiempo_sntp                              0x10000060   Data           4  sntp.o(.data)
    id_SNTP                                  0x10000064   Data           4  sntp.o(.data)
    SNTP_Choose_IP                           0x10000068   Data           1  sntp.o(.data)
    tid_rising                               0x1000006c   Data           4  gestor_pulsador.o(.data)
    tid_falling                              0x10000070   Data           4  gestor_pulsador.o(.data)
    m_tmr                                    0x10000074   Data           4  rtx_conf_cm.o(.data)
    osThreadId_osTimerThread                 0x10000078   Data           4  rtx_conf_cm.o(.data)
    osMessageQId_osTimerMessageQ             0x1000007c   Data           4  rtx_conf_cm.o(.data)
    iap_entry                                0x10000080   Data           4  emac_lpc17xx.o(.data)
    SystemCoreClock                          0x100000b0   Data           4  system_lpc17xx_1.o(.data)
    lhost_name                               0x100000b4   Data          16  net_config.o(.data)
    os_initialized                           0x100000e0   Data           1  rt_cmsis.o(.data)
    os_running                               0x100000e1   Data           1  rt_cmsis.o(.data)
    os_timer_head                            0x100000e4   Data           4  rt_cmsis.o(.data)
    os_tsk                                   0x10000108   Data           8  rt_task.o(.data)
    os_tick_irqn                             0x10000114   Data           4  rt_system.o(.data)
    os_time                                  0x10000118   Data           4  rt_time.o(.data)
    dbg_msg                                  0x1000011c   Data           1  hal_cm.o(.data)
    os_robin                                 0x10000120   Data           8  rt_robin.o(.data)
    leds                                     0x1000012c   Data          32  pinoutconfigure.o(.bss)
    lcd_text                                 0x1000014c   Data          42  http_server_cgi.o(.bss)
    SNTP_ip                                  0x10000176   Data          18  http_server_cgi.o(.bss)
    buffer                                   0x10000188   Data         128  lcd.o(.bss)
    frase                                    0x10000208   Data          25  lcd.o(.bss)
    frase2                                   0x10000221   Data          25  lcd.o(.bss)
    os_messageQ_q_osTimerMessageQ            0x1000023c   Data          32  rtx_conf_cm.o(.bss)
    mp_tcb                                   0x1000025c   Data         480  rtx_conf_cm.o(.bss)
    mp_stk                                   0x10000440   Data        3984  rtx_conf_cm.o(.bss)
    os_stack_mem                             0x100013d0   Data        2280  rtx_conf_cm.o(.bss)
    os_fifo                                  0x10001cb8   Data         132  rtx_conf_cm.o(.bss)
    os_active_TCB                            0x10001d3c   Data          36  rtx_conf_cm.o(.bss)
    eth_control                              0x10007b24   Data         136  net_eth.o(.bss)
    localm                                   0x10007bfc   Data          60  net_sys.o(.bss)
    sys_control                              0x10007c38   Data          24  net_sys.o(.bss)
    os_timer_cb_net_tick                     0x10007c50   Data          24  net_sys.o(.bss)
    os_idle_TCB                              0x10007c68   Data          52  rt_task.o(.bss)
    os_rdy                                   0x10007c9c   Data          24  rt_list.o(.bss)
    os_dly                                   0x10007cb4   Data          24  rt_list.o(.bss)
    __initial_sp                             0x10007f20   Data           0  startup_lpc17xx_1.o(STACK)



==============================================================================

Memory Map of the image

  Image Entry point : 0x000000cd

  Load Region LR_IROM1 (Base: 0x00000000, Size: 0x00012bd4, Max: 0x00080000, ABSOLUTE, COMPRESSED[0x00012af0])

    Execution Region ER_IROM1 (Exec base: 0x00000000, Load base: 0x00000000, Size: 0x00012aa8, Max: 0x00080000, ABSOLUTE)

    Exec Addr    Load Addr    Size         Type   Attr      Idx    E Section Name        Object

    0x00000000   0x00000000   0x000000cc   Data   RO          718    RESET               startup_lpc17xx_1.o
    0x000000cc   0x000000cc   0x00000000   Code   RO         2475  * .ARM.Collect$$$$00000000  mc_w.l(entry.o)
    0x000000cc   0x000000cc   0x00000004   Code   RO         2775    .ARM.Collect$$$$00000001  mc_w.l(entry2.o)
    0x000000d0   0x000000d0   0x00000004   Code   RO         2778    .ARM.Collect$$$$00000004  mc_w.l(entry5.o)
    0x000000d4   0x000000d4   0x00000000   Code   RO         2780    .ARM.Collect$$$$00000008  mc_w.l(entry7b.o)
    0x000000d4   0x000000d4   0x00000000   Code   RO         2782    .ARM.Collect$$$$0000000A  mc_w.l(entry8b.o)
    0x000000d4   0x000000d4   0x00000004   Code   RO         2788    .ARM.Collect$$$$0000000E  mc_w.l(entry12b.o)
    0x000000d8   0x000000d8   0x00000000   Code   RO         2783    .ARM.Collect$$$$0000000F  mc_w.l(entry10a.o)
    0x000000d8   0x000000d8   0x00000000   Code   RO         2785    .ARM.Collect$$$$00000011  mc_w.l(entry11a.o)
    0x000000d8   0x000000d8   0x00000018   Code   RO          482    .ARM.Collect$$$$000000FF  rtx_conf_cm.o
    0x000000f0   0x000000f0   0x00000004   Code   RO         2776    .ARM.Collect$$$$00002712  mc_w.l(entry2.o)
    0x000000f4   0x000000f4   0x00000130   Code   RO         2462    .emb_text           RTX_CM3.lib(hal_cm3.o)
    0x00000224   0x00000224   0x000000cc   Code   RO            4    .text               http_server.o
    0x000002f0   0x000002f0   0x00000004   Code   RO          483    .text               rtx_conf_cm.o
    0x000002f4   0x000002f4   0x00000000   Code   RO         2813    .text               mc_w.l(iusefp.o)
    0x000002f4   0x000002f4   0x00000008   Code   RO         2833    .text               mc_w.l(ctype_o.o)
    0x000002fc   0x000002fc   0x00000004   Code   RO          719    .ARM.__at_0x02FC    startup_lpc17xx_1.o
    0x00000300   0x00000300   0x0000015c   Code   RO          159    .text               pinoutconfigure.o
    0x0000045c   0x0000045c   0x0000005c   Code   RO          191    .text               web.o
    0x000004b8   0x000004b8   0x0000079c   Code   RO          211    .text               http_server_cgi.o
    0x00000c54   0x00000c54   0x0000012c   Code   RO          260    .text               adc.o
    0x00000d80   0x00000d80   0x000003bc   Code   RO          290    .text               lcd.o
    0x0000113c   0x0000113c   0x0000026c   Code   RO          335    .text               rtc.o
    0x000013a8   0x000013a8   0x000000cc   Code   RO          383    .text               sntp.o
    0x00001474   0x00001474   0x00000278   Code   RO          425    .text               gestor_pulsador.o
    0x000016ec   0x000016ec   0x000000ec   Code   RO          460    .text               watchdog.o
    0x000017d8   0x000017d8   0x000001b0   Code   RO          534    .text               phy_dp83848c.o
    0x00001988   0x00001988   0x000009e4   Code   RO          556    .text               emac_lpc17xx.o
    0x0000236c   0x0000236c   0x00000b8c   Code   RO          602    .text               ssp_lpc17xx.o
    0x00002ef8   0x00002ef8   0x00000368   Code   RO          644    .text               gpdma_lpc17xx.o
    0x00003260   0x00003260   0x0000007c   Code   RO          671    .text               gpio_lpc17xx.o
    0x000032dc   0x000032dc   0x00000098   Code   RO          695    .text               pin_lpc17xx.o
    0x00003374   0x00003374   0x00000024   Code   RO          720    .text               startup_lpc17xx_1.o
    0x00003398   0x00003398   0x0000019c   Code   RO          729    .text               system_lpc17xx_1.o
    0x00003534   0x00003534   0x0000006e   Code   RO          756    .text               net_config.o
    0x000035a2   0x000035a2   0x00000062   Code   RO         2478    .text               mc_w.l(uldiv.o)
    0x00003604   0x00003604   0x00000094   Code   RO         2480    .text               mc_w.l(localtime.o)
    0x00003698   0x00003698   0x00000024   Code   RO         2484    .text               mc_w.l(memcpya.o)
    0x000036bc   0x000036bc   0x00000024   Code   RO         2486    .text               mc_w.l(memseta.o)
    0x000036e0   0x000036e0   0x0000000e   Code   RO         2488    .text               mc_w.l(strlen.o)
    0x000036ee   0x000036ee   0x0000001c   Code   RO         2490    .text               mc_w.l(strcmp.o)
    0x0000370a   0x0000370a   0x0000001a   Code   RO         2492    .text               mc_w.l(memcmp.o)
    0x00003724   0x00003724   0x00000012   Code   RO         2494    .text               mc_w.l(strcpy.o)
    0x00003736   0x00003736   0x0000001e   Code   RO         2496    .text               mc_w.l(strncmp.o)
    0x00003754   0x00003754   0x00000038   Code   RO         2761    .text               mc_w.l(__0sscanf.o)
    0x0000378c   0x0000378c   0x0000014c   Code   RO         2763    .text               mc_w.l(_scanf_int.o)
    0x000038d8   0x000038d8   0x0000001a   Code   RO         2765    .text               mc_w.l(atoi.o)
    0x000038f2   0x000038f2   0x00000064   Code   RO         2767    .text               mf_w.l(fmul.o)
    0x00003956   0x00003956   0x00000018   Code   RO         2769    .text               mf_w.l(fscalb.o)
    0x0000396e   0x0000396e   0x0000000a   Code   RO         2771    .text               mf_w.l(ffltui.o)
    0x00003978   0x00003978   0x00000026   Code   RO         2773    .text               mf_w.l(f2d.o)
    0x0000399e   0x0000399e   0x0000002c   Code   RO         2792    .text               mc_w.l(uidiv.o)
    0x000039ca   0x000039ca   0x0000001e   Code   RO         2794    .text               mc_w.l(llshl.o)
    0x000039e8   0x000039e8   0x00000020   Code   RO         2796    .text               mc_w.l(llushr.o)
    0x00003a08   0x00003a08   0x0000001c   Code   RO         2805    .text               mc_w.l(_chval.o)
    0x00003a24   0x00003a24   0x00000028   Code   RO         2807    .text               mc_w.l(scanf_char.o)
    0x00003a4c   0x00003a4c   0x00000040   Code   RO         2809    .text               mc_w.l(_sgetc.o)
    0x00003a8c   0x00003a8c   0x00000070   Code   RO         2811    .text               mc_w.l(strtol.o)
    0x00003afc   0x00003afc   0x0000006e   Code   RO         2814    .text               mf_w.l(fepilogue.o)
    0x00003b6a   0x00003b6a   0x0000014e   Code   RO         2816    .text               mf_w.l(dadd.o)
    0x00003cb8   0x00003cb8   0x000000e4   Code   RO         2818    .text               mf_w.l(dmul.o)
    0x00003d9c   0x00003d9c   0x000000de   Code   RO         2820    .text               mf_w.l(ddiv.o)
    0x00003e7a   0x00003e7a   0x00000030   Code   RO         2822    .text               mf_w.l(dfixul.o)
    0x00003eaa   0x00003eaa   0x00000002   PAD
    0x00003eac   0x00003eac   0x00000030   Code   RO         2824    .text               mf_w.l(cdrcmple.o)
    0x00003edc   0x00003edc   0x00000024   Code   RO         2826    .text               mc_w.l(init.o)
    0x00003f00   0x00003f00   0x00000024   Code   RO         2829    .text               mc_w.l(llsshr.o)
    0x00003f24   0x00003f24   0x00000012   Code   RO         2855    .text               mc_w.l(isspace_o.o)
    0x00003f36   0x00003f36   0x00000002   PAD
    0x00003f38   0x00003f38   0x00000330   Code   RO         2861    .text               mc_w.l(_scanf.o)
    0x00004268   0x00004268   0x0000009e   Code   RO         2863    .text               mc_w.l(_strtoul.o)
    0x00004306   0x00004306   0x000000ba   Code   RO         2866    .text               mf_w.l(depilogue.o)
    0x000043c0   0x000043c0   0x0000003a   Code   RO         2878    .text               mc_w.l(__dczerorl.o)
    0x000043fa   0x000043fa   0x00000002   PAD
    0x000043fc   0x000043fc   0x00000004   Code   RO         2472    SVC_TABLE           RTX_CM3.lib(svc_table.o)
    0x00004400   0x00004400   0x00000028   Code   RO         2735    i.__0sprintf        mc_w.l(printfa.o)
    0x00004428   0x00004428   0x00000008   Code   RO         2798    i.__aeabi_errno_addr  mc_w.l(errno.o)
    0x00004430   0x00004430   0x0000000e   Code   RO         2872    i.__scatterload_copy  mc_w.l(handlers.o)
    0x0000443e   0x0000443e   0x00000002   Code   RO         2873    i.__scatterload_null  mc_w.l(handlers.o)
    0x00004440   0x00004440   0x0000000e   Code   RO         2874    i.__scatterload_zeroinit  mc_w.l(handlers.o)
    0x0000444e   0x0000444e   0x00000002   PAD
    0x00004450   0x00004450   0x00000184   Code   RO         2740    i._fp_digits        mc_w.l(printfa.o)
    0x000045d4   0x000045d4   0x00000046   Code   RO         2270    i._init_box         RTX_CM3.lib(rt_membox.o)
    0x0000461a   0x0000461a   0x00000002   PAD
    0x0000461c   0x0000461c   0x000006b4   Code   RO         2741    i._printf_core      mc_w.l(printfa.o)
    0x00004cd0   0x00004cd0   0x00000024   Code   RO         2742    i._printf_post_padding  mc_w.l(printfa.o)
    0x00004cf4   0x00004cf4   0x0000002e   Code   RO         2743    i._printf_pre_padding  mc_w.l(printfa.o)
    0x00004d22   0x00004d22   0x0000000a   Code   RO         2745    i._sputc            mc_w.l(printfa.o)
    0x00004d2c   0x00004d2c   0x00000034   Code   RO         1676    i.add_server_id     Net_CM3_L.lib(net_http_server.o)
    0x00004d60   0x00004d60   0x000000a4   Code   RO         1463    i.arp_cache_add     Net_CM3_L.lib(net_arp.o)
    0x00004e04   0x00004e04   0x00000088   Code   RO         1464    i.arp_cache_alloc   Net_CM3_L.lib(net_arp.o)
    0x00004e8c   0x00004e8c   0x00000088   Code   RO         1465    i.arp_cache_early   Net_CM3_L.lib(net_arp.o)
    0x00004f14   0x00004f14   0x000000a0   Code   RO         1466    i.arp_cache_find    Net_CM3_L.lib(net_arp.o)
    0x00004fb4   0x00004fb4   0x000000e4   Code   RO         1469    i.arp_cache_update  Net_CM3_L.lib(net_arp.o)
    0x00005098   0x00005098   0x00000030   Code   RO         1473    i.arp_init          Net_CM3_L.lib(net_arp.o)
    0x000050c8   0x000050c8   0x0000003c   Code   RO         1474    i.arp_is_cacheable  Net_CM3_L.lib(net_arp.o)
    0x00005104   0x00005104   0x00000028   Code   RO         1475    i.arp_notify        Net_CM3_L.lib(net_arp.o)
    0x0000512c   0x0000512c   0x00000074   Code   RO         1477    i.arp_proc_response  Net_CM3_L.lib(net_arp.o)
    0x000051a0   0x000051a0   0x00000120   Code   RO         1478    i.arp_process       Net_CM3_L.lib(net_arp.o)
    0x000052c0   0x000052c0   0x00000088   Code   RO         1479    i.arp_send_reply    Net_CM3_L.lib(net_arp.o)
    0x00005348   0x00005348   0x000000b8   Code   RO         1480    i.arp_send_request  Net_CM3_L.lib(net_arp.o)
    0x00005400   0x00005400   0x0000007a   Code   RO         2403    i.b64_to_asc        Net_CM3_L.lib(net_common.o)
    0x0000547a   0x0000547a   0x00000004   Code   RO         1677    i.cgi_content_type  Net_CM3_L.lib(net_http_server.o)
    0x0000547e   0x0000547e   0x00000004   Code   RO         1681    i.cgx_content_type  Net_CM3_L.lib(net_http_server.o)
    0x00005482   0x00005482   0x00000002   PAD
    0x00005484   0x00005484   0x00000170   Code   RO         1682    i.chk_post_req      Net_CM3_L.lib(net_http_server.o)
    0x000055f4   0x000055f4   0x00000032   Code   RO         2405    i.chksum16          Net_CM3_L.lib(net_common.o)
    0x00005626   0x00005626   0x0000001e   Code   RO         1683    i.cmp_fname_ext     Net_CM3_L.lib(net_http_server.o)
    0x00005644   0x00005644   0x00000028   Code   RO         1684    i.cmp_header        Net_CM3_L.lib(net_http_server.o)
    0x0000566c   0x0000566c   0x00000030   Code   RO         2323    i.dbg_init          RTX_CM3.lib(hal_cm.o)
    0x0000569c   0x0000569c   0x00000020   Code   RO         2324    i.dbg_task_notify   RTX_CM3.lib(hal_cm.o)
    0x000056bc   0x000056bc   0x00000010   Code   RO         2325    i.dbg_task_switch   RTX_CM3.lib(hal_cm.o)
    0x000056cc   0x000056cc   0x000000e8   Code   RO         1430    i.eth_check_link    Net_CM3_L.lib(net_eth.o)
    0x000057b4   0x000057b4   0x00000020   Code   RO         1431    i.eth_chk_addr      Net_CM3_L.lib(net_eth.o)
    0x000057d4   0x000057d4   0x00000070   Code   RO         1432    i.eth_fetch_frame   Net_CM3_L.lib(net_eth.o)
    0x00005844   0x00005844   0x000000f8   Code   RO         1434    i.eth_init_link     Net_CM3_L.lib(net_eth.o)
    0x0000593c   0x0000593c   0x00000002   Code   RO         1435    i.eth_link_notify   Net_CM3_L.lib(net_eth.o)
    0x0000593e   0x0000593e   0x00000002   PAD
    0x00005940   0x00005940   0x00000014   Code   RO         1436    i.eth_notify        Net_CM3_L.lib(net_eth.o)
    0x00005954   0x00005954   0x00000064   Code   RO         1437    i.eth_output        Net_CM3_L.lib(net_eth.o)
    0x000059b8   0x000059b8   0x000000e4   Code   RO         1438    i.eth_run_link      Net_CM3_L.lib(net_eth.o)
    0x00005a9c   0x00005a9c   0x000000a4   Code   RO         1439    i.eth_send_frame    Net_CM3_L.lib(net_eth.o)
    0x00005b40   0x00005b40   0x0000000e   Code   RO         1441    i.eth_thread        Net_CM3_L.lib(net_eth.o)
    0x00005b4e   0x00005b4e   0x00000002   PAD
    0x00005b50   0x00005b50   0x0000001c   Code   RO         2407    i.get_crc32         Net_CM3_L.lib(net_common.o)
    0x00005b6c   0x00005b6c   0x00000028   Code   RO         1685    i.get_next_field    Net_CM3_L.lib(net_http_server.o)
    0x00005b94   0x00005b94   0x00000032   Code   RO         1686    i.get_next_par      Net_CM3_L.lib(net_http_server.o)
    0x00005bc6   0x00005bc6   0x00000002   PAD
    0x00005bc8   0x00005bc8   0x0000001c   Code   RO         1802    i.get_rnd32         Net_CM3_L.lib(net_sys.o)
    0x00005be4   0x00005be4   0x00000012   Code   RO         1687    i.hex2byte          Net_CM3_L.lib(net_http_server.o)
    0x00005bf6   0x00005bf6   0x00000004   Code   RO         1688    i.http_accept_client  Net_CM3_L.lib(net_http_server.o)
    0x00005bfa   0x00005bfa   0x00000002   PAD
    0x00005bfc   0x00005bfc   0x00000310   Code   RO         1689    i.http_add_header   Net_CM3_L.lib(net_http_server.o)
    0x00005f0c   0x00005f0c   0x00000004   Code   RO         1690    i.http_check_account  Net_CM3_L.lib(net_http_server.o)
    0x00005f10   0x00005f10   0x00000004   Code   RO         1691    i.http_encoding     Net_CM3_L.lib(net_http_server.o)
    0x00005f14   0x00005f14   0x00000178   Code   RO         1692    i.http_error_msg    Net_CM3_L.lib(net_http_server.o)
    0x0000608c   0x0000608c   0x00000004   Code   RO         1693    i.http_file_access  Net_CM3_L.lib(net_http_server.o)
    0x00006090   0x00006090   0x0000006c   Code   RO         1694    i.http_get_env_var  Net_CM3_L.lib(net_http_server.o)
    0x000060fc   0x000060fc   0x00000078   Code   RO         1695    i.http_get_ftype    Net_CM3_L.lib(net_http_server.o)
    0x00006174   0x00006174   0x0000005e   Code   RO         1697    i.http_kill_session  Net_CM3_L.lib(net_http_server.o)
    0x000061d2   0x000061d2   0x00000002   PAD
    0x000061d4   0x000061d4   0x00000214   Code   RO         1698    i.http_listener     Net_CM3_L.lib(net_http_server.o)
    0x000063e8   0x000063e8   0x000000f0   Code   RO         1699    i.http_open_file    Net_CM3_L.lib(net_http_server.o)
    0x000064d8   0x000064d8   0x0000014c   Code   RO         1700    i.http_proc_header  Net_CM3_L.lib(net_http_server.o)
    0x00006624   0x00006624   0x00000178   Code   RO         1701    i.http_proc_multipart  Net_CM3_L.lib(net_http_server.o)
    0x0000679c   0x0000679c   0x000000f4   Code   RO         1702    i.http_proc_post    Net_CM3_L.lib(net_http_server.o)
    0x00006890   0x00006890   0x00000024   Code   RO         1705    i.http_server_get_lang  Net_CM3_L.lib(net_http_server.o)
    0x000068b4   0x000068b4   0x0000005c   Code   RO         1707    i.http_server_init  Net_CM3_L.lib(net_http_server.o)
    0x00006910   0x00006910   0x00000334   Code   RO         1708    i.http_server_run   Net_CM3_L.lib(net_http_server.o)
    0x00006c44   0x00006c44   0x00000020   Code   RO         1709    i.http_strcpy       Net_CM3_L.lib(net_http_server.o)
    0x00006c64   0x00006c64   0x000000a4   Code   RO         1710    i.http_to_utc       Net_CM3_L.lib(net_http_server.o)
    0x00006d08   0x00006d08   0x000000dc   Code   RO         1540    i.icmp_process      Net_CM3_L.lib(net_icmp.o)
    0x00006de4   0x00006de4   0x00000080   Code   RO         1541    i.icmp_send_message  Net_CM3_L.lib(net_icmp.o)
    0x00006e64   0x00006e64   0x00000010   Code   RO         1542    i.icmp_service_init  Net_CM3_L.lib(net_icmp.o)
    0x00006e74   0x00006e74   0x00000048   Code   RO         1543    i.icmp_service_run  Net_CM3_L.lib(net_icmp.o)
    0x00006ebc   0x00006ebc   0x00000068   Code   RO         1783    i.ip4_aton          Net_CM3_L.lib(net_addr4.o)
    0x00006f24   0x00006f24   0x0000004c   Code   RO         1507    i.ip4_checksum      Net_CM3_L.lib(net_ip.o)
    0x00006f70   0x00006f70   0x00000038   Code   RO         1784    i.ip4_ntoa          Net_CM3_L.lib(net_addr4.o)
    0x00006fa8   0x00006fa8   0x000000d0   Code   RO         1508    i.ip_chk_frame      Net_CM3_L.lib(net_ip.o)
    0x00007078   0x00007078   0x0000000a   Code   RO         1510    i.ip_get_chksum     Net_CM3_L.lib(net_ip.o)
    0x00007082   0x00007082   0x00000002   PAD
    0x00007084   0x00007084   0x00000044   Code   RO         1511    i.ip_get_locadr     Net_CM3_L.lib(net_ip.o)
    0x000070c8   0x000070c8   0x0000007c   Code   RO         1512    i.ip_get_route      Net_CM3_L.lib(net_ip.o)
    0x00007144   0x00007144   0x00000050   Code   RO         1513    i.ip_localhost_init  Net_CM3_L.lib(net_ip.o)
    0x00007194   0x00007194   0x00000060   Code   RO         1514    i.ip_localhost_run  Net_CM3_L.lib(net_ip.o)
    0x000071f4   0x000071f4   0x00000140   Code   RO         1515    i.ip_send_frame     Net_CM3_L.lib(net_ip.o)
    0x00007334   0x00007334   0x00000030   Code   RO         1516    i.ip_tx_offload     Net_CM3_L.lib(net_ip.o)
    0x00007364   0x00007364   0x0000001a   Code   RO         1785    i.is_subnet         Net_CM3_L.lib(net_addr4.o)
    0x0000737e   0x0000737e   0x00000002   PAD
    0x00007380   0x00007380   0x00000028   Code   RO         1517    i.is_subnet_bcast   Net_CM3_L.lib(net_ip.o)
    0x000073a8   0x000073a8   0x0000002a   Code   RO          808    i.isrMessageGet     RTX_CM3.lib(rt_cmsis.o)
    0x000073d2   0x000073d2   0x0000002c   Code   RO          809    i.isrMessagePut     RTX_CM3.lib(rt_cmsis.o)
    0x000073fe   0x000073fe   0x00000024   Code   RO          811    i.isrSignalSet      RTX_CM3.lib(rt_cmsis.o)
    0x00007422   0x00007422   0x00000002   PAD
    0x00007424   0x00007424   0x00000028   Code   RO         1994    i.isr_evt_set       RTX_CM3.lib(rt_event.o)
    0x0000744c   0x0000744c   0x00000056   Code   RO         2116    i.isr_mbx_receive   RTX_CM3.lib(rt_mailbox.o)
    0x000074a2   0x000074a2   0x0000000e   Code   RO         2117    i.isr_mbx_send      RTX_CM3.lib(rt_mailbox.o)
    0x000074b0   0x000074b0   0x0000008c   Code   RO         2379    i.mem_alloc         Net_CM3_L.lib(net_mem.o)
    0x0000753c   0x0000753c   0x0000001c   Code   RO         2380    i.mem_avail         Net_CM3_L.lib(net_mem.o)
    0x00007558   0x00007558   0x00000020   Code   RO         2408    i.mem_crc32         Net_CM3_L.lib(net_common.o)
    0x00007578   0x00007578   0x0000006c   Code   RO         2381    i.mem_free          Net_CM3_L.lib(net_mem.o)
    0x000075e4   0x000075e4   0x00000064   Code   RO         2382    i.mem_init          Net_CM3_L.lib(net_mem.o)
    0x00007648   0x00007648   0x00000010   Code   RO         2383    i.mem_lock          Net_CM3_L.lib(net_mem.o)
    0x00007658   0x00007658   0x00000038   Code   RO         2384    i.mem_resize        Net_CM3_L.lib(net_mem.o)
    0x00007690   0x00007690   0x0000000c   Code   RO         2385    i.mem_unlock        Net_CM3_L.lib(net_mem.o)
    0x0000769c   0x0000769c   0x00000030   Code   RO         1664    i.nbns_client_init  Net_CM3_L.lib(net_nbns_client.o)
    0x000076cc   0x000076cc   0x00000160   Code   RO         1665    i.nbns_listener     Net_CM3_L.lib(net_nbns_client.o)
    0x0000782c   0x0000782c   0x0000004c   Code   RO         1803    i.net_initialize    Net_CM3_L.lib(net_sys.o)
    0x00007878   0x00007878   0x00000064   Code   RO         1804    i.net_main          Net_CM3_L.lib(net_sys.o)
    0x000078dc   0x000078dc   0x00000014   Code   RO         1805    i.net_timer_tick    Net_CM3_L.lib(net_sys.o)
    0x000078f0   0x000078f0   0x00000018   Code   RO          812    i.osDelay           RTX_CM3.lib(rt_cmsis.o)
    0x00007908   0x00007908   0x00000024   Code   RO          813    i.osKernelInitialize  RTX_CM3.lib(rt_cmsis.o)
    0x0000792c   0x0000792c   0x0000006c   Code   RO          815    i.osKernelStart     RTX_CM3.lib(rt_cmsis.o)
    0x00007998   0x00007998   0x00000018   Code   RO          816    i.osKernelSysTick   RTX_CM3.lib(rt_cmsis.o)
    0x000079b0   0x000079b0   0x00000018   Code   RO          824    i.osMessageGet      RTX_CM3.lib(rt_cmsis.o)
    0x000079c8   0x000079c8   0x0000002c   Code   RO          826    i.osMutexCreate     RTX_CM3.lib(rt_cmsis.o)
    0x000079f4   0x000079f4   0x00000018   Code   RO          828    i.osMutexRelease    RTX_CM3.lib(rt_cmsis.o)
    0x00007a0c   0x00007a0c   0x00000018   Code   RO          829    i.osMutexWait       RTX_CM3.lib(rt_cmsis.o)
    0x00007a24   0x00007a24   0x00000018   Code   RO          838    i.osSignalClear     RTX_CM3.lib(rt_cmsis.o)
    0x00007a3c   0x00007a3c   0x00000018   Code   RO          839    i.osSignalSet       RTX_CM3.lib(rt_cmsis.o)
    0x00007a54   0x00007a54   0x00000018   Code   RO          840    i.osSignalWait      RTX_CM3.lib(rt_cmsis.o)
    0x00007a6c   0x00007a6c   0x0000002c   Code   RO          841    i.osThreadCreate    RTX_CM3.lib(rt_cmsis.o)
    0x00007a98   0x00007a98   0x00000018   Code   RO          842    i.osThreadExit      RTX_CM3.lib(rt_cmsis.o)
    0x00007ab0   0x00007ab0   0x00000018   Code   RO          847    i.osThreadYield     RTX_CM3.lib(rt_cmsis.o)
    0x00007ac8   0x00007ac8   0x0000000c   Code   RO          848    i.osTimerCall       RTX_CM3.lib(rt_cmsis.o)
    0x00007ad4   0x00007ad4   0x0000002c   Code   RO          849    i.osTimerCreate     RTX_CM3.lib(rt_cmsis.o)
    0x00007b00   0x00007b00   0x00000018   Code   RO          851    i.osTimerStart      RTX_CM3.lib(rt_cmsis.o)
    0x00007b18   0x00007b18   0x0000002c   Code   RO          853    i.osTimerThread     RTX_CM3.lib(rt_cmsis.o)
    0x00007b44   0x00007b44   0x00000028   Code   RO         1904    i.os_tick_init      RTX_CM3.lib(rt_system.o)
    0x00007b6c   0x00007b6c   0x00000002   Code   RO         1905    i.os_tick_irqack    RTX_CM3.lib(rt_system.o)
    0x00007b6e   0x00007b6e   0x00000002   PAD
    0x00007b70   0x00007b70   0x00000010   Code   RO         1906    i.os_tick_ovf       RTX_CM3.lib(rt_system.o)
    0x00007b80   0x00007b80   0x00000014   Code   RO         1907    i.os_tick_val       RTX_CM3.lib(rt_system.o)
    0x00007b94   0x00007b94   0x00000028   Code   RO         1712    i.proc_req_line     Net_CM3_L.lib(net_http_server.o)
    0x00007bbc   0x00007bbc   0x000000a0   Code   RO         1713    i.read_script_line  Net_CM3_L.lib(net_http_server.o)
    0x00007c5c   0x00007c5c   0x0000001a   Code   RO         2271    i.rt_alloc_box      RTX_CM3.lib(rt_membox.o)
    0x00007c76   0x00007c76   0x0000003e   Code   RO         2299    i.rt_alloc_mem      RTX_CM3.lib(rt_memory.o)
    0x00007cb4   0x00007cb4   0x00000038   Code   RO         1819    i.rt_block          RTX_CM3.lib(rt_task.o)
    0x00007cec   0x00007cec   0x00000048   Code   RO         2441    i.rt_chk_robin      RTX_CM3.lib(rt_robin.o)
    0x00007d34   0x00007d34   0x00000070   Code   RO         2040    i.rt_dec_dly        RTX_CM3.lib(rt_list.o)
    0x00007da4   0x00007da4   0x00000044   Code   RO         1820    i.rt_dispatch       RTX_CM3.lib(rt_task.o)
    0x00007de8   0x00007de8   0x00000006   Code   RO         2206    i.rt_dly_wait       RTX_CM3.lib(rt_time.o)
    0x00007dee   0x00007dee   0x00000002   PAD
    0x00007df0   0x00007df0   0x0000001c   Code   RO         1995    i.rt_evt_clr        RTX_CM3.lib(rt_event.o)
    0x00007e0c   0x00007e0c   0x00000050   Code   RO         1997    i.rt_evt_psh        RTX_CM3.lib(rt_event.o)
    0x00007e5c   0x00007e5c   0x0000005c   Code   RO         1998    i.rt_evt_set        RTX_CM3.lib(rt_event.o)
    0x00007eb8   0x00007eb8   0x0000003c   Code   RO         1999    i.rt_evt_wait       RTX_CM3.lib(rt_event.o)
    0x00007ef4   0x00007ef4   0x0000002c   Code   RO         2272    i.rt_free_box       RTX_CM3.lib(rt_membox.o)
    0x00007f20   0x00007f20   0x00000028   Code   RO         2300    i.rt_free_mem       RTX_CM3.lib(rt_memory.o)
    0x00007f48   0x00007f48   0x00000028   Code   RO         2041    i.rt_get_first      RTX_CM3.lib(rt_list.o)
    0x00007f70   0x00007f70   0x00000024   Code   RO         2042    i.rt_get_same_rdy_prio  RTX_CM3.lib(rt_list.o)
    0x00007f94   0x00007f94   0x00000008   Code   RO          858    i.rt_id2obj         RTX_CM3.lib(rt_cmsis.o)
    0x00007f9c   0x00007f9c   0x00000048   Code   RO         1821    i.rt_init_context   RTX_CM3.lib(rt_task.o)
    0x00007fe4   0x00007fe4   0x0000001a   Code   RO         2301    i.rt_init_mem       RTX_CM3.lib(rt_memory.o)
    0x00007ffe   0x00007ffe   0x00000002   PAD
    0x00008000   0x00008000   0x00000018   Code   RO         2442    i.rt_init_robin     RTX_CM3.lib(rt_robin.o)
    0x00008018   0x00008018   0x00000080   Code   RO         2326    i.rt_init_stack     RTX_CM3.lib(hal_cm.o)
    0x00008098   0x00008098   0x00000008   Code   RO         2118    i.rt_mbx_check      RTX_CM3.lib(rt_mailbox.o)
    0x000080a0   0x000080a0   0x0000001a   Code   RO         2119    i.rt_mbx_init       RTX_CM3.lib(rt_mailbox.o)
    0x000080ba   0x000080ba   0x00000002   PAD
    0x000080bc   0x000080bc   0x000000f0   Code   RO         2120    i.rt_mbx_psh        RTX_CM3.lib(rt_mailbox.o)
    0x000081ac   0x000081ac   0x000000b4   Code   RO         2122    i.rt_mbx_wait       RTX_CM3.lib(rt_mailbox.o)
    0x00008260   0x00008260   0x00000044   Code   RO          859    i.rt_ms2tick        RTX_CM3.lib(rt_cmsis.o)
    0x000082a4   0x000082a4   0x00000010   Code   RO         2240    i.rt_mut_init       RTX_CM3.lib(rt_mutex.o)
    0x000082b4   0x000082b4   0x000000d8   Code   RO         2241    i.rt_mut_release    RTX_CM3.lib(rt_mutex.o)
    0x0000838c   0x0000838c   0x00000078   Code   RO         2242    i.rt_mut_wait       RTX_CM3.lib(rt_mutex.o)
    0x00008404   0x00008404   0x0000007c   Code   RO         1908    i.rt_pop_req        RTX_CM3.lib(rt_system.o)
    0x00008480   0x00008480   0x00000020   Code   RO         1909    i.rt_psh_req        RTX_CM3.lib(rt_system.o)
    0x000084a0   0x000084a0   0x0000005c   Code   RO         2043    i.rt_psq_enq        RTX_CM3.lib(rt_list.o)
    0x000084fc   0x000084fc   0x00000048   Code   RO         2044    i.rt_put_dly        RTX_CM3.lib(rt_list.o)
    0x00008544   0x00008544   0x00000036   Code   RO         2045    i.rt_put_prio       RTX_CM3.lib(rt_list.o)
    0x0000857a   0x0000857a   0x00000002   PAD
    0x0000857c   0x0000857c   0x00000014   Code   RO         2046    i.rt_put_rdy_first  RTX_CM3.lib(rt_list.o)
    0x00008590   0x00008590   0x00000034   Code   RO         2047    i.rt_resort_prio    RTX_CM3.lib(rt_list.o)
    0x000085c4   0x000085c4   0x00000006   Code   RO         2327    i.rt_ret_val        RTX_CM3.lib(hal_cm.o)
    0x000085ca   0x000085ca   0x00000008   Code   RO         2328    i.rt_ret_val2       RTX_CM3.lib(hal_cm.o)
    0x000085d2   0x000085d2   0x00000028   Code   RO         2048    i.rt_rmv_dly        RTX_CM3.lib(rt_list.o)
    0x000085fa   0x000085fa   0x00000002   PAD
    0x000085fc   0x000085fc   0x00000030   Code   RO         2049    i.rt_rmv_list       RTX_CM3.lib(rt_list.o)
    0x0000862c   0x0000862c   0x00000034   Code   RO         2167    i.rt_sem_psh        RTX_CM3.lib(rt_semaphore.o)
    0x00008660   0x00008660   0x00000024   Code   RO         1911    i.rt_stk_check      RTX_CM3.lib(rt_system.o)
    0x00008684   0x00008684   0x00000028   Code   RO         1822    i.rt_switch_req     RTX_CM3.lib(rt_task.o)
    0x000086ac   0x000086ac   0x000000cc   Code   RO         1823    i.rt_sys_init       RTX_CM3.lib(rt_task.o)
    0x00008778   0x00008778   0x00000078   Code   RO         1824    i.rt_sys_start      RTX_CM3.lib(rt_task.o)
    0x000087f0   0x000087f0   0x00000040   Code   RO         1913    i.rt_systick        RTX_CM3.lib(rt_system.o)
    0x00008830   0x00008830   0x00000012   Code   RO          860    i.rt_tid2ptcb       RTX_CM3.lib(rt_cmsis.o)
    0x00008842   0x00008842   0x00000002   PAD
    0x00008844   0x00008844   0x00000034   Code   RO          861    i.rt_timer_insert   RTX_CM3.lib(rt_cmsis.o)
    0x00008878   0x00008878   0x0000003c   Code   RO          862    i.rt_timer_remove   RTX_CM3.lib(rt_cmsis.o)
    0x000088b4   0x000088b4   0x00000088   Code   RO         1825    i.rt_tsk_create     RTX_CM3.lib(rt_task.o)
    0x0000893c   0x0000893c   0x0000017c   Code   RO         1826    i.rt_tsk_delete     RTX_CM3.lib(rt_task.o)
    0x00008ab8   0x00008ab8   0x00000030   Code   RO         1827    i.rt_tsk_pass       RTX_CM3.lib(rt_task.o)
    0x00008ae8   0x00008ae8   0x0000007c   Code   RO         1828    i.rt_tsk_prio       RTX_CM3.lib(rt_task.o)
    0x00008b64   0x00008b64   0x00000010   Code   RO         1829    i.rt_tsk_self       RTX_CM3.lib(rt_task.o)
    0x00008b74   0x00008b74   0x00000048   Code   RO         1714    i.search_delim      Net_CM3_L.lib(net_http_server.o)
    0x00008bbc   0x00008bbc   0x00000028   Code   RO         1764    i.sntp_client_init  Net_CM3_L.lib(net_sntp_client.o)
    0x00008be4   0x00008be4   0x00000050   Code   RO         1765    i.sntp_client_run   Net_CM3_L.lib(net_sntp_client.o)
    0x00008c34   0x00008c34   0x0000007c   Code   RO         1766    i.sntp_get_time     Net_CM3_L.lib(net_sntp_client.o)
    0x00008cb0   0x00008cb0   0x00000078   Code   RO         1767    i.sntp_listener     Net_CM3_L.lib(net_sntp_client.o)
    0x00008d28   0x00008d28   0x0000002c   Code   RO         1768    i.sntp_send_message  Net_CM3_L.lib(net_sntp_client.o)
    0x00008d54   0x00008d54   0x00000018   Code   RO         1769    i.sntp_stop         Net_CM3_L.lib(net_sntp_client.o)
    0x00008d6c   0x00008d6c   0x00000012   Code   RO         2409    i.str_copy          Net_CM3_L.lib(net_common.o)
    0x00008d7e   0x00008d7e   0x00000016   Code   RO         2411    i.str_pos           Net_CM3_L.lib(net_common.o)
    0x00008d94   0x00008d94   0x0000001a   Code   RO         2412    i.str_scomp         Net_CM3_L.lib(net_common.o)
    0x00008dae   0x00008dae   0x0000001a   Code   RO         2414    i.str_up_case       Net_CM3_L.lib(net_common.o)
    0x00008dc8   0x00008dc8   0x00000012   Code   RO          863    i.svcDelay          RTX_CM3.lib(rt_cmsis.o)
    0x00008dda   0x00008dda   0x00000002   PAD
    0x00008ddc   0x00008ddc   0x00000070   Code   RO          864    i.svcKernelInitialize  RTX_CM3.lib(rt_cmsis.o)
    0x00008e4c   0x00008e4c   0x00000048   Code   RO          866    i.svcKernelStart    RTX_CM3.lib(rt_cmsis.o)
    0x00008e94   0x00008e94   0x00000038   Code   RO          867    i.svcKernelSysTick  RTX_CM3.lib(rt_cmsis.o)
    0x00008ecc   0x00008ecc   0x00000024   Code   RO          869    i.svcMessageCreate  RTX_CM3.lib(rt_cmsis.o)
    0x00008ef0   0x00008ef0   0x0000003a   Code   RO          870    i.svcMessageGet     RTX_CM3.lib(rt_cmsis.o)
    0x00008f2a   0x00008f2a   0x0000001c   Code   RO          872    i.svcMutexCreate    RTX_CM3.lib(rt_cmsis.o)
    0x00008f46   0x00008f46   0x00000022   Code   RO          874    i.svcMutexRelease   RTX_CM3.lib(rt_cmsis.o)
    0x00008f68   0x00008f68   0x0000003a   Code   RO          875    i.svcMutexWait      RTX_CM3.lib(rt_cmsis.o)
    0x00008fa2   0x00008fa2   0x00000024   Code   RO          881    i.svcSignalClear    RTX_CM3.lib(rt_cmsis.o)
    0x00008fc6   0x00008fc6   0x00000024   Code   RO          882    i.svcSignalSet      RTX_CM3.lib(rt_cmsis.o)
    0x00008fea   0x00008fea   0x00000002   PAD
    0x00008fec   0x00008fec   0x00000054   Code   RO          883    i.svcSignalWait     RTX_CM3.lib(rt_cmsis.o)
    0x00009040   0x00009040   0x0000006c   Code   RO          884    i.svcThreadCreate   RTX_CM3.lib(rt_cmsis.o)
    0x000090ac   0x000090ac   0x0000001c   Code   RO          885    i.svcThreadGetId    RTX_CM3.lib(rt_cmsis.o)
    0x000090c8   0x000090c8   0x00000038   Code   RO          888    i.svcThreadTerminate  RTX_CM3.lib(rt_cmsis.o)
    0x00009100   0x00009100   0x0000000a   Code   RO          889    i.svcThreadYield    RTX_CM3.lib(rt_cmsis.o)
    0x0000910a   0x0000910a   0x00000018   Code   RO          890    i.svcTimerCall      RTX_CM3.lib(rt_cmsis.o)
    0x00009122   0x00009122   0x00000002   PAD
    0x00009124   0x00009124   0x00000038   Code   RO          891    i.svcTimerCreate    RTX_CM3.lib(rt_cmsis.o)
    0x0000915c   0x0000915c   0x00000064   Code   RO          893    i.svcTimerStart     RTX_CM3.lib(rt_cmsis.o)
    0x000091c0   0x000091c0   0x0000005c   Code   RO          899    i.sysTimerTick      RTX_CM3.lib(rt_cmsis.o)
    0x0000921c   0x0000921c   0x00000058   Code   RO         1587    i.tcp_abort         Net_CM3_L.lib(net_tcp.o)
    0x00009274   0x00009274   0x000000a0   Code   RO         1589    i.tcp_close         Net_CM3_L.lib(net_tcp.o)
    0x00009314   0x00009314   0x0000001e   Code   RO         1592    i.tcp_get_buf       Net_CM3_L.lib(net_tcp.o)
    0x00009332   0x00009332   0x00000002   PAD
    0x00009334   0x00009334   0x00000050   Code   RO         1594    i.tcp_get_socket    Net_CM3_L.lib(net_tcp.o)
    0x00009384   0x00009384   0x00000028   Code   RO         1595    i.tcp_get_state     Net_CM3_L.lib(net_tcp.o)
    0x000093ac   0x000093ac   0x0000006c   Code   RO         1597    i.tcp_listen        Net_CM3_L.lib(net_tcp.o)
    0x00009418   0x00009418   0x0000007c   Code   RO         1598    i.tcp_map_socket    Net_CM3_L.lib(net_tcp.o)
    0x00009494   0x00009494   0x00000024   Code   RO         1599    i.tcp_max_data_size  Net_CM3_L.lib(net_tcp.o)
    0x000094b8   0x000094b8   0x0000000c   Code   RO         1601    i.tcp_ntoa          Net_CM3_L.lib(net_tcp.o)
    0x000094c4   0x000094c4   0x0000005e   Code   RO         1602    i.tcp_parse_opt     Net_CM3_L.lib(net_tcp.o)
    0x00009522   0x00009522   0x00000002   PAD
    0x00009524   0x00009524   0x000000c4   Code   RO         1603    i.tcp_proc_acknr    Net_CM3_L.lib(net_tcp.o)
    0x000095e8   0x000095e8   0x00000052   Code   RO         1604    i.tcp_proc_dupack   Net_CM3_L.lib(net_tcp.o)
    0x0000963a   0x0000963a   0x00000002   PAD
    0x0000963c   0x0000963c   0x0000049a   Code   RO         1605    i.tcp_process       Net_CM3_L.lib(net_tcp.o)
    0x00009ad6   0x00009ad6   0x0000001a   Code   RO         1606    i.tcp_que_free      Net_CM3_L.lib(net_tcp.o)
    0x00009af0   0x00009af0   0x0000001a   Code   RO         1607    i.tcp_que_init      Net_CM3_L.lib(net_tcp.o)
    0x00009b0a   0x00009b0a   0x00000002   PAD
    0x00009b0c   0x00009b0c   0x00000094   Code   RO         1608    i.tcp_que_resend    Net_CM3_L.lib(net_tcp.o)
    0x00009ba0   0x00009ba0   0x000000e0   Code   RO         1612    i.tcp_send          Net_CM3_L.lib(net_tcp.o)
    0x00009c80   0x00009c80   0x00000066   Code   RO         1613    i.tcp_send_ctrl     Net_CM3_L.lib(net_tcp.o)
    0x00009ce6   0x00009ce6   0x0000004c   Code   RO         1614    i.tcp_send_data     Net_CM3_L.lib(net_tcp.o)
    0x00009d32   0x00009d32   0x00000060   Code   RO         1615    i.tcp_send_reset    Net_CM3_L.lib(net_tcp.o)
    0x00009d92   0x00009d92   0x00000026   Code   RO         1616    i.tcp_set_cwnd      Net_CM3_L.lib(net_tcp.o)
    0x00009db8   0x00009db8   0x00000014   Code   RO         1617    i.tcp_socket_init   Net_CM3_L.lib(net_tcp.o)
    0x00009dcc   0x00009dcc   0x000002a8   Code   RO         1618    i.tcp_socket_poll   Net_CM3_L.lib(net_tcp.o)
    0x0000a074   0x0000a074   0x00000068   Code   RO         1619    i.tcp_transit       Net_CM3_L.lib(net_tcp.o)
    0x0000a0dc   0x0000a0dc   0x000000a4   Code   RO         1620    i.tcp_write         Net_CM3_L.lib(net_tcp.o)
    0x0000a180   0x0000a180   0x0000002c   Code   RO         1556    i.udp_close         Net_CM3_L.lib(net_udp.o)
    0x0000a1ac   0x0000a1ac   0x0000001e   Code   RO         1558    i.udp_get_buf       Net_CM3_L.lib(net_udp.o)
    0x0000a1ca   0x0000a1ca   0x00000002   PAD
    0x0000a1cc   0x0000a1cc   0x00000048   Code   RO         1559    i.udp_get_socket    Net_CM3_L.lib(net_udp.o)
    0x0000a214   0x0000a214   0x0000006c   Code   RO         1562    i.udp_open          Net_CM3_L.lib(net_udp.o)
    0x0000a280   0x0000a280   0x0000002c   Code   RO         1563    i.udp_port_in_use   Net_CM3_L.lib(net_udp.o)
    0x0000a2ac   0x0000a2ac   0x00000098   Code   RO         1564    i.udp_process       Net_CM3_L.lib(net_udp.o)
    0x0000a344   0x0000a344   0x00000108   Code   RO         1566    i.udp_send          Net_CM3_L.lib(net_udp.o)
    0x0000a44c   0x0000a44c   0x00000014   Code   RO         1567    i.udp_socket_init   Net_CM3_L.lib(net_udp.o)
    0x0000a460   0x0000a460   0x000000f0   Code   RO         1715    i.utc_to_http       Net_CM3_L.lib(net_http_server.o)
    0x0000a550   0x0000a550   0x00000010   Data   RO            5    .constdata          http_server.o
    0x0000a560   0x0000a560   0x00000004   Data   RO          192    .constdata          web.o
    0x0000a564   0x0000a564   0x0000733b   Data   RO          193    .constdata          web.o
    0x0001189f   0x0001189f   0x00000001   PAD
    0x000118a0   0x000118a0   0x000000b0   Data   RO          194    .constdata          web.o
    0x00011950   0x00011950   0x00000960   Data   RO          292    .constdata          lcd.o
    0x000122b0   0x000122b0   0x00000020   Data   RO          336    .constdata          rtc.o
    0x000122d0   0x000122d0   0x00000010   Data   RO          385    .constdata          sntp.o
    0x000122e0   0x000122e0   0x00000020   Data   RO          426    .constdata          gestor_pulsador.o
    0x00012300   0x00012300   0x00000002   Data   RO          490    .constdata          rtx_conf_cm.o
    0x00012302   0x00012302   0x00000002   PAD
    0x00012304   0x00012304   0x00000004   Data   RO          491    .constdata          rtx_conf_cm.o
    0x00012308   0x00012308   0x00000004   Data   RO          492    .constdata          rtx_conf_cm.o
    0x0001230c   0x0001230c   0x00000002   Data   RO          494    .constdata          rtx_conf_cm.o
    0x0001230e   0x0001230e   0x00000002   Data   RO          495    .constdata          rtx_conf_cm.o
    0x00012310   0x00012310   0x00000004   Data   RO          496    .constdata          rtx_conf_cm.o
    0x00012314   0x00012314   0x00000001   Data   RO          497    .constdata          rtx_conf_cm.o
    0x00012315   0x00012315   0x00000003   PAD
    0x00012318   0x00012318   0x00000020   Data   RO          498    .constdata          rtx_conf_cm.o
    0x00012338   0x00012338   0x00000002   Data   RO          499    .constdata          rtx_conf_cm.o
    0x0001233a   0x0001233a   0x00000002   PAD
    0x0001233c   0x0001233c   0x00000004   Data   RO          500    .constdata          rtx_conf_cm.o
    0x00012340   0x00012340   0x00000004   Data   RO          501    .constdata          rtx_conf_cm.o
    0x00012344   0x00012344   0x00000001   Data   RO          502    .constdata          rtx_conf_cm.o
    0x00012345   0x00012345   0x00000003   PAD
    0x00012348   0x00012348   0x00000010   Data   RO          503    .constdata          rtx_conf_cm.o
    0x00012358   0x00012358   0x00000008   Data   RO          504    .constdata          rtx_conf_cm.o
    0x00012360   0x00012360   0x00000002   Data   RO          505    .constdata          rtx_conf_cm.o
    0x00012362   0x00012362   0x00000004   Data   RO          536    .constdata          phy_dp83848c.o
    0x00012366   0x00012366   0x00000002   PAD
    0x00012368   0x00012368   0x00000020   Data   RO          537    .constdata          phy_dp83848c.o
    0x00012388   0x00012388   0x00000008   Data   RO          558    .constdata          emac_lpc17xx.o
    0x00012390   0x00012390   0x00000044   Data   RO          559    .constdata          emac_lpc17xx.o
    0x000123d4   0x000123d4   0x00000050   Data   RO          605    .constdata          ssp_lpc17xx.o
    0x00012424   0x00012424   0x0000002c   Data   RO          606    .constdata          ssp_lpc17xx.o
    0x00012450   0x00012450   0x0000003c   Data   RO          762    .constdata          net_config.o
    0x0001248c   0x0001248c   0x00000010   Data   RO          763    .constdata          net_config.o
    0x0001249c   0x0001249c   0x00000028   Data   RO          764    .constdata          net_config.o
    0x000124c4   0x000124c4   0x00000008   Data   RO          765    .constdata          net_config.o
    0x000124cc   0x000124cc   0x00000018   Data   RO          766    .constdata          net_config.o
    0x000124e4   0x000124e4   0x00000018   Data   RO          767    .constdata          net_config.o
    0x000124fc   0x000124fc   0x00000005   Data   RO          768    .constdata          net_config.o
    0x00012501   0x00012501   0x00000003   PAD
    0x00012504   0x00012504   0x0000001c   Data   RO         1443    .constdata          Net_CM3_L.lib(net_eth.o)
    0x00012520   0x00012520   0x00000008   Data   RO         1520    .constdata          Net_CM3_L.lib(net_ip.o)
    0x00012528   0x00012528   0x0000002c   Data   RO         1621    .constdata          Net_CM3_L.lib(net_tcp.o)
    0x00012554   0x00012554   0x00000008   Data   RO         1666    .constdata          Net_CM3_L.lib(net_nbns_client.o)
    0x0001255c   0x0001255c   0x000000fa   Data   RO         1716    .constdata          Net_CM3_L.lib(net_http_server.o)
    0x00012656   0x00012656   0x00000008   Data   RO         1789    .constdata          Net_CM3_L.lib(net_addr4.o)
    0x0001265e   0x0001265e   0x00000002   PAD
    0x00012660   0x00012660   0x00000008   Data   RO         1808    .constdata          Net_CM3_L.lib(net_sys.o)
    0x00012668   0x00012668   0x00000018   Data   RO         2371    .constdata          Net_CM3_L.lib(net_http_server_err.o)
    0x00012680   0x00012680   0x00000004   Data   RO         2388    .constdata          Net_CM3_L.lib(net_mem.o)
    0x00012684   0x00012684   0x0000000c   Data   RO         2482    .constdata          mc_w.l(localtime.o)
    0x00012690   0x00012690   0x00000081   Data   RO         2834    .constdata          mc_w.l(ctype_o.o)
    0x00012711   0x00012711   0x00000003   PAD
    0x00012714   0x00012714   0x00000004   Data   RO         2835    .constdata          mc_w.l(ctype_o.o)
    0x00012718   0x00012718   0x000000da   Data   RO          213    .conststring        http_server_cgi.o
    0x000127f2   0x000127f2   0x00000002   PAD
    0x000127f4   0x000127f4   0x0000001d   Data   RO          769    .conststring        net_config.o
    0x00012811   0x00012811   0x00000003   PAD
    0x00012814   0x00012814   0x0000006d   Data   RO         1622    .conststring        Net_CM3_L.lib(net_tcp.o)
    0x00012881   0x00012881   0x00000003   PAD
    0x00012884   0x00012884   0x00000203   Data   RO         2372    .conststring        Net_CM3_L.lib(net_http_server_err.o)
    0x00012a87   0x00012a87   0x00000001   PAD
    0x00012a88   0x00012a88   0x00000020   Data   RO         2871    Region$$Table       anon$$obj.o


    Execution Region RW_IRAM1 (Exec base: 0x10000000, Load base: 0x00012aa8, Size: 0x00007f20, Max: 0x00008000, ABSOLUTE, COMPRESSED[0x00000048])

    Exec Addr    Load Addr    Size         Type   Attr      Idx    E Section Name        Object

    0x10000000   COMPRESSED   0x0000000e   Data   RW            6    .data               http_server.o
    0x1000000e   COMPRESSED   0x00000001   Data   RW           11    .data               http_server.o
    0x1000000f   COMPRESSED   0x00000001   Data   RW          161    .data               pinoutconfigure.o
    0x10000010   COMPRESSED   0x00000004   Data   RW          215    .data               http_server_cgi.o
    0x10000014   COMPRESSED   0x00000010   Data   RW          261    .data               adc.o
    0x10000024   COMPRESSED   0x00000014   Data   RW          293    .data               lcd.o
    0x10000038   COMPRESSED   0x00000028   Data   RW          337    .data               rtc.o
    0x10000060   COMPRESSED   0x00000008   Data   RW          386    .data               sntp.o
    0x10000068   COMPRESSED   0x00000001   Data   RW          387    .data               sntp.o
    0x10000069   COMPRESSED   0x00000003   PAD
    0x1000006c   COMPRESSED   0x00000008   Data   RW          427    .data               gestor_pulsador.o
    0x10000074   COMPRESSED   0x00000004   Data   RW          507    .data               rtx_conf_cm.o
    0x10000078   COMPRESSED   0x00000004   Data   RW          508    .data               rtx_conf_cm.o
    0x1000007c   COMPRESSED   0x00000004   Data   RW          509    .data               rtx_conf_cm.o
    0x10000080   COMPRESSED   0x00000018   Data   RW          560    .data               emac_lpc17xx.o
    0x10000098   COMPRESSED   0x00000002   Data   RW          607    .data               ssp_lpc17xx.o
    0x1000009a   COMPRESSED   0x00000002   Data   RW          608    .data               ssp_lpc17xx.o
    0x1000009c   COMPRESSED   0x00000002   Data   RW          609    .data               ssp_lpc17xx.o
    0x1000009e   COMPRESSED   0x00000002   Data   RW          610    .data               ssp_lpc17xx.o
    0x100000a0   COMPRESSED   0x00000008   Data   RW          611    .data               ssp_lpc17xx.o
    0x100000a8   COMPRESSED   0x00000008   Data   RW          646    .data               gpdma_lpc17xx.o
    0x100000b0   COMPRESSED   0x00000004   Data   RW          730    .data               system_lpc17xx_1.o
    0x100000b4   COMPRESSED   0x00000010   Data   RW          770    .data               net_config.o
    0x100000c4   COMPRESSED   0x00000006   Data   RW          771    .data               net_config.o
    0x100000ca   COMPRESSED   0x00000014   Data   RW          772    .data               net_config.o
    0x100000de   COMPRESSED   0x00000002   PAD
    0x100000e0   COMPRESSED   0x00000008   Data   RW          902    .data               RTX_CM3.lib(rt_cmsis.o)
    0x100000e8   COMPRESSED   0x00000004   Data   RW         1444    .data               Net_CM3_L.lib(net_eth.o)
    0x100000ec   COMPRESSED   0x00000008   Data   RW         1481    .data               Net_CM3_L.lib(net_arp.o)
    0x100000f4   COMPRESSED   0x00000002   Data   RW         1568    .data               Net_CM3_L.lib(net_udp.o)
    0x100000f6   COMPRESSED   0x00000004   Data   RW         1623    .data               Net_CM3_L.lib(net_tcp.o)
    0x100000fa   COMPRESSED   0x00000001   Data   RW         1667    .data               Net_CM3_L.lib(net_nbns_client.o)
    0x100000fb   COMPRESSED   0x00000001   PAD
    0x100000fc   COMPRESSED   0x0000000c   Data   RW         1717    .data               Net_CM3_L.lib(net_http_server.o)
    0x10000108   COMPRESSED   0x00000008   Data   RW         1831    .data               RTX_CM3.lib(rt_task.o)
    0x10000110   COMPRESSED   0x00000008   Data   RW         1916    .data               RTX_CM3.lib(rt_system.o)
    0x10000118   COMPRESSED   0x00000004   Data   RW         2210    .data               RTX_CM3.lib(rt_time.o)
    0x1000011c   COMPRESSED   0x00000001   Data   RW         2329    .data               RTX_CM3.lib(hal_cm.o)
    0x1000011d   COMPRESSED   0x00000003   PAD
    0x10000120   COMPRESSED   0x00000008   Data   RW         2443    .data               RTX_CM3.lib(rt_robin.o)
    0x10000128   COMPRESSED   0x00000004   Data   RW         2801    .data               mc_w.l(errno.o)
    0x1000012c        -       0x00000020   Zero   RW          160    .bss                pinoutconfigure.o
    0x1000014c        -       0x0000003c   Zero   RW          212    .bss                http_server_cgi.o
    0x10000188        -       0x000000b2   Zero   RW          291    .bss                lcd.o
    0x1000023a   COMPRESSED   0x00000002   PAD
    0x1000023c        -       0x00000020   Zero   RW          484    .bss                rtx_conf_cm.o
    0x1000025c        -       0x000001e0   Zero   RW          485    .bss                rtx_conf_cm.o
    0x1000043c   COMPRESSED   0x00000004   PAD
    0x10000440        -       0x00000f90   Zero   RW          486    .bss                rtx_conf_cm.o
    0x100013d0        -       0x000008e8   Zero   RW          487    .bss                rtx_conf_cm.o
    0x10001cb8        -       0x00000084   Zero   RW          488    .bss                rtx_conf_cm.o
    0x10001d3c        -       0x00000024   Zero   RW          489    .bss                rtx_conf_cm.o
    0x10001d60        -       0x0000000c   Zero   RW          535    .bss                phy_dp83848c.o
    0x10001d6c   COMPRESSED   0x00000004   PAD
    0x10001d70        -       0x00002a74   Zero   RW          557    .bss                emac_lpc17xx.o
    0x100047e4        -       0x0000000c   Zero   RW          603    .bss                ssp_lpc17xx.o
    0x100047f0        -       0x0000001c   Zero   RW          604    .bss                ssp_lpc17xx.o
    0x1000480c        -       0x000000a0   Zero   RW          645    .bss                gpdma_lpc17xx.o
    0x100048ac        -       0x00002ee0   Zero   RW          757    .bss                net_config.o
    0x1000778c        -       0x0000008c   Zero   RW          758    .bss                net_config.o
    0x10007818        -       0x0000003c   Zero   RW          759    .bss                net_config.o
    0x10007854        -       0x00000198   Zero   RW          760    .bss                net_config.o
    0x100079ec        -       0x00000138   Zero   RW          761    .bss                net_config.o
    0x10007b24        -       0x00000088   Zero   RW         1442    .bss                Net_CM3_L.lib(net_eth.o)
    0x10007bac        -       0x0000000c   Zero   RW         1519    .bss                Net_CM3_L.lib(net_ip.o)
    0x10007bb8        -       0x00000010   Zero   RW         1544    .bss                Net_CM3_L.lib(net_icmp.o)
    0x10007bc8        -       0x00000010   Zero   RW         1770    .bss                Net_CM3_L.lib(net_sntp_client.o)
    0x10007bd8        -       0x00000022   Zero   RW         1788    .bss                Net_CM3_L.lib(net_addr4.o)
    0x10007bfa   COMPRESSED   0x00000002   PAD
    0x10007bfc        -       0x00000054   Zero   RW         1806    .bss                Net_CM3_L.lib(net_sys.o)
    0x10007c50        -       0x00000018   Zero   RW         1807    .bss                Net_CM3_L.lib(net_sys.o)
    0x10007c68        -       0x00000034   Zero   RW         1830    .bss                RTX_CM3.lib(rt_task.o)
    0x10007c9c        -       0x00000030   Zero   RW         2050    .bss                RTX_CM3.lib(rt_list.o)
    0x10007ccc        -       0x00000010   Zero   RW         2386    .bss                Net_CM3_L.lib(net_mem.o)
    0x10007cdc        -       0x00000014   Zero   RW         2387    .bss                Net_CM3_L.lib(net_mem.o)
    0x10007cf0        -       0x0000002c   Zero   RW         2481    .bss                mc_w.l(localtime.o)
    0x10007d1c   COMPRESSED   0x00000004   PAD
    0x10007d20        -       0x00000200   Zero   RW          716    STACK               startup_lpc17xx_1.o


==============================================================================

Image component sizes


      Code (inc. data)   RO Data    RW Data    ZI Data      Debug   Object Name

       300         20          0         16          0       1524   adc.o
      2532        100         76         24      10868      42253   emac_lpc17xx.o
       632         24         32          8          0       2124   gestor_pulsador.o
       872         20          0          8        160       5733   gpdma_lpc17xx.o
       124         10          0          0          0       1697   gpio_lpc17xx.o
       204         22         16         15          0      58072   http_server.o
      1948        560        218          4         60       3586   http_server_cgi.o
       956         96       2400         20        178       4949   lcd.o
       110          0        206         42      12920       4476   net_config.o
       432         10         36          0         12       6526   phy_dp83848c.o
       152          6          0          0          0       1492   pin_lpc17xx.o
       348         10          0          1         32       2281   pinoutconfigure.o
       620         40         32         40          0      31150   rtc.o
        28          6         88         12       6944       7382   rtx_conf_cm.o
       204         18         16          9          0       1947   sntp.o
      2956         26        124         16         40      17878   ssp_lpc17xx.o
        40         12        204          0        512       1004   startup_lpc17xx_1.o
       412         32          0          4          0       1125   system_lpc17xx_1.o
       236          6          0          0          0       1587   watchdog.o
        92         10      29679          0          0       1600   web.o

    ----------------------------------------------------------------------
     13198       1028      33180        224      31736     198386   Object Totals
         0          0         32          0          0          0   (incl. Generated)
         0          0         21          5         10          0   (incl. Padding)

    ----------------------------------------------------------------------

      Code (inc. data)   RO Data    RW Data    ZI Data      Debug   Library Member Name

       186         44          8          0         34        224   net_addr4.o
      1696        128          0          8          0       1024   net_arp.o
       324          4          0          0          0        584   net_common.o
      1152        110         28          4        136        792   net_eth.o
      5484       1186        250         12          0       2476   net_http_server.o
         0          0        539          0          0          0   net_http_server_err.o
       436         34          0          0         16        308   net_icmp.o
      1070         88          8          0         12        816   net_ip.o
       460         52          4          0         36        556   net_mem.o
       400         26          8          1          0        184   net_nbns_client.o
       432         56          0          0         16        472   net_sntp_client.o
       224         48          8          0        108        288   net_sys.o
      3932        164        153          4          0       2068   net_tcp.o
       734         40          0          2          0        624   net_udp.o
       238         24          0          1          0       3244   hal_cm.o
       304         36          0          0          0        756   hal_cm3.o
      2026        232          0          8          0      47353   rt_cmsis.o
       300         24          0          0          0       3131   rt_event.o
       566         44          0          0         48       8688   rt_list.o
       554         10          0          0          0       3889   rt_mailbox.o
       140          0          0          0          0       1889   rt_membox.o
       128          0          0          0          0       2267   rt_memory.o
       352         14          0          0          0       2073   rt_mutex.o
        96         22          0          8          0       1134   rt_robin.o
        52          4          0          0          0        565   rt_semaphore.o
       334         64          0          8          0       6991   rt_system.o
      1264        184          0          8         52      10023   rt_task.o
         6          0          0          4          0        636   rt_time.o
         4          4          0          0          0        196   svc_table.o
        56          8          0          0          0         84   __0sscanf.o
        58          0          0          0          0          0   __dczerorl.o
        28          0          0          0          0         68   _chval.o
       816          6          0          0          0        112   _scanf.o
       332          0          0          0          0         96   _scanf_int.o
        64          0          0          0          0         84   _sgetc.o
       158          0          0          0          0         92   _strtoul.o
        26          0          0          0          0         80   atoi.o
         8          4        133          0          0         68   ctype_o.o
         0          0          0          0          0          0   entry.o
         0          0          0          0          0          0   entry10a.o
         0          0          0          0          0          0   entry11a.o
         4          0          0          0          0          0   entry12b.o
         8          4          0          0          0          0   entry2.o
         4          0          0          0          0          0   entry5.o
         0          0          0          0          0          0   entry7b.o
         0          0          0          0          0          0   entry8b.o
         8          4          0          4          0         68   errno.o
        30          0          0          0          0          0   handlers.o
        36          8          0          0          0         68   init.o
        18          0          0          0          0         76   isspace_o.o
         0          0          0          0          0          0   iusefp.o
        30          0          0          0          0         68   llshl.o
        36          0          0          0          0         68   llsshr.o
        32          0          0          0          0         68   llushr.o
       148         10         12          0         44         76   localtime.o
        26          0          0          0          0         80   memcmp.o
        36          0          0          0          0         68   memcpya.o
        36          0          0          0          0        108   memseta.o
      2236         86          0          0          0        532   printfa.o
        40          8          0          0          0         84   scanf_char.o
        28          0          0          0          0         76   strcmp.o
        18          0          0          0          0         68   strcpy.o
        14          0          0          0          0         68   strlen.o
        30          0          0          0          0         80   strncmp.o
       112          0          0          0          0         88   strtol.o
        44          0          0          0          0         80   uidiv.o
        98          0          0          0          0         92   uldiv.o
        48          0          0          0          0         68   cdrcmple.o
       334          0          0          0          0        148   dadd.o
       222          0          0          0          0        100   ddiv.o
       186          0          0          0          0        176   depilogue.o
        48          0          0          0          0         68   dfixul.o
       228          0          0          0          0         96   dmul.o
        38          0          0          0          0         68   f2d.o
       110          0          0          0          0        168   fepilogue.o
        10          0          0          0          0         68   ffltui.o
       100          0          0          0          0         76   fmul.o
        24          0          0          0          0         68   fscalb.o

    ----------------------------------------------------------------------
     28918       2780       1160         76        508     106955   Library Totals
        58          0          9          4          6          0   (incl. Padding)

    ----------------------------------------------------------------------

      Code (inc. data)   RO Data    RW Data    ZI Data      Debug   Library Name

     16530       1980       1006         31        358      10416   Net_CM3_L.lib
      6364        662          0         37        100      92835   RTX_CM3.lib
      4618        138        145          4         44       2600   mc_w.l
      1348          0          0          0          0       1104   mf_w.l

    ----------------------------------------------------------------------
     28918       2780       1160         76        508     106955   Library Totals

    ----------------------------------------------------------------------

==============================================================================


      Code (inc. data)   RO Data    RW Data    ZI Data      Debug   

     42116       3808      34340        300      32244     289141   Grand Totals
     42116       3808      34340         72      32244     289141   ELF Image Totals (compressed)
     42116       3808      34340         72          0          0   ROM Totals

==============================================================================

    Total RO  Size (Code + RO Data)                76456 (  74.66kB)
    Total RW  Size (RW Data + ZI Data)             32544 (  31.78kB)
    Total ROM Size (Code + RO Data + RW Data)      76528 (  74.73kB)

==============================================================================

